<html>
<body>
<pre>
<h1>µVision Build Log</h1>
<h2>Tool Versions:</h2>
IDE-Version: µVision V5.27.1.0
Copyright (C) 2019 ARM Ltd and ARM Germany GmbH. All rights reserved.
License Information: 1 1, 1, LIC=----
 
Tool Versions:
Toolchain:       MDK-Lite  Version: 5.27.1.0
Toolchain Path:  D:\Dissertation\J\Prog\Keil_Eval\ARM\ARMCC\Bin
C Compiler:      Armcc.exe V5.06 update 6 (build 750)
Assembler:       Armasm.exe V5.06 update 6 (build 750)
Linker/Locator:  ArmLink.exe V5.06 update 6 (build 750)
Library Manager: ArmAr.exe V5.06 update 6 (build 750)
Hex Converter:   FromElf.exe V5.06 update 6 (build 750)
CPU DLL:         SARMCM3.DLL V5.27.1.0
Dialog DLL:      DARMCM1.DLL V1.19.2.0
Target DLL:      STLink\ST-LINKIII-KEIL_SWO.dll V3.0.6.0
Dialog DLL:      TARMCM1.DLL V1.14.1.0
 
<h2>Project:</h2>
D:\Dissertation\J\Hard_proj\PWM_STM\Stepper.uvprojx
Project File Date:  03/19/2021

<h2>Output:</h2>
*** Using Compiler 'V5.06 update 6 (build 750)', folder: 'D:\Dissertation\J\Prog\Keil_Eval\ARM\ARMCC\Bin'
Build target 'Target 1'
compiling main.c...
.\inc\rcc_settings.h(23): warning:  #1-D: last line of file ends without a newline
                                        
.\inc\pinout.h(28): warning:  #1-D: last line of file ends without a newline
                                                                                
.\inc\settings.h(9): warning:  #1-D: last line of file ends without a newline
                                        
src\main.c: 3 warnings, 0 errors
linking...
Program Size: Code=2716 RO-data=308 RW-data=4 ZI-data=1636  
".\Objects\Stepper.axf" - 0 Error(s), 3 Warning(s).

<h2>Software Packages used:</h2>

Package Vendor: ARM
                http://www.keil.com/pack/ARM.CMSIS.5.7.0.pack
                ARM.CMSIS.5.7.0
                CMSIS (Cortex Microcontroller Software Interface Standard)
   * Component: CORE Version: 5.4.0

Package Vendor: Keil
                http://www.keil.com/pack/Keil.STM32F0xx_DFP.2.0.0.pack
                Keil.STM32F0xx_DFP.2.0.0
                STMicroelectronics STM32F0 Series Device Support, Drivers and Examples
   * Component: COMMON Version: 1.7.0
   * Component: CORTEX Version: 1.7.0
   * Component: DMA Version: 1.7.0
   * Component: FLASH Version: 1.7.0
   * Component: GPIO Version: 1.7.0
   * Component: RCC Version: 1.7.0
   * Component: TIM Version: 1.7.0
   * Component: Startup Version: 1.0.0

<h2>Collection of Component include folders:</h2>
  .\RTE\Device\STM32F091RCTx
  .\RTE\_Target_1
  D:\Dissertation\J\Prog\Keil_Eval\Packs\ARM\CMSIS\5.7.0\CMSIS\Core\Include
  D:\Dissertation\J\Prog\Keil_Eval\Packs\Keil\STM32F0xx_DFP\2.0.0\Drivers\CMSIS\Device\ST\STM32F0xx\Include
  D:\Dissertation\J\Prog\Keil_Eval\Packs\Keil\STM32F0xx_DFP\2.0.0\Drivers\STM32F0xx_HAL_Driver\Inc
  D:\Dissertation\J\Prog\Keil_Eval\Packs\Keil\STM32F0xx_DFP\2.0.0\Drivers\STM32F0xx_HAL_Driver\Inc\Legacy

<h2>Collection of Component Files used:</h2>

   * Component: ARM::CMSIS:CORE:5.4.0

   * Component: Keil.Standalone::Device:STM32Cube HAL:COMMON:1.7.0
      Include file:  Drivers\STM32F0xx_HAL_Driver\Inc\Legacy\stm32_hal_legacy.h
      Include file:  Drivers\STM32F0xx_HAL_Driver\Inc\stm32f0xx_hal.h
      Include file:  Drivers\STM32F0xx_HAL_Driver\Inc\stm32f0xx_hal_def.h
      Source file:   Drivers\STM32F0xx_HAL_Driver\Src\stm32f0xx_hal.c
      Include file:  MDK\Templates\Inc\stm32f0xx_hal_conf.h
      Source file:   MDK\Templates\Src\stm32f0xx_hal_msp.c
      Include file:  MDK\Templates\Inc\stm32f0xx_it.h
      Source file:   MDK\Templates\Src\stm32f0xx_it.c
      Include file:  MDK\Templates\Inc\main.h
      Source file:   MDK\Templates\Src\main.c

   * Component: Keil.Standalone::Device:STM32Cube HAL:CORTEX:1.7.0
      Source file:   Drivers\STM32F0xx_HAL_Driver\Src\stm32f0xx_hal_cortex.c

   * Component: Keil.Standalone::Device:STM32Cube HAL:DMA:1.7.0
      Source file:   Drivers\STM32F0xx_HAL_Driver\Src\stm32f0xx_hal_dma.c

   * Component: Keil.Standalone::Device:STM32Cube HAL:FLASH:1.7.0
      Source file:   Drivers\STM32F0xx_HAL_Driver\Src\stm32f0xx_hal_flash.c
      Source file:   Drivers\STM32F0xx_HAL_Driver\Src\stm32f0xx_hal_flash_ex.c

   * Component: Keil.Standalone::Device:STM32Cube HAL:GPIO:1.7.0
      Source file:   Drivers\STM32F0xx_HAL_Driver\Src\stm32f0xx_hal_gpio.c

   * Component: Keil.Standalone::Device:STM32Cube HAL:RCC:1.7.0
      Source file:   Drivers\STM32F0xx_HAL_Driver\Src\stm32f0xx_hal_rcc.c
      Source file:   Drivers\STM32F0xx_HAL_Driver\Src\stm32f0xx_hal_rcc_ex.c

   * Component: Keil.Standalone::Device:STM32Cube HAL:TIM:1.7.0
      Source file:   Drivers\STM32F0xx_HAL_Driver\Src\stm32f0xx_hal_tim.c
      Source file:   Drivers\STM32F0xx_HAL_Driver\Src\stm32f0xx_hal_tim_ex.c

   * Component: Keil.Standalone::Device:Startup:1.0.0
      Source file:   MDK\Device\Source\ARM\STM32F0xx_OPT.s
      Include file:  Drivers\CMSIS\Device\ST\STM32F0xx\Include\stm32f0xx.h
      Source file:   Drivers\CMSIS\Device\ST\STM32F0xx\Source\Templates\arm\startup_stm32f091xc.s
      Source file:   Drivers\CMSIS\Device\ST\STM32F0xx\Source\Templates\system_stm32f0xx.c
Build Time Elapsed:  00:00:08
</pre>
</body>
</html>
