Component: ARM Compiler 6.15 Tool: armlink [5dd79300]

==============================================================================

Section Cross References

    startup_stm32f091xc.o(RESET) refers to startup_stm32f091xc.o(STACK) for __initial_sp
    startup_stm32f091xc.o(RESET) refers to startup_stm32f091xc.o(.text) for Reset_Handler
    startup_stm32f091xc.o(RESET) refers to stm32f0xx_it.o(.text.NMI_Handler) for NMI_Handler
    startup_stm32f091xc.o(RESET) refers to stm32f0xx_it.o(.text.HardFault_Handler) for HardFault_Handler
    startup_stm32f091xc.o(RESET) refers to stm32f0xx_it.o(.text.SVC_Handler) for SVC_Handler
    startup_stm32f091xc.o(RESET) refers to stm32f0xx_it.o(.text.PendSV_Handler) for PendSV_Handler
    startup_stm32f091xc.o(RESET) refers to stm32f0xx_it.o(.text.SysTick_Handler) for SysTick_Handler
    startup_stm32f091xc.o(RESET) refers to stm32f0xx_it.o(.text.DMA1_Ch1_IRQHandler) for DMA1_Ch1_IRQHandler
    startup_stm32f091xc.o(RESET) refers to stm32f0xx_it.o(.text.DMA1_Ch2_3_DMA2_Ch1_2_IRQHandler) for DMA1_Ch2_3_DMA2_Ch1_2_IRQHandler
    startup_stm32f091xc.o(RESET) refers to stm32f0xx_it.o(.text.TIM1_BRK_UP_TRG_COM_IRQHandler) for TIM1_BRK_UP_TRG_COM_IRQHandler
    startup_stm32f091xc.o(.text) refers to system_stm32f0xx.o(.text.SystemInit) for SystemInit
    startup_stm32f091xc.o(.text) refers to entry.o(.ARM.Collect$$$$00000000) for __main
    main.o(.text.main) refers to stm32f0xx_hal.o(.text.HAL_Init) for HAL_Init
    main.o(.text.main) refers to main.o(.text.SystemClock_Config) for SystemClock_Config
    main.o(.text.main) refers to gpio.o(.text.MX_GPIO_Init) for MX_GPIO_Init
    main.o(.text.main) refers to dma.o(.text.MX_DMA_Init) for MX_DMA_Init
    main.o(.text.main) refers to usart.o(.text.MX_USART2_UART_Init) for MX_USART2_UART_Init
    main.o(.text.main) refers to usart.o(.text.MX_USART3_UART_Init) for MX_USART3_UART_Init
    main.o(.text.main) refers to tim.o(.text.MX_TIM1_Init) for MX_TIM1_Init
    main.o(.text.main) refers to tim.o(.text.MX_TIM2_Init) for MX_TIM2_Init
    main.o(.text.main) refers to tim.o(.text.MX_TIM3_Init) for MX_TIM3_Init
    main.o(.ARM.exidx.text.main) refers to main.o(.text.main) for [Anonymous Symbol]
    main.o(.text.SystemClock_Config) refers to memseta.o(.text) for __aeabi_memclr4
    main.o(.text.SystemClock_Config) refers to stm32f0xx_hal_rcc.o(.text.HAL_RCC_OscConfig) for HAL_RCC_OscConfig
    main.o(.text.SystemClock_Config) refers to stm32f0xx_hal_rcc.o(.text.HAL_RCC_ClockConfig) for HAL_RCC_ClockConfig
    main.o(.text.SystemClock_Config) refers to stm32f0xx_hal_rcc_ex.o(.text.HAL_RCCEx_PeriphCLKConfig) for HAL_RCCEx_PeriphCLKConfig
    main.o(.text.SystemClock_Config) refers to main.o(.text.Error_Handler) for Error_Handler
    main.o(.ARM.exidx.text.SystemClock_Config) refers to main.o(.text.SystemClock_Config) for [Anonymous Symbol]
    main.o(.ARM.exidx.text.Error_Handler) refers to main.o(.text.Error_Handler) for [Anonymous Symbol]
    main.o(.ARM.exidx.text.assert_failed) refers to main.o(.text.assert_failed) for [Anonymous Symbol]
    gpio.o(.ARM.exidx.text.MX_GPIO_Init) refers to gpio.o(.text.MX_GPIO_Init) for [Anonymous Symbol]
    dma.o(.text.MX_DMA_Init) refers to stm32f0xx_hal_cortex.o(.text.HAL_NVIC_SetPriority) for HAL_NVIC_SetPriority
    dma.o(.text.MX_DMA_Init) refers to stm32f0xx_hal_cortex.o(.text.HAL_NVIC_EnableIRQ) for HAL_NVIC_EnableIRQ
    dma.o(.ARM.exidx.text.MX_DMA_Init) refers to dma.o(.text.MX_DMA_Init) for [Anonymous Symbol]
    tim.o(.text.MX_TIM1_Init) refers to stm32f0xx_hal_tim.o(.text.HAL_TIM_Base_Init) for HAL_TIM_Base_Init
    tim.o(.text.MX_TIM1_Init) refers to main.o(.text.Error_Handler) for Error_Handler
    tim.o(.text.MX_TIM1_Init) refers to stm32f0xx_hal_tim.o(.text.HAL_TIM_ConfigClockSource) for HAL_TIM_ConfigClockSource
    tim.o(.text.MX_TIM1_Init) refers to stm32f0xx_hal_tim.o(.text.HAL_TIM_PWM_Init) for HAL_TIM_PWM_Init
    tim.o(.text.MX_TIM1_Init) refers to stm32f0xx_hal_tim_ex.o(.text.HAL_TIMEx_MasterConfigSynchronization) for HAL_TIMEx_MasterConfigSynchronization
    tim.o(.text.MX_TIM1_Init) refers to stm32f0xx_hal_tim.o(.text.HAL_TIM_PWM_ConfigChannel) for HAL_TIM_PWM_ConfigChannel
    tim.o(.text.MX_TIM1_Init) refers to stm32f0xx_hal_tim_ex.o(.text.HAL_TIMEx_ConfigBreakDeadTime) for HAL_TIMEx_ConfigBreakDeadTime
    tim.o(.text.MX_TIM1_Init) refers to tim.o(.text.HAL_TIM_MspPostInit) for HAL_TIM_MspPostInit
    tim.o(.text.MX_TIM1_Init) refers to tim.o(.bss.htim1) for htim1
    tim.o(.ARM.exidx.text.MX_TIM1_Init) refers to tim.o(.text.MX_TIM1_Init) for [Anonymous Symbol]
    tim.o(.text.HAL_TIM_MspPostInit) refers to stm32f0xx_hal_gpio.o(.text.HAL_GPIO_Init) for HAL_GPIO_Init
    tim.o(.ARM.exidx.text.HAL_TIM_MspPostInit) refers to tim.o(.text.HAL_TIM_MspPostInit) for [Anonymous Symbol]
    tim.o(.text.MX_TIM2_Init) refers to stm32f0xx_hal_tim.o(.text.HAL_TIM_Base_Init) for HAL_TIM_Base_Init
    tim.o(.text.MX_TIM2_Init) refers to main.o(.text.Error_Handler) for Error_Handler
[...]
    Removing stm32f0xx_hal_flash_ex.o(.ARM.exidx.text.FLASH_MassErase), (8 bytes).
    Removing stm32f0xx_hal_flash_ex.o(.text.FLASH_PageErase), (36 bytes).
    Removing stm32f0xx_hal_flash_ex.o(.ARM.exidx.text.FLASH_PageErase), (8 bytes).
    Removing stm32f0xx_hal_flash_ex.o(.text.HAL_FLASHEx_Erase_IT), (160 bytes).
    Removing stm32f0xx_hal_flash_ex.o(.ARM.exidx.text.HAL_FLASHEx_Erase_IT), (8 bytes).
    Removing stm32f0xx_hal_flash_ex.o(.text.HAL_FLASHEx_OBErase), (88 bytes).
    Removing stm32f0xx_hal_flash_ex.o(.ARM.exidx.text.HAL_FLASHEx_OBErase), (8 bytes).
    Removing stm32f0xx_hal_flash_ex.o(.text.FLASH_OB_GetRDP), (32 bytes).
    Removing stm32f0xx_hal_flash_ex.o(.ARM.exidx.text.FLASH_OB_GetRDP), (8 bytes).
    Removing stm32f0xx_hal_flash_ex.o(.text.FLASH_OB_RDP_LevelConfig), (128 bytes).
    Removing stm32f0xx_hal_flash_ex.o(.ARM.exidx.text.FLASH_OB_RDP_LevelConfig), (8 bytes).
    Removing stm32f0xx_hal_flash_ex.o(.text.HAL_FLASHEx_OBProgram), (152 bytes).
    Removing stm32f0xx_hal_flash_ex.o(.ARM.exidx.text.HAL_FLASHEx_OBProgram), (8 bytes).
    Removing stm32f0xx_hal_flash_ex.o(.text.FLASH_OB_EnableWRP), (212 bytes).
    Removing stm32f0xx_hal_flash_ex.o(.ARM.exidx.text.FLASH_OB_EnableWRP), (8 bytes).
    Removing stm32f0xx_hal_flash_ex.o(.text.FLASH_OB_DisableWRP), (212 bytes).
    Removing stm32f0xx_hal_flash_ex.o(.ARM.exidx.text.FLASH_OB_DisableWRP), (8 bytes).
    Removing stm32f0xx_hal_flash_ex.o(.text.FLASH_OB_UserConfig), (76 bytes).
    Removing stm32f0xx_hal_flash_ex.o(.ARM.exidx.text.FLASH_OB_UserConfig), (8 bytes).
    Removing stm32f0xx_hal_flash_ex.o(.text.FLASH_OB_ProgramData), (104 bytes).
    Removing stm32f0xx_hal_flash_ex.o(.ARM.exidx.text.FLASH_OB_ProgramData), (8 bytes).
    Removing stm32f0xx_hal_flash_ex.o(.text.HAL_FLASHEx_OBGetConfig), (28 bytes).
    Removing stm32f0xx_hal_flash_ex.o(.ARM.exidx.text.HAL_FLASHEx_OBGetConfig), (8 bytes).
    Removing stm32f0xx_hal_flash_ex.o(.text.FLASH_OB_GetWRP), (12 bytes).
    Removing stm32f0xx_hal_flash_ex.o(.ARM.exidx.text.FLASH_OB_GetWRP), (8 bytes).
    Removing stm32f0xx_hal_flash_ex.o(.text.FLASH_OB_GetUser), (16 bytes).
    Removing stm32f0xx_hal_flash_ex.o(.ARM.exidx.text.FLASH_OB_GetUser), (8 bytes).
    Removing stm32f0xx_hal_flash_ex.o(.text.HAL_FLASHEx_OBGetUserData), (28 bytes).
    Removing stm32f0xx_hal_flash_ex.o(.ARM.exidx.text.HAL_FLASHEx_OBGetUserData), (8 bytes).
    Removing stm32f0xx_hal_flash_ex.o(.rodata.str1.1), (61 bytes).
    Removing stm32f0xx_hal_exti.o(.text), (0 bytes).
    Removing stm32f0xx_hal_exti.o(.text.HAL_EXTI_SetConfigLine), (284 bytes).
    Removing stm32f0xx_hal_exti.o(.ARM.exidx.text.HAL_EXTI_SetConfigLine), (8 bytes).
    Removing stm32f0xx_hal_exti.o(.text.HAL_EXTI_GetConfigLine), (204 bytes).
    Removing stm32f0xx_hal_exti.o(.ARM.exidx.text.HAL_EXTI_GetConfigLine), (8 bytes).
    Removing stm32f0xx_hal_exti.o(.text.HAL_EXTI_ClearConfigLine), (172 bytes).
    Removing stm32f0xx_hal_exti.o(.ARM.exidx.text.HAL_EXTI_ClearConfigLine), (8 bytes).
    Removing stm32f0xx_hal_exti.o(.text.HAL_EXTI_RegisterCallback), (14 bytes).
    Removing stm32f0xx_hal_exti.o(.ARM.exidx.text.HAL_EXTI_RegisterCallback), (8 bytes).
    Removing stm32f0xx_hal_exti.o(.text.HAL_EXTI_GetHandle), (76 bytes).
    Removing stm32f0xx_hal_exti.o(.ARM.exidx.text.HAL_EXTI_GetHandle), (8 bytes).
    Removing stm32f0xx_hal_exti.o(.text.HAL_EXTI_IRQHandler), (36 bytes).
    Removing stm32f0xx_hal_exti.o(.ARM.exidx.text.HAL_EXTI_IRQHandler), (8 bytes).
    Removing stm32f0xx_hal_exti.o(.text.HAL_EXTI_GetPending), (116 bytes).
    Removing stm32f0xx_hal_exti.o(.ARM.exidx.text.HAL_EXTI_GetPending), (8 bytes).
    Removing stm32f0xx_hal_exti.o(.text.HAL_EXTI_ClearPending), (112 bytes).
    Removing stm32f0xx_hal_exti.o(.ARM.exidx.text.HAL_EXTI_ClearPending), (8 bytes).
    Removing stm32f0xx_hal_exti.o(.text.HAL_EXTI_GenerateSWI), (96 bytes).
    Removing stm32f0xx_hal_exti.o(.ARM.exidx.text.HAL_EXTI_GenerateSWI), (8 bytes).
    Removing stm32f0xx_hal_exti.o(.rodata.str1.1), (57 bytes).
    Removing stm32f0xx_hal_uart.o(.text), (0 bytes).
    Removing stm32f0xx_hal_uart.o(.ARM.exidx.text.HAL_UART_Init), (8 bytes).
    Removing stm32f0xx_hal_uart.o(.text.HAL_UART_MspInit), (2 bytes).
    Removing stm32f0xx_hal_uart.o(.ARM.exidx.text.HAL_UART_MspInit), (8 bytes).
    Removing stm32f0xx_hal_uart.o(.ARM.exidx.text.UART_SetConfig), (8 bytes).
    Removing stm32f0xx_hal_uart.o(.ARM.exidx.text.UART_AdvFeatureConfig), (8 bytes).
    Removing stm32f0xx_hal_uart.o(.ARM.exidx.text.UART_CheckIdleState), (8 bytes).
    Removing stm32f0xx_hal_uart.o(.text.HAL_HalfDuplex_Init), (236 bytes).
    Removing stm32f0xx_hal_uart.o(.ARM.exidx.text.HAL_HalfDuplex_Init), (8 bytes).
    Removing stm32f0xx_hal_uart.o(.text.HAL_LIN_Init), (212 bytes).
    Removing stm32f0xx_hal_uart.o(.ARM.exidx.text.HAL_LIN_Init), (8 bytes).
    Removing stm32f0xx_hal_uart.o(.text.HAL_MultiProcessor_Init), (168 bytes).
    Removing stm32f0xx_hal_uart.o(.ARM.exidx.text.HAL_MultiProcessor_Init), (8 bytes).
    Removing stm32f0xx_hal_uart.o(.text.HAL_UART_DeInit), (184 bytes).
    Removing stm32f0xx_hal_uart.o(.ARM.exidx.text.HAL_UART_DeInit), (8 bytes).
    Removing stm32f0xx_hal_uart.o(.text.HAL_UART_MspDeInit), (2 bytes).
    Removing stm32f0xx_hal_uart.o(.ARM.exidx.text.HAL_UART_MspDeInit), (8 bytes).
    Removing stm32f0xx_hal_uart.o(.text.HAL_UART_Transmit), (252 bytes).
    Removing stm32f0xx_hal_uart.o(.ARM.exidx.text.HAL_UART_Transmit), (8 bytes).
    Removing stm32f0xx_hal_uart.o(.ARM.exidx.text.UART_WaitOnFlagUntilTimeout), (8 bytes).
    Removing stm32f0xx_hal_uart.o(.text.HAL_UART_Receive), (308 bytes).
    Removing stm32f0xx_hal_uart.o(.ARM.exidx.text.HAL_UART_Receive), (8 bytes).
    Removing stm32f0xx_hal_uart.o(.text.HAL_UART_Transmit_IT), (132 bytes).
    Removing stm32f0xx_hal_uart.o(.ARM.exidx.text.HAL_UART_Transmit_IT), (8 bytes).
    Removing stm32f0xx_hal_uart.o(.text.UART_TxISR_16BIT), (68 bytes).
    Removing stm32f0xx_hal_uart.o(.ARM.exidx.text.UART_TxISR_16BIT), (8 bytes).
    Removing stm32f0xx_hal_uart.o(.text.UART_TxISR_8BIT), (60 bytes).
    Removing stm32f0xx_hal_uart.o(.ARM.exidx.text.UART_TxISR_8BIT), (8 bytes).
    Removing stm32f0xx_hal_uart.o(.text.HAL_UART_Receive_IT), (92 bytes).
    Removing stm32f0xx_hal_uart.o(.ARM.exidx.text.HAL_UART_Receive_IT), (8 bytes).
    Removing stm32f0xx_hal_uart.o(.text.UART_Start_Receive_IT), (140 bytes).
    Removing stm32f0xx_hal_uart.o(.ARM.exidx.text.UART_Start_Receive_IT), (8 bytes).
    Removing stm32f0xx_hal_uart.o(.text.HAL_UART_Transmit_DMA), (168 bytes).
    Removing stm32f0xx_hal_uart.o(.ARM.exidx.text.HAL_UART_Transmit_DMA), (8 bytes).
    Removing stm32f0xx_hal_uart.o(.text.UART_DMATransmitCplt), (44 bytes).
    Removing stm32f0xx_hal_uart.o(.ARM.exidx.text.UART_DMATransmitCplt), (8 bytes).
    Removing stm32f0xx_hal_uart.o(.text.UART_DMATxHalfCplt), (10 bytes).
    Removing stm32f0xx_hal_uart.o(.ARM.exidx.text.UART_DMATxHalfCplt), (8 bytes).
    Removing stm32f0xx_hal_uart.o(.text.UART_DMAError), (84 bytes).
    Removing stm32f0xx_hal_uart.o(.ARM.exidx.text.UART_DMAError), (8 bytes).
    Removing stm32f0xx_hal_uart.o(.text.HAL_UART_Receive_DMA), (94 bytes).
    Removing stm32f0xx_hal_uart.o(.ARM.exidx.text.HAL_UART_Receive_DMA), (8 bytes).
    Removing stm32f0xx_hal_uart.o(.text.UART_Start_Receive_DMA), (120 bytes).
    Removing stm32f0xx_hal_uart.o(.ARM.exidx.text.UART_Start_Receive_DMA), (8 bytes).
    Removing stm32f0xx_hal_uart.o(.text.HAL_UART_DMAPause), (84 bytes).
    Removing stm32f0xx_hal_uart.o(.ARM.exidx.text.HAL_UART_DMAPause), (8 bytes).
    Removing stm32f0xx_hal_uart.o(.text.HAL_UART_DMAResume), (78 bytes).
    Removing stm32f0xx_hal_uart.o(.ARM.exidx.text.HAL_UART_DMAResume), (8 bytes).
    Removing stm32f0xx_hal_uart.o(.text.HAL_UART_DMAStop), (134 bytes).
    Removing stm32f0xx_hal_uart.o(.ARM.exidx.text.HAL_UART_DMAStop), (8 bytes).
    Removing stm32f0xx_hal_uart.o(.text.UART_EndTxTransfer), (16 bytes).
    Removing stm32f0xx_hal_uart.o(.ARM.exidx.text.UART_EndTxTransfer), (8 bytes).
    Removing stm32f0xx_hal_uart.o(.text.UART_EndRxTransfer), (46 bytes).
    Removing stm32f0xx_hal_uart.o(.ARM.exidx.text.UART_EndRxTransfer), (8 bytes).
    Removing stm32f0xx_hal_uart.o(.text.HAL_UART_Abort), (172 bytes).
    Removing stm32f0xx_hal_uart.o(.ARM.exidx.text.HAL_UART_Abort), (8 bytes).
    Removing stm32f0xx_hal_uart.o(.text.HAL_UART_AbortTransmit), (80 bytes).
    Removing stm32f0xx_hal_uart.o(.ARM.exidx.text.HAL_UART_AbortTransmit), (8 bytes).
    Removing stm32f0xx_hal_uart.o(.text.HAL_UART_AbortReceive), (120 bytes).
    Removing stm32f0xx_hal_uart.o(.ARM.exidx.text.HAL_UART_AbortReceive), (8 bytes).
    Removing stm32f0xx_hal_uart.o(.text.HAL_UART_Abort_IT), (224 bytes).
    Removing stm32f0xx_hal_uart.o(.ARM.exidx.text.HAL_UART_Abort_IT), (8 bytes).
    Removing stm32f0xx_hal_uart.o(.text.UART_DMATxAbortCallback), (58 bytes).
    Removing stm32f0xx_hal_uart.o(.ARM.exidx.text.UART_DMATxAbortCallback), (8 bytes).
    Removing stm32f0xx_hal_uart.o(.text.UART_DMARxAbortCallback), (66 bytes).
    Removing stm32f0xx_hal_uart.o(.ARM.exidx.text.UART_DMARxAbortCallback), (8 bytes).
    Removing stm32f0xx_hal_uart.o(.text.HAL_UART_AbortCpltCallback), (2 bytes).
    Removing stm32f0xx_hal_uart.o(.ARM.exidx.text.HAL_UART_AbortCpltCallback), (8 bytes).
    Removing stm32f0xx_hal_uart.o(.text.HAL_UART_AbortTransmit_IT), (104 bytes).
    Removing stm32f0xx_hal_uart.o(.ARM.exidx.text.HAL_UART_AbortTransmit_IT), (8 bytes).
    Removing stm32f0xx_hal_uart.o(.text.UART_DMATxOnlyAbortCallback), (20 bytes).
    Removing stm32f0xx_hal_uart.o(.ARM.exidx.text.UART_DMATxOnlyAbortCallback), (8 bytes).
    Removing stm32f0xx_hal_uart.o(.text.HAL_UART_AbortTransmitCpltCallback), (2 bytes).
    Removing stm32f0xx_hal_uart.o(.ARM.exidx.text.HAL_UART_AbortTransmitCpltCallback), (8 bytes).
    Removing stm32f0xx_hal_uart.o(.text.HAL_UART_AbortReceive_IT), (148 bytes).
    Removing stm32f0xx_hal_uart.o(.ARM.exidx.text.HAL_UART_AbortReceive_IT), (8 bytes).
    Removing stm32f0xx_hal_uart.o(.text.UART_DMARxOnlyAbortCallback), (36 bytes).
    Removing stm32f0xx_hal_uart.o(.ARM.exidx.text.UART_DMARxOnlyAbortCallback), (8 bytes).
    Removing stm32f0xx_hal_uart.o(.text.HAL_UART_AbortReceiveCpltCallback), (2 bytes).
    Removing stm32f0xx_hal_uart.o(.ARM.exidx.text.HAL_UART_AbortReceiveCpltCallback), (8 bytes).
    Removing stm32f0xx_hal_uart.o(.text.HAL_UART_IRQHandler), (572 bytes).
    Removing stm32f0xx_hal_uart.o(.ARM.exidx.text.HAL_UART_IRQHandler), (8 bytes).
    Removing stm32f0xx_hal_uart.o(.text.UART_DMAAbortOnError), (22 bytes).
    Removing stm32f0xx_hal_uart.o(.ARM.exidx.text.UART_DMAAbortOnError), (8 bytes).
    Removing stm32f0xx_hal_uart.o(.text.HAL_UART_ErrorCallback), (2 bytes).
    Removing stm32f0xx_hal_uart.o(.ARM.exidx.text.HAL_UART_ErrorCallback), (8 bytes).
    Removing stm32f0xx_hal_uart.o(.text.HAL_UARTEx_RxEventCallback), (2 bytes).
    Removing stm32f0xx_hal_uart.o(.ARM.exidx.text.HAL_UARTEx_RxEventCallback), (8 bytes).
    Removing stm32f0xx_hal_uart.o(.text.UART_EndTransmit_IT), (26 bytes).
    Removing stm32f0xx_hal_uart.o(.ARM.exidx.text.UART_EndTransmit_IT), (8 bytes).
    Removing stm32f0xx_hal_uart.o(.text.HAL_UART_TxCpltCallback), (2 bytes).
    Removing stm32f0xx_hal_uart.o(.ARM.exidx.text.HAL_UART_TxCpltCallback), (8 bytes).
    Removing stm32f0xx_hal_uart.o(.text.HAL_UART_TxHalfCpltCallback), (2 bytes).
    Removing stm32f0xx_hal_uart.o(.ARM.exidx.text.HAL_UART_TxHalfCpltCallback), (8 bytes).
    Removing stm32f0xx_hal_uart.o(.text.HAL_UART_RxCpltCallback), (2 bytes).
    Removing stm32f0xx_hal_uart.o(.ARM.exidx.text.HAL_UART_RxCpltCallback), (8 bytes).
    Removing stm32f0xx_hal_uart.o(.text.HAL_UART_RxHalfCpltCallback), (2 bytes).
    Removing stm32f0xx_hal_uart.o(.ARM.exidx.text.HAL_UART_RxHalfCpltCallback), (8 bytes).
    Removing stm32f0xx_hal_uart.o(.text.HAL_UART_ReceiverTimeout_Config), (44 bytes).
    Removing stm32f0xx_hal_uart.o(.ARM.exidx.text.HAL_UART_ReceiverTimeout_Config), (8 bytes).
    Removing stm32f0xx_hal_uart.o(.text.HAL_UART_EnableReceiverTimeout), (50 bytes).
    Removing stm32f0xx_hal_uart.o(.ARM.exidx.text.HAL_UART_EnableReceiverTimeout), (8 bytes).
    Removing stm32f0xx_hal_uart.o(.text.HAL_UART_DisableReceiverTimeout), (50 bytes).
    Removing stm32f0xx_hal_uart.o(.ARM.exidx.text.HAL_UART_DisableReceiverTimeout), (8 bytes).
    Removing stm32f0xx_hal_uart.o(.text.HAL_MultiProcessor_EnableMuteMode), (46 bytes).
    Removing stm32f0xx_hal_uart.o(.ARM.exidx.text.HAL_MultiProcessor_EnableMuteMode), (8 bytes).
    Removing stm32f0xx_hal_uart.o(.text.HAL_MultiProcessor_DisableMuteMode), (46 bytes).
    Removing stm32f0xx_hal_uart.o(.ARM.exidx.text.HAL_MultiProcessor_DisableMuteMode), (8 bytes).
    Removing stm32f0xx_hal_uart.o(.text.HAL_MultiProcessor_EnterMuteMode), (12 bytes).
    Removing stm32f0xx_hal_uart.o(.ARM.exidx.text.HAL_MultiProcessor_EnterMuteMode), (8 bytes).
    Removing stm32f0xx_hal_uart.o(.text.HAL_HalfDuplex_EnableTransmitter), (52 bytes).
    Removing stm32f0xx_hal_uart.o(.ARM.exidx.text.HAL_HalfDuplex_EnableTransmitter), (8 bytes).
    Removing stm32f0xx_hal_uart.o(.text.HAL_HalfDuplex_EnableReceiver), (52 bytes).
    Removing stm32f0xx_hal_uart.o(.ARM.exidx.text.HAL_HalfDuplex_EnableReceiver), (8 bytes).
    Removing stm32f0xx_hal_uart.o(.text.HAL_LIN_SendBreak), (92 bytes).
    Removing stm32f0xx_hal_uart.o(.ARM.exidx.text.HAL_LIN_SendBreak), (8 bytes).
    Removing stm32f0xx_hal_uart.o(.text.HAL_UART_GetState), (8 bytes).
    Removing stm32f0xx_hal_uart.o(.ARM.exidx.text.HAL_UART_GetState), (8 bytes).
    Removing stm32f0xx_hal_uart.o(.text.HAL_UART_GetError), (6 bytes).
    Removing stm32f0xx_hal_uart.o(.ARM.exidx.text.HAL_UART_GetError), (8 bytes).
    Removing stm32f0xx_hal_uart.o(.text.UART_RxISR_16BIT), (118 bytes).
    Removing stm32f0xx_hal_uart.o(.ARM.exidx.text.UART_RxISR_16BIT), (8 bytes).
    Removing stm32f0xx_hal_uart.o(.text.UART_RxISR_8BIT), (122 bytes).
    Removing stm32f0xx_hal_uart.o(.ARM.exidx.text.UART_RxISR_8BIT), (8 bytes).
    Removing stm32f0xx_hal_uart.o(.text.UART_DMAReceiveCplt), (84 bytes).
    Removing stm32f0xx_hal_uart.o(.ARM.exidx.text.UART_DMAReceiveCplt), (8 bytes).
    Removing stm32f0xx_hal_uart.o(.text.UART_DMARxHalfCplt), (28 bytes).
    Removing stm32f0xx_hal_uart.o(.ARM.exidx.text.UART_DMARxHalfCplt), (8 bytes).
    Removing stm32f0xx_hal_uart_ex.o(.text), (0 bytes).
    Removing stm32f0xx_hal_uart_ex.o(.text.HAL_RS485Ex_Init), (304 bytes).
    Removing stm32f0xx_hal_uart_ex.o(.ARM.exidx.text.HAL_RS485Ex_Init), (8 bytes).
    Removing stm32f0xx_hal_uart_ex.o(.text.HAL_UARTEx_WakeupCallback), (2 bytes).
    Removing stm32f0xx_hal_uart_ex.o(.ARM.exidx.text.HAL_UARTEx_WakeupCallback), (8 bytes).
    Removing stm32f0xx_hal_uart_ex.o(.text.HAL_MultiProcessorEx_AddressLength_Set), (72 bytes).
    Removing stm32f0xx_hal_uart_ex.o(.ARM.exidx.text.HAL_MultiProcessorEx_AddressLength_Set), (8 bytes).
    Removing stm32f0xx_hal_uart_ex.o(.text.HAL_UARTEx_StopModeWakeUpSourceConfig), (204 bytes).
    Removing stm32f0xx_hal_uart_ex.o(.ARM.exidx.text.HAL_UARTEx_StopModeWakeUpSourceConfig), (8 bytes).
    Removing stm32f0xx_hal_uart_ex.o(.text.UARTEx_Wakeup_AddressConfig), (64 bytes).
    Removing stm32f0xx_hal_uart_ex.o(.ARM.exidx.text.UARTEx_Wakeup_AddressConfig), (8 bytes).
    Removing stm32f0xx_hal_uart_ex.o(.text.HAL_UARTEx_EnableStopMode), (34 bytes).
    Removing stm32f0xx_hal_uart_ex.o(.ARM.exidx.text.HAL_UARTEx_EnableStopMode), (8 bytes).
    Removing stm32f0xx_hal_uart_ex.o(.text.HAL_UARTEx_DisableStopMode), (34 bytes).
    Removing stm32f0xx_hal_uart_ex.o(.ARM.exidx.text.HAL_UARTEx_DisableStopMode), (8 bytes).
    Removing stm32f0xx_hal_uart_ex.o(.text.HAL_UARTEx_ReceiveToIdle), (368 bytes).
    Removing stm32f0xx_hal_uart_ex.o(.ARM.exidx.text.HAL_UARTEx_ReceiveToIdle), (8 bytes).
    Removing stm32f0xx_hal_uart_ex.o(.text.HAL_UARTEx_ReceiveToIdle_IT), (110 bytes).
    Removing stm32f0xx_hal_uart_ex.o(.ARM.exidx.text.HAL_UARTEx_ReceiveToIdle_IT), (8 bytes).
    Removing stm32f0xx_hal_uart_ex.o(.text.HAL_UARTEx_ReceiveToIdle_DMA), (110 bytes).
    Removing stm32f0xx_hal_uart_ex.o(.ARM.exidx.text.HAL_UARTEx_ReceiveToIdle_DMA), (8 bytes).
    Removing stm32f0xx_hal_uart_ex.o(.rodata.str1.1), (60 bytes).
    Removing system_stm32f0xx.o(.text), (0 bytes).
    Removing system_stm32f0xx.o(.ARM.exidx.text.SystemInit), (8 bytes).
    Removing system_stm32f0xx.o(.text.SystemCoreClockUpdate), (112 bytes).
    Removing system_stm32f0xx.o(.ARM.exidx.text.SystemCoreClockUpdate), (8 bytes).

961 unused section(s) (total 58780 bytes) removed from the image.

==============================================================================

Image Symbol Table

    Local Symbols

    Symbol Name                              Value     Ov Type        Size  Object(Section)

    ../clib/division.s                       0x00000000   Number         0  aeabi_sdivfast.o ABSOLUTE
    ../clib/division.s                       0x00000000   Number         0  aeabi_sdivfast_div0.o ABSOLUTE
    ../clib/microlib/division.c              0x00000000   Number         0  uidiv.o ABSOLUTE
    ../clib/microlib/division.c              0x00000000   Number         0  uidiv_div0.o ABSOLUTE
    ../clib/microlib/division.c              0x00000000   Number         0  idiv_div0.o ABSOLUTE
    ../clib/microlib/division.c              0x00000000   Number         0  idiv0.o ABSOLUTE
    ../clib/microlib/init/entry.s            0x00000000   Number         0  entry.o ABSOLUTE
    ../clib/microlib/init/entry.s            0x00000000   Number         0  entry2.o ABSOLUTE
    ../clib/microlib/init/entry.s            0x00000000   Number         0  entry5.o ABSOLUTE
    ../clib/microlib/init/entry.s            0x00000000   Number         0  entry7a.o ABSOLUTE
    ../clib/microlib/init/entry.s            0x00000000   Number         0  entry7b.o ABSOLUTE
    ../clib/microlib/init/entry.s            0x00000000   Number         0  entry8a.o ABSOLUTE
    ../clib/microlib/init/entry.s            0x00000000   Number         0  entry8b.o ABSOLUTE
    ../clib/microlib/init/entry.s            0x00000000   Number         0  entry9a.o ABSOLUTE
    ../clib/microlib/init/entry.s            0x00000000   Number         0  entry9b.o ABSOLUTE
    ../clib/microlib/init/entry.s            0x00000000   Number         0  entry10a.o ABSOLUTE
    ../clib/microlib/init/entry.s            0x00000000   Number         0  entry10b.o ABSOLUTE
    ../clib/microlib/init/entry.s            0x00000000   Number         0  entry11a.o ABSOLUTE
    ../clib/microlib/init/entry.s            0x00000000   Number         0  entry11b.o ABSOLUTE
    ../clib/microlib/longlong.c              0x00000000   Number         0  llushr.o ABSOLUTE
    ../clib/microlib/string/memset.c         0x00000000   Number         0  memseta.o ABSOLUTE
    dc.s                                     0x00000000   Number         0  dc.o ABSOLUTE
    dma.c                                    0x00000000   Number         0  dma.o ABSOLUTE
    gpio.c                                   0x00000000   Number         0  gpio.o ABSOLUTE
    handlers.s                               0x00000000   Number         0  handlers.o ABSOLUTE
    init.s                                   0x00000000   Number         0  init.o ABSOLUTE
    main.c                                   0x00000000   Number         0  main.o ABSOLUTE
    startup_stm32f091xc.s                    0x00000000   Number         0  startup_stm32f091xc.o ABSOLUTE
    stm32f0xx_hal.c                          0x00000000   Number         0  stm32f0xx_hal.o ABSOLUTE
    stm32f0xx_hal_cortex.c                   0x00000000   Number         0  stm32f0xx_hal_cortex.o ABSOLUTE
    stm32f0xx_hal_dma.c                      0x00000000   Number         0  stm32f0xx_hal_dma.o ABSOLUTE
    stm32f0xx_hal_exti.c                     0x00000000   Number         0  stm32f0xx_hal_exti.o ABSOLUTE
    stm32f0xx_hal_flash.c                    0x00000000   Number         0  stm32f0xx_hal_flash.o ABSOLUTE
    stm32f0xx_hal_flash_ex.c                 0x00000000   Number         0  stm32f0xx_hal_flash_ex.o ABSOLUTE
    stm32f0xx_hal_gpio.c                     0x00000000   Number         0  stm32f0xx_hal_gpio.o ABSOLUTE
    stm32f0xx_hal_i2c.c                      0x00000000   Number         0  stm32f0xx_hal_i2c.o ABSOLUTE
    stm32f0xx_hal_i2c_ex.c                   0x00000000   Number         0  stm32f0xx_hal_i2c_ex.o ABSOLUTE
    stm32f0xx_hal_msp.c                      0x00000000   Number         0  stm32f0xx_hal_msp.o ABSOLUTE
    stm32f0xx_hal_pwr.c                      0x00000000   Number         0  stm32f0xx_hal_pwr.o ABSOLUTE
    stm32f0xx_hal_pwr_ex.c                   0x00000000   Number         0  stm32f0xx_hal_pwr_ex.o ABSOLUTE
    stm32f0xx_hal_rcc.c                      0x00000000   Number         0  stm32f0xx_hal_rcc.o ABSOLUTE
    stm32f0xx_hal_rcc_ex.c                   0x00000000   Number         0  stm32f0xx_hal_rcc_ex.o ABSOLUTE
    stm32f0xx_hal_tim.c                      0x00000000   Number         0  stm32f0xx_hal_tim.o ABSOLUTE
    stm32f0xx_hal_tim_ex.c                   0x00000000   Number         0  stm32f0xx_hal_tim_ex.o ABSOLUTE
    stm32f0xx_hal_uart.c                     0x00000000   Number         0  stm32f0xx_hal_uart.o ABSOLUTE
    stm32f0xx_hal_uart_ex.c                  0x00000000   Number         0  stm32f0xx_hal_uart_ex.o ABSOLUTE
    stm32f0xx_it.c                           0x00000000   Number         0  stm32f0xx_it.o ABSOLUTE
    system_stm32f0xx.c                       0x00000000   Number         0  system_stm32f0xx.o ABSOLUTE
    tim.c                                    0x00000000   Number         0  tim.o ABSOLUTE
    usart.c                                  0x00000000   Number         0  usart.o ABSOLUTE
    RESET                                    0x08000000   Section      188  startup_stm32f091xc.o(RESET)
    .ARM.Collect$$$$00000000                 0x080000bc   Section        0  entry.o(.ARM.Collect$$$$00000000)
    .ARM.Collect$$$$00000001                 0x080000bc   Section        4  entry2.o(.ARM.Collect$$$$00000001)
    .ARM.Collect$$$$00000004                 0x080000c0   Section        4  entry5.o(.ARM.Collect$$$$00000004)
    .ARM.Collect$$$$00000008                 0x080000c4   Section        0  entry7b.o(.ARM.Collect$$$$00000008)
    .ARM.Collect$$$$0000000A                 0x080000c4   Section        0  entry8b.o(.ARM.Collect$$$$0000000A)
    .ARM.Collect$$$$0000000B                 0x080000c4   Section        8  entry9a.o(.ARM.Collect$$$$0000000B)
    __lit__00000000                          0x080000cc   Data           4  entry2.o(.ARM.Collect$$$$00002712)
    .ARM.Collect$$$$0000000D                 0x080000cc   Section        0  entry10a.o(.ARM.Collect$$$$0000000D)
    .ARM.Collect$$$$0000000F                 0x080000cc   Section        0  entry11a.o(.ARM.Collect$$$$0000000F)
    .ARM.Collect$$$$00002712                 0x080000cc   Section        4  entry2.o(.ARM.Collect$$$$00002712)
    .text                                    0x080000d0   Section       28  startup_stm32f091xc.o(.text)
    .text                                    0x080000ec   Section        0  memseta.o(.text)
    .text                                    0x08000110   Section        0  uidiv_div0.o(.text)
    .text                                    0x08000150   Section       36  init.o(.text)
    [Anonymous Symbol]                       0x08000174   Section        0  stm32f0xx_it.o(.text.DMA1_Ch1_IRQHandler)
    __arm_cp.5_0                             0x08000180   Number         4  stm32f0xx_it.o(.text.DMA1_Ch1_IRQHandler)
    [Anonymous Symbol]                       0x08000184   Section        0  stm32f0xx_it.o(.text.DMA1_Ch2_3_DMA2_Ch1_2_IRQHandler)
    __arm_cp.6_0                             0x08000190   Number         4  stm32f0xx_it.o(.text.DMA1_Ch2_3_DMA2_Ch1_2_IRQHandler)
    DMA_CalcBaseAndBitshift                  0x08000195   Thumb Code    60  stm32f0xx_hal_dma.o(.text.DMA_CalcBaseAndBitshift)
    [Anonymous Symbol]                       0x08000194   Section        0  stm32f0xx_hal_dma.o(.text.DMA_CalcBaseAndBitshift)
    __arm_cp.1_0                             0x080001c0   Number         4  stm32f0xx_hal_dma.o(.text.DMA_CalcBaseAndBitshift)
    __arm_cp.1_1                             0x080001c4   Number         4  stm32f0xx_hal_dma.o(.text.DMA_CalcBaseAndBitshift)
    __arm_cp.1_2                             0x080001c8   Number         4  stm32f0xx_hal_dma.o(.text.DMA_CalcBaseAndBitshift)
    __arm_cp.1_3                             0x080001cc   Number         4  stm32f0xx_hal_dma.o(.text.DMA_CalcBaseAndBitshift)
    [Anonymous Symbol]                       0x080001d0   Section        0  main.o(.text.Error_Handler)
    [Anonymous Symbol]                       0x080001d8   Section        0  stm32f0xx_hal_dma.o(.text.HAL_DMA_IRQHandler)
    [Anonymous Symbol]                       0x0800027c   Section        0  stm32f0xx_hal_dma.o(.text.HAL_DMA_Init)
    __arm_cp.0_0                             0x080003d8   Number         4  stm32f0xx_hal_dma.o(.text.HAL_DMA_Init)
    __arm_cp.0_1                             0x080003dc   Number         4  stm32f0xx_hal_dma.o(.text.HAL_DMA_Init)
    __arm_cp.0_2                             0x080003e0   Number         4  stm32f0xx_hal_dma.o(.text.HAL_DMA_Init)
    __arm_cp.0_3                             0x080003e4   Number         4  stm32f0xx_hal_dma.o(.text.HAL_DMA_Init)
    __arm_cp.0_4                             0x080003e8   Number         4  stm32f0xx_hal_dma.o(.text.HAL_DMA_Init)
    __arm_cp.0_5                             0x080003ec   Number         4  stm32f0xx_hal_dma.o(.text.HAL_DMA_Init)
    __arm_cp.0_6                             0x080003f0   Number         4  stm32f0xx_hal_dma.o(.text.HAL_DMA_Init)
    __arm_cp.0_7                             0x080003f4   Number         4  stm32f0xx_hal_dma.o(.text.HAL_DMA_Init)
    __arm_cp.0_8                             0x080003f8   Number         4  stm32f0xx_hal_dma.o(.text.HAL_DMA_Init)
    __arm_cp.0_9                             0x080003fc   Number         4  stm32f0xx_hal_dma.o(.text.HAL_DMA_Init)
    __arm_cp.0_10                            0x08000400   Number         4  stm32f0xx_hal_dma.o(.text.HAL_DMA_Init)
    __arm_cp.0_11                            0x08000404   Number         4  stm32f0xx_hal_dma.o(.text.HAL_DMA_Init)
    __arm_cp.0_12                            0x08000408   Number         4  stm32f0xx_hal_dma.o(.text.HAL_DMA_Init)
    __arm_cp.0_13                            0x0800040c   Number         4  stm32f0xx_hal_dma.o(.text.HAL_DMA_Init)
    __arm_cp.0_14                            0x08000410   Number         4  stm32f0xx_hal_dma.o(.text.HAL_DMA_Init)
    __arm_cp.0_15                            0x08000414   Number         4  stm32f0xx_hal_dma.o(.text.HAL_DMA_Init)
    __arm_cp.0_16                            0x08000418   Number         4  stm32f0xx_hal_dma.o(.text.HAL_DMA_Init)
    [Anonymous Symbol]                       0x0800041c   Section        0  stm32f0xx_hal_gpio.o(.text.HAL_GPIO_Init)
    __arm_cp.0_0                             0x08000644   Number         4  stm32f0xx_hal_gpio.o(.text.HAL_GPIO_Init)
    __arm_cp.0_1                             0x08000648   Number         4  stm32f0xx_hal_gpio.o(.text.HAL_GPIO_Init)
    __arm_cp.0_2                             0x0800064c   Number         4  stm32f0xx_hal_gpio.o(.text.HAL_GPIO_Init)
    __arm_cp.0_3                             0x08000650   Number         4  stm32f0xx_hal_gpio.o(.text.HAL_GPIO_Init)
    __arm_cp.0_4                             0x08000654   Number         4  stm32f0xx_hal_gpio.o(.text.HAL_GPIO_Init)
    __arm_cp.0_5                             0x08000658   Number         4  stm32f0xx_hal_gpio.o(.text.HAL_GPIO_Init)
    __arm_cp.0_6                             0x0800065c   Number         4  stm32f0xx_hal_gpio.o(.text.HAL_GPIO_Init)
    __arm_cp.0_7                             0x08000660   Number         4  stm32f0xx_hal_gpio.o(.text.HAL_GPIO_Init)
    __arm_cp.0_8                             0x08000664   Number         4  stm32f0xx_hal_gpio.o(.text.HAL_GPIO_Init)
    __arm_cp.0_9                             0x08000668   Number         4  stm32f0xx_hal_gpio.o(.text.HAL_GPIO_Init)
    __arm_cp.0_10                            0x0800066c   Number         4  stm32f0xx_hal_gpio.o(.text.HAL_GPIO_Init)
    __arm_cp.0_11                            0x08000670   Number         4  stm32f0xx_hal_gpio.o(.text.HAL_GPIO_Init)
    __arm_cp.0_13                            0x08000674   Number         4  stm32f0xx_hal_gpio.o(.text.HAL_GPIO_Init)
    __arm_cp.0_14                            0x08000678   Number         4  stm32f0xx_hal_gpio.o(.text.HAL_GPIO_Init)
    [Anonymous Symbol]                       0x0800067c   Section        0  stm32f0xx_hal.o(.text.HAL_GetTick)
    [Anonymous Symbol]                       0x08000684   Section        0  stm32f0xx_hal.o(.text.HAL_IncTick)
    __arm_cp.5_1                             0x08000694   Number         4  stm32f0xx_hal.o(.text.HAL_IncTick)
    [Anonymous Symbol]                       0x08000698   Section        0  stm32f0xx_hal.o(.text.HAL_Init)
    __arm_cp.0_0                             0x080006b4   Number         4  stm32f0xx_hal.o(.text.HAL_Init)
    [Anonymous Symbol]                       0x080006b8   Section        0  stm32f0xx_hal.o(.text.HAL_InitTick)
    __arm_cp.1_0                             0x080006f4   Number         4  stm32f0xx_hal.o(.text.HAL_InitTick)
    __arm_cp.1_1                             0x080006f8   Number         4  stm32f0xx_hal.o(.text.HAL_InitTick)
    __arm_cp.1_2                             0x080006fc   Number         4  stm32f0xx_hal.o(.text.HAL_InitTick)
    [Anonymous Symbol]                       0x08000700   Section        0  stm32f0xx_hal_msp.o(.text.HAL_MspInit)
    __arm_cp.0_0                             0x08000728   Number         4  stm32f0xx_hal_msp.o(.text.HAL_MspInit)
    [Anonymous Symbol]                       0x0800072c   Section        0  stm32f0xx_hal_cortex.o(.text.HAL_NVIC_EnableIRQ)
    [Anonymous Symbol]                       0x08000744   Section        0  stm32f0xx_hal_cortex.o(.text.HAL_NVIC_SetPriority)
    __arm_cp.0_0                             0x08000760   Number         4  stm32f0xx_hal_cortex.o(.text.HAL_NVIC_SetPriority)
    [Anonymous Symbol]                       0x08000764   Section        0  stm32f0xx_hal_rcc_ex.o(.text.HAL_RCCEx_PeriphCLKConfig)
    __arm_cp.0_0                             0x08000910   Number         4  stm32f0xx_hal_rcc_ex.o(.text.HAL_RCCEx_PeriphCLKConfig)
    __arm_cp.0_1                             0x08000914   Number         4  stm32f0xx_hal_rcc_ex.o(.text.HAL_RCCEx_PeriphCLKConfig)
    __arm_cp.0_2                             0x08000918   Number         4  stm32f0xx_hal_rcc_ex.o(.text.HAL_RCCEx_PeriphCLKConfig)
    __arm_cp.0_3                             0x0800091c   Number         4  stm32f0xx_hal_rcc_ex.o(.text.HAL_RCCEx_PeriphCLKConfig)
    __arm_cp.0_4                             0x08000920   Number         4  stm32f0xx_hal_rcc_ex.o(.text.HAL_RCCEx_PeriphCLKConfig)
    [Anonymous Symbol]                       0x08000924   Section        0  stm32f0xx_hal_rcc.o(.text.HAL_RCC_ClockConfig)
    __arm_cp.2_0                             0x08000aac   Number         4  stm32f0xx_hal_rcc.o(.text.HAL_RCC_ClockConfig)
    __arm_cp.2_1                             0x08000ab0   Number         4  stm32f0xx_hal_rcc.o(.text.HAL_RCC_ClockConfig)
    __arm_cp.2_2                             0x08000ab4   Number         4  stm32f0xx_hal_rcc.o(.text.HAL_RCC_ClockConfig)
    __arm_cp.2_4                             0x08000ab8   Number         4  stm32f0xx_hal_rcc.o(.text.HAL_RCC_ClockConfig)
    __arm_cp.2_5                             0x08000abc   Number         4  stm32f0xx_hal_rcc.o(.text.HAL_RCC_ClockConfig)
    [Anonymous Symbol]                       0x08000ac0   Section        0  stm32f0xx_hal_rcc.o(.text.HAL_RCC_GetHCLKFreq)
    __arm_cp.7_0                             0x08000ac8   Number         4  stm32f0xx_hal_rcc.o(.text.HAL_RCC_GetHCLKFreq)
    [Anonymous Symbol]                       0x08000acc   Section        0  stm32f0xx_hal_rcc.o(.text.HAL_RCC_GetPCLK1Freq)
    __arm_cp.8_1                             0x08000ae4   Number         4  stm32f0xx_hal_rcc.o(.text.HAL_RCC_GetPCLK1Freq)
    [Anonymous Symbol]                       0x08000ae8   Section        0  stm32f0xx_hal_rcc.o(.text.HAL_RCC_GetSysClockFreq)
    __arm_cp.3_0                             0x08000b34   Number         4  stm32f0xx_hal_rcc.o(.text.HAL_RCC_GetSysClockFreq)
    __arm_cp.3_1                             0x08000b38   Number         4  stm32f0xx_hal_rcc.o(.text.HAL_RCC_GetSysClockFreq)
    __arm_cp.3_2                             0x08000b3c   Number         4  stm32f0xx_hal_rcc.o(.text.HAL_RCC_GetSysClockFreq)
    [Anonymous Symbol]                       0x08000b60   Section        0  stm32f0xx_hal_rcc.o(.text.HAL_RCC_OscConfig)
    __arm_cp.1_7                             0x08000f80   Number         4  stm32f0xx_hal_rcc.o(.text.HAL_RCC_OscConfig)
    __arm_cp.1_8                             0x08000f84   Number         4  stm32f0xx_hal_rcc.o(.text.HAL_RCC_OscConfig)
    __arm_cp.1_0                             0x080010cc   Number         4  stm32f0xx_hal_rcc.o(.text.HAL_RCC_OscConfig)
    __arm_cp.1_3                             0x080010d0   Number         4  stm32f0xx_hal_rcc.o(.text.HAL_RCC_OscConfig)
    __arm_cp.1_4                             0x080010d4   Number         4  stm32f0xx_hal_rcc.o(.text.HAL_RCC_OscConfig)
    __arm_cp.1_5                             0x080010d8   Number         4  stm32f0xx_hal_rcc.o(.text.HAL_RCC_OscConfig)
    [Anonymous Symbol]                       0x080010dc   Section        0  stm32f0xx_hal_cortex.o(.text.HAL_SYSTICK_Config)
    [Anonymous Symbol]                       0x080010e4   Section        0  stm32f0xx_hal_tim_ex.o(.text.HAL_TIMEx_BreakCallback)
    [Anonymous Symbol]                       0x080010e6   Section        0  stm32f0xx_hal_tim_ex.o(.text.HAL_TIMEx_CommutCallback)
    [Anonymous Symbol]                       0x080010e8   Section        0  stm32f0xx_hal_tim_ex.o(.text.HAL_TIMEx_ConfigBreakDeadTime)
    __arm_cp.35_0                            0x080011e4   Number         4  stm32f0xx_hal_tim_ex.o(.text.HAL_TIMEx_ConfigBreakDeadTime)
    __arm_cp.35_1                            0x080011e8   Number         4  stm32f0xx_hal_tim_ex.o(.text.HAL_TIMEx_ConfigBreakDeadTime)
    [Anonymous Symbol]                       0x080011ec   Section        0  stm32f0xx_hal_tim_ex.o(.text.HAL_TIMEx_MasterConfigSynchronization)
    __arm_cp.34_0                            0x080012b4   Number         4  stm32f0xx_hal_tim_ex.o(.text.HAL_TIMEx_MasterConfigSynchronization)
    __arm_cp.34_6                            0x080012b8   Number         4  stm32f0xx_hal_tim_ex.o(.text.HAL_TIMEx_MasterConfigSynchronization)
    __arm_cp.34_7                            0x080012bc   Number         4  stm32f0xx_hal_tim_ex.o(.text.HAL_TIMEx_MasterConfigSynchronization)
    [Anonymous Symbol]                       0x080012c0   Section        0  stm32f0xx_hal_tim.o(.text.HAL_TIM_Base_Init)
    __arm_cp.0_0                             0x080013b4   Number         4  stm32f0xx_hal_tim.o(.text.HAL_TIM_Base_Init)
    __arm_cp.0_1                             0x080013b8   Number         4  stm32f0xx_hal_tim.o(.text.HAL_TIM_Base_Init)
    __arm_cp.0_2                             0x080013bc   Number         4  stm32f0xx_hal_tim.o(.text.HAL_TIM_Base_Init)
    __arm_cp.0_3                             0x080013c0   Number         4  stm32f0xx_hal_tim.o(.text.HAL_TIM_Base_Init)
    __arm_cp.0_4                             0x080013c4   Number         4  stm32f0xx_hal_tim.o(.text.HAL_TIM_Base_Init)
    __arm_cp.0_5                             0x080013c8   Number         4  stm32f0xx_hal_tim.o(.text.HAL_TIM_Base_Init)
    __arm_cp.0_7                             0x080013cc   Number         4  stm32f0xx_hal_tim.o(.text.HAL_TIM_Base_Init)
    __arm_cp.0_8                             0x080013d0   Number         4  stm32f0xx_hal_tim.o(.text.HAL_TIM_Base_Init)
    __arm_cp.0_9                             0x080013d4   Number         4  stm32f0xx_hal_tim.o(.text.HAL_TIM_Base_Init)
    __arm_cp.0_11                            0x080013d8   Number         4  stm32f0xx_hal_tim.o(.text.HAL_TIM_Base_Init)
    [Anonymous Symbol]                       0x080013dc   Section        0  tim.o(.text.HAL_TIM_Base_MspInit)
    __arm_cp.4_0                             0x08001480   Number         4  tim.o(.text.HAL_TIM_Base_MspInit)
    __arm_cp.4_1                             0x08001484   Number         4  tim.o(.text.HAL_TIM_Base_MspInit)
    __arm_cp.4_2                             0x08001488   Number         4  tim.o(.text.HAL_TIM_Base_MspInit)
    [Anonymous Symbol]                       0x0800148c   Section        0  stm32f0xx_hal_tim.o(.text.HAL_TIM_ConfigClockSource)
    __arm_cp.96_0                            0x08001800   Number         4  stm32f0xx_hal_tim.o(.text.HAL_TIM_ConfigClockSource)
    __arm_cp.96_1                            0x08001804   Number         4  stm32f0xx_hal_tim.o(.text.HAL_TIM_ConfigClockSource)
    __arm_cp.96_2                            0x08001808   Number         4  stm32f0xx_hal_tim.o(.text.HAL_TIM_ConfigClockSource)
    __arm_cp.96_3                            0x0800180c   Number         4  stm32f0xx_hal_tim.o(.text.HAL_TIM_ConfigClockSource)
    __arm_cp.96_4                            0x08001810   Number         4  stm32f0xx_hal_tim.o(.text.HAL_TIM_ConfigClockSource)
    __arm_cp.96_5                            0x08001814   Number         4  stm32f0xx_hal_tim.o(.text.HAL_TIM_ConfigClockSource)
    __arm_cp.96_6                            0x08001818   Number         4  stm32f0xx_hal_tim.o(.text.HAL_TIM_ConfigClockSource)
    __arm_cp.96_7                            0x0800181c   Number         4  stm32f0xx_hal_tim.o(.text.HAL_TIM_ConfigClockSource)
    __arm_cp.96_8                            0x08001820   Number         4  stm32f0xx_hal_tim.o(.text.HAL_TIM_ConfigClockSource)
    __arm_cp.96_9                            0x08001824   Number         4  stm32f0xx_hal_tim.o(.text.HAL_TIM_ConfigClockSource)
    __arm_cp.96_10                           0x08001828   Number         4  stm32f0xx_hal_tim.o(.text.HAL_TIM_ConfigClockSource)
    __arm_cp.96_11                           0x0800182c   Number         4  stm32f0xx_hal_tim.o(.text.HAL_TIM_ConfigClockSource)
    __arm_cp.96_12                           0x08001830   Number         4  stm32f0xx_hal_tim.o(.text.HAL_TIM_ConfigClockSource)
    __arm_cp.96_13                           0x08001834   Number         4  stm32f0xx_hal_tim.o(.text.HAL_TIM_ConfigClockSource)
    __arm_cp.96_14                           0x08001838   Number         4  stm32f0xx_hal_tim.o(.text.HAL_TIM_ConfigClockSource)
    __arm_cp.96_15                           0x0800183c   Number         4  stm32f0xx_hal_tim.o(.text.HAL_TIM_ConfigClockSource)
    [Anonymous Symbol]                       0x08001840   Section        0  stm32f0xx_hal_tim.o(.text.HAL_TIM_IC_CaptureCallback)
    [Anonymous Symbol]                       0x08001842   Section        0  stm32f0xx_hal_tim.o(.text.HAL_TIM_IRQHandler)
    [Anonymous Symbol]                       0x0800198c   Section        0  tim.o(.text.HAL_TIM_MspPostInit)
    __arm_cp.1_0                             0x08001a14   Number         4  tim.o(.text.HAL_TIM_MspPostInit)
    __arm_cp.1_1                             0x08001a18   Number         4  tim.o(.text.HAL_TIM_MspPostInit)
    __arm_cp.1_2                             0x08001a1c   Number         4  tim.o(.text.HAL_TIM_MspPostInit)
    __arm_cp.1_3                             0x08001a20   Number         4  tim.o(.text.HAL_TIM_MspPostInit)
    [Anonymous Symbol]                       0x08001a24   Section        0  stm32f0xx_hal_tim.o(.text.HAL_TIM_OC_DelayElapsedCallback)
    [Anonymous Symbol]                       0x08001a28   Section        0  stm32f0xx_hal_tim.o(.text.HAL_TIM_PWM_ConfigChannel)
    __arm_cp.83_0                            0x08001c00   Number         4  stm32f0xx_hal_tim.o(.text.HAL_TIM_PWM_ConfigChannel)
    __arm_cp.83_1                            0x08001c04   Number         4  stm32f0xx_hal_tim.o(.text.HAL_TIM_PWM_ConfigChannel)
    __arm_cp.83_7                            0x08001c08   Number         4  stm32f0xx_hal_tim.o(.text.HAL_TIM_PWM_ConfigChannel)
    [Anonymous Symbol]                       0x08001c0c   Section        0  stm32f0xx_hal_tim.o(.text.HAL_TIM_PWM_Init)
    __arm_cp.27_0                            0x08001cf8   Number         4  stm32f0xx_hal_tim.o(.text.HAL_TIM_PWM_Init)
    __arm_cp.27_1                            0x08001cfc   Number         4  stm32f0xx_hal_tim.o(.text.HAL_TIM_PWM_Init)
    __arm_cp.27_3                            0x08001d00   Number         4  stm32f0xx_hal_tim.o(.text.HAL_TIM_PWM_Init)
    __arm_cp.27_4                            0x08001d04   Number         4  stm32f0xx_hal_tim.o(.text.HAL_TIM_PWM_Init)
    __arm_cp.27_5                            0x08001d08   Number         4  stm32f0xx_hal_tim.o(.text.HAL_TIM_PWM_Init)
    __arm_cp.27_6                            0x08001d0c   Number         4  stm32f0xx_hal_tim.o(.text.HAL_TIM_PWM_Init)
    __arm_cp.27_7                            0x08001d10   Number         4  stm32f0xx_hal_tim.o(.text.HAL_TIM_PWM_Init)
    __arm_cp.27_8                            0x08001d14   Number         4  stm32f0xx_hal_tim.o(.text.HAL_TIM_PWM_Init)
    __arm_cp.27_9                            0x08001d18   Number         4  stm32f0xx_hal_tim.o(.text.HAL_TIM_PWM_Init)
    __arm_cp.27_10                           0x08001d1c   Number         4  stm32f0xx_hal_tim.o(.text.HAL_TIM_PWM_Init)
    __arm_cp.27_12                           0x08001d20   Number         4  stm32f0xx_hal_tim.o(.text.HAL_TIM_PWM_Init)
    [Anonymous Symbol]                       0x08001d24   Section        0  stm32f0xx_hal_tim.o(.text.HAL_TIM_PWM_MspInit)
    [Anonymous Symbol]                       0x08001d26   Section        0  stm32f0xx_hal_tim.o(.text.HAL_TIM_PWM_PulseFinishedCallback)
    [Anonymous Symbol]                       0x08001d28   Section        0  stm32f0xx_hal_tim.o(.text.HAL_TIM_PeriodElapsedCallback)
    [Anonymous Symbol]                       0x08001d2c   Section        0  stm32f0xx_hal_tim.o(.text.HAL_TIM_SlaveConfigSynchro)
    __arm_cp.101_0                           0x08001dd0   Number         4  stm32f0xx_hal_tim.o(.text.HAL_TIM_SlaveConfigSynchro)
    __arm_cp.101_1                           0x08001dd4   Number         4  stm32f0xx_hal_tim.o(.text.HAL_TIM_SlaveConfigSynchro)
    __arm_cp.101_2                           0x08001dd8   Number         4  stm32f0xx_hal_tim.o(.text.HAL_TIM_SlaveConfigSynchro)
    __arm_cp.101_3                           0x08001ddc   Number         4  stm32f0xx_hal_tim.o(.text.HAL_TIM_SlaveConfigSynchro)
    __arm_cp.101_4                           0x08001de0   Number         4  stm32f0xx_hal_tim.o(.text.HAL_TIM_SlaveConfigSynchro)
    __arm_cp.101_5                           0x08001de4   Number         4  stm32f0xx_hal_tim.o(.text.HAL_TIM_SlaveConfigSynchro)
    [Anonymous Symbol]                       0x08001de8   Section        0  stm32f0xx_hal_tim.o(.text.HAL_TIM_TriggerCallback)
    [Anonymous Symbol]                       0x08001dec   Section        0  stm32f0xx_hal_uart.o(.text.HAL_UART_Init)
    __arm_cp.0_0                             0x08001ed0   Number         4  stm32f0xx_hal_uart.o(.text.HAL_UART_Init)
    __arm_cp.0_1                             0x08001ed4   Number         4  stm32f0xx_hal_uart.o(.text.HAL_UART_Init)
    __arm_cp.0_2                             0x08001ed8   Number         4  stm32f0xx_hal_uart.o(.text.HAL_UART_Init)
    __arm_cp.0_5                             0x08001edc   Number         4  stm32f0xx_hal_uart.o(.text.HAL_UART_Init)
    __arm_cp.0_6                             0x08001ee0   Number         4  stm32f0xx_hal_uart.o(.text.HAL_UART_Init)
    __arm_cp.0_7                             0x08001ee4   Number         4  stm32f0xx_hal_uart.o(.text.HAL_UART_Init)
    __arm_cp.0_8                             0x08001ee8   Number         4  stm32f0xx_hal_uart.o(.text.HAL_UART_Init)
    __arm_cp.0_9                             0x08001eec   Number         4  stm32f0xx_hal_uart.o(.text.HAL_UART_Init)
    __arm_cp.0_10                            0x08001ef0   Number         4  stm32f0xx_hal_uart.o(.text.HAL_UART_Init)
    __arm_cp.0_11                            0x08001ef4   Number         4  stm32f0xx_hal_uart.o(.text.HAL_UART_Init)
    [Anonymous Symbol]                       0x08001ef8   Section        0  usart.o(.text.HAL_UART_MspInit)
    __arm_cp.2_0                             0x08002018   Number         4  usart.o(.text.HAL_UART_MspInit)
    __arm_cp.2_1                             0x0800201c   Number         4  usart.o(.text.HAL_UART_MspInit)
    __arm_cp.2_3                             0x08002020   Number         4  usart.o(.text.HAL_UART_MspInit)
    __arm_cp.2_4                             0x08002024   Number         4  usart.o(.text.HAL_UART_MspInit)
    __arm_cp.2_5                             0x08002028   Number         4  usart.o(.text.HAL_UART_MspInit)
    __arm_cp.2_6                             0x0800202c   Number         4  usart.o(.text.HAL_UART_MspInit)
    __arm_cp.2_7                             0x08002030   Number         4  usart.o(.text.HAL_UART_MspInit)
    [Anonymous Symbol]                       0x08002034   Section        0  stm32f0xx_it.o(.text.HardFault_Handler)
    [Anonymous Symbol]                       0x08002038   Section        0  dma.o(.text.MX_DMA_Init)
    [Anonymous Symbol]                       0x08002078   Section        0  gpio.o(.text.MX_GPIO_Init)
    __arm_cp.0_0                             0x080020c4   Number         4  gpio.o(.text.MX_GPIO_Init)
    [Anonymous Symbol]                       0x080020c8   Section        0  tim.o(.text.MX_TIM1_Init)
    __arm_cp.0_2                             0x080021a4   Number         4  tim.o(.text.MX_TIM1_Init)
    [Anonymous Symbol]                       0x080021a8   Section        0  tim.o(.text.MX_TIM2_Init)
    __arm_cp.2_0                             0x0800226c   Number         4  tim.o(.text.MX_TIM2_Init)
    [Anonymous Symbol]                       0x08002270   Section        0  tim.o(.text.MX_TIM3_Init)
    __arm_cp.3_0                             0x08002330   Number         4  tim.o(.text.MX_TIM3_Init)
    __arm_cp.3_1                             0x08002334   Number         4  tim.o(.text.MX_TIM3_Init)
    __arm_cp.3_3                             0x08002338   Number         4  tim.o(.text.MX_TIM3_Init)
    [Anonymous Symbol]                       0x0800233c   Section        0  usart.o(.text.MX_USART2_UART_Init)
    __arm_cp.0_0                             0x0800236c   Number         4  usart.o(.text.MX_USART2_UART_Init)
    __arm_cp.0_1                             0x08002370   Number         4  usart.o(.text.MX_USART2_UART_Init)
    [Anonymous Symbol]                       0x08002374   Section        0  usart.o(.text.MX_USART3_UART_Init)
    __arm_cp.1_0                             0x080023a4   Number         4  usart.o(.text.MX_USART3_UART_Init)
    __arm_cp.1_1                             0x080023a8   Number         4  usart.o(.text.MX_USART3_UART_Init)
    [Anonymous Symbol]                       0x080023ac   Section        0  stm32f0xx_it.o(.text.NMI_Handler)
    [Anonymous Symbol]                       0x080023ae   Section        0  stm32f0xx_it.o(.text.PendSV_Handler)
    [Anonymous Symbol]                       0x080023b0   Section        0  stm32f0xx_it.o(.text.SVC_Handler)
    SysTick_Config                           0x080023b5   Thumb Code    40  stm32f0xx_hal_cortex.o(.text.SysTick_Config)
    [Anonymous Symbol]                       0x080023b4   Section        0  stm32f0xx_hal_cortex.o(.text.SysTick_Config)
    __arm_cp.9_0                             0x080023d8   Number         4  stm32f0xx_hal_cortex.o(.text.SysTick_Config)
    [Anonymous Symbol]                       0x080023dc   Section        0  stm32f0xx_it.o(.text.SysTick_Handler)
    [Anonymous Symbol]                       0x080023e4   Section        0  main.o(.text.SystemClock_Config)
    __arm_cp.1_0                             0x0800245c   Number         4  main.o(.text.SystemClock_Config)
    [Anonymous Symbol]                       0x08002460   Section        0  system_stm32f0xx.o(.text.SystemInit)
    [Anonymous Symbol]                       0x08002464   Section        0  stm32f0xx_it.o(.text.TIM1_BRK_UP_TRG_COM_IRQHandler)
    __arm_cp.7_0                             0x08002470   Number         4  stm32f0xx_it.o(.text.TIM1_BRK_UP_TRG_COM_IRQHandler)
    [Anonymous Symbol]                       0x08002474   Section        0  stm32f0xx_hal_tim.o(.text.TIM_Base_SetConfig)
    __arm_cp.2_1                             0x08002510   Number         4  stm32f0xx_hal_tim.o(.text.TIM_Base_SetConfig)
    __arm_cp.2_2                             0x08002514   Number         4  stm32f0xx_hal_tim.o(.text.TIM_Base_SetConfig)
    __arm_cp.2_3                             0x08002518   Number         4  stm32f0xx_hal_tim.o(.text.TIM_Base_SetConfig)
    __arm_cp.2_4                             0x0800251c   Number         4  stm32f0xx_hal_tim.o(.text.TIM_Base_SetConfig)
    __arm_cp.2_5                             0x08002520   Number         4  stm32f0xx_hal_tim.o(.text.TIM_Base_SetConfig)
    __arm_cp.2_6                             0x08002524   Number         4  stm32f0xx_hal_tim.o(.text.TIM_Base_SetConfig)
    __arm_cp.2_7                             0x08002528   Number         4  stm32f0xx_hal_tim.o(.text.TIM_Base_SetConfig)
    [Anonymous Symbol]                       0x0800252c   Section        0  stm32f0xx_hal_tim.o(.text.TIM_ETR_SetConfig)
    TIM_ITRx_SetConfig                       0x08002543   Thumb Code    16  stm32f0xx_hal_tim.o(.text.TIM_ITRx_SetConfig)
    [Anonymous Symbol]                       0x08002542   Section        0  stm32f0xx_hal_tim.o(.text.TIM_ITRx_SetConfig)
    TIM_OC1_SetConfig                        0x08002555   Thumb Code   220  stm32f0xx_hal_tim.o(.text.TIM_OC1_SetConfig)
    [Anonymous Symbol]                       0x08002554   Section        0  stm32f0xx_hal_tim.o(.text.TIM_OC1_SetConfig)
    __arm_cp.74_2                            0x0800262c   Number         4  stm32f0xx_hal_tim.o(.text.TIM_OC1_SetConfig)
    [Anonymous Symbol]                       0x08002630   Section        0  stm32f0xx_hal_tim.o(.text.TIM_OC2_SetConfig)
    __arm_cp.75_2                            0x08002704   Number         4  stm32f0xx_hal_tim.o(.text.TIM_OC2_SetConfig)
    TIM_OC3_SetConfig                        0x08002709   Thumb Code   236  stm32f0xx_hal_tim.o(.text.TIM_OC3_SetConfig)
    [Anonymous Symbol]                       0x08002708   Section        0  stm32f0xx_hal_tim.o(.text.TIM_OC3_SetConfig)
    __arm_cp.76_0                            0x080027e8   Number         4  stm32f0xx_hal_tim.o(.text.TIM_OC3_SetConfig)
    __arm_cp.76_2                            0x080027ec   Number         4  stm32f0xx_hal_tim.o(.text.TIM_OC3_SetConfig)
    __arm_cp.76_3                            0x080027f0   Number         4  stm32f0xx_hal_tim.o(.text.TIM_OC3_SetConfig)
    TIM_OC4_SetConfig                        0x080027f5   Thumb Code   148  stm32f0xx_hal_tim.o(.text.TIM_OC4_SetConfig)
    [Anonymous Symbol]                       0x080027f4   Section        0  stm32f0xx_hal_tim.o(.text.TIM_OC4_SetConfig)
    __arm_cp.77_0                            0x0800287c   Number         4  stm32f0xx_hal_tim.o(.text.TIM_OC4_SetConfig)
    __arm_cp.77_1                            0x08002880   Number         4  stm32f0xx_hal_tim.o(.text.TIM_OC4_SetConfig)
    __arm_cp.77_2                            0x08002884   Number         4  stm32f0xx_hal_tim.o(.text.TIM_OC4_SetConfig)
    TIM_SlaveTimer_SetConfig                 0x08002889   Thumb Code   636  stm32f0xx_hal_tim.o(.text.TIM_SlaveTimer_SetConfig)
    [Anonymous Symbol]                       0x08002888   Section        0  stm32f0xx_hal_tim.o(.text.TIM_SlaveTimer_SetConfig)
    __arm_cp.102_0                           0x08002ad8   Number         4  stm32f0xx_hal_tim.o(.text.TIM_SlaveTimer_SetConfig)
    __arm_cp.102_1                           0x08002adc   Number         4  stm32f0xx_hal_tim.o(.text.TIM_SlaveTimer_SetConfig)
    __arm_cp.102_2                           0x08002ae0   Number         4  stm32f0xx_hal_tim.o(.text.TIM_SlaveTimer_SetConfig)
    __arm_cp.102_3                           0x08002ae4   Number         4  stm32f0xx_hal_tim.o(.text.TIM_SlaveTimer_SetConfig)
    __arm_cp.102_4                           0x08002ae8   Number         4  stm32f0xx_hal_tim.o(.text.TIM_SlaveTimer_SetConfig)
    __arm_cp.102_5                           0x08002aec   Number         4  stm32f0xx_hal_tim.o(.text.TIM_SlaveTimer_SetConfig)
    __arm_cp.102_6                           0x08002af0   Number         4  stm32f0xx_hal_tim.o(.text.TIM_SlaveTimer_SetConfig)
    __arm_cp.102_7                           0x08002af4   Number         4  stm32f0xx_hal_tim.o(.text.TIM_SlaveTimer_SetConfig)
    __arm_cp.102_8                           0x08002af8   Number         4  stm32f0xx_hal_tim.o(.text.TIM_SlaveTimer_SetConfig)
    __arm_cp.102_9                           0x08002afc   Number         4  stm32f0xx_hal_tim.o(.text.TIM_SlaveTimer_SetConfig)
    __arm_cp.102_10                          0x08002b00   Number         4  stm32f0xx_hal_tim.o(.text.TIM_SlaveTimer_SetConfig)
    TIM_TI1_ConfigInputStage                 0x08002b05   Thumb Code    34  stm32f0xx_hal_tim.o(.text.TIM_TI1_ConfigInputStage)
    [Anonymous Symbol]                       0x08002b04   Section        0  stm32f0xx_hal_tim.o(.text.TIM_TI1_ConfigInputStage)
    TIM_TI2_ConfigInputStage                 0x08002b27   Thumb Code    38  stm32f0xx_hal_tim.o(.text.TIM_TI2_ConfigInputStage)
    [Anonymous Symbol]                       0x08002b26   Section        0  stm32f0xx_hal_tim.o(.text.TIM_TI2_ConfigInputStage)
    [Anonymous Symbol]                       0x08002b4c   Section        0  stm32f0xx_hal_uart.o(.text.UART_AdvFeatureConfig)
    __arm_cp.3_0                             0x08002cec   Number         4  stm32f0xx_hal_uart.o(.text.UART_AdvFeatureConfig)
    __arm_cp.3_1                             0x08002cf0   Number         4  stm32f0xx_hal_uart.o(.text.UART_AdvFeatureConfig)
    [Anonymous Symbol]                       0x08002cf4   Section        0  stm32f0xx_hal_uart.o(.text.UART_CheckIdleState)
    __arm_cp.4_0                             0x08002d60   Number         4  stm32f0xx_hal_uart.o(.text.UART_CheckIdleState)
    [Anonymous Symbol]                       0x08002d64   Section        0  stm32f0xx_hal_uart.o(.text.UART_SetConfig)
    __arm_cp.2_0                             0x08002f84   Number         4  stm32f0xx_hal_uart.o(.text.UART_SetConfig)
    __arm_cp.2_1                             0x08002f88   Number         4  stm32f0xx_hal_uart.o(.text.UART_SetConfig)
    __arm_cp.2_2                             0x08002f8c   Number         4  stm32f0xx_hal_uart.o(.text.UART_SetConfig)
    __arm_cp.2_3                             0x08002f90   Number         4  stm32f0xx_hal_uart.o(.text.UART_SetConfig)
    __arm_cp.2_4                             0x08002f94   Number         4  stm32f0xx_hal_uart.o(.text.UART_SetConfig)
    __arm_cp.2_5                             0x08002f98   Number         4  stm32f0xx_hal_uart.o(.text.UART_SetConfig)
    __arm_cp.2_6                             0x08002f9c   Number         4  stm32f0xx_hal_uart.o(.text.UART_SetConfig)
    __arm_cp.2_7                             0x08002fa0   Number         4  stm32f0xx_hal_uart.o(.text.UART_SetConfig)
    __arm_cp.2_8                             0x08002fa4   Number         4  stm32f0xx_hal_uart.o(.text.UART_SetConfig)
    __arm_cp.2_9                             0x08002fa8   Number         4  stm32f0xx_hal_uart.o(.text.UART_SetConfig)
    __arm_cp.2_10                            0x08002fac   Number         4  stm32f0xx_hal_uart.o(.text.UART_SetConfig)
    __arm_cp.2_11                            0x08002fb0   Number         4  stm32f0xx_hal_uart.o(.text.UART_SetConfig)
    __arm_cp.2_12                            0x08002fb4   Number         4  stm32f0xx_hal_uart.o(.text.UART_SetConfig)
    __arm_cp.2_13                            0x08002fb8   Number         4  stm32f0xx_hal_uart.o(.text.UART_SetConfig)
    __arm_cp.2_14                            0x08002fbc   Number         4  stm32f0xx_hal_uart.o(.text.UART_SetConfig)
    __arm_cp.2_15                            0x08002fc0   Number         4  stm32f0xx_hal_uart.o(.text.UART_SetConfig)
    __arm_cp.2_17                            0x08002fd4   Number         4  stm32f0xx_hal_uart.o(.text.UART_SetConfig)
    __arm_cp.2_18                            0x08002fd8   Number         4  stm32f0xx_hal_uart.o(.text.UART_SetConfig)
    [Anonymous Symbol]                       0x08002fdc   Section        0  stm32f0xx_hal_uart.o(.text.UART_WaitOnFlagUntilTimeout)
    __NVIC_EnableIRQ                         0x08003091   Thumb Code    24  stm32f0xx_hal_cortex.o(.text.__NVIC_EnableIRQ)
    [Anonymous Symbol]                       0x08003090   Section        0  stm32f0xx_hal_cortex.o(.text.__NVIC_EnableIRQ)
    __arm_cp.3_0                             0x080030a4   Number         4  stm32f0xx_hal_cortex.o(.text.__NVIC_EnableIRQ)
    __NVIC_SetPriority                       0x080030a9   Thumb Code    64  stm32f0xx_hal_cortex.o(.text.__NVIC_SetPriority)
    [Anonymous Symbol]                       0x080030a8   Section        0  stm32f0xx_hal_cortex.o(.text.__NVIC_SetPriority)
    __arm_cp.1_0                             0x080030e0   Number         4  stm32f0xx_hal_cortex.o(.text.__NVIC_SetPriority)
    __arm_cp.1_1                             0x080030e4   Number         4  stm32f0xx_hal_cortex.o(.text.__NVIC_SetPriority)
    [Anonymous Symbol]                       0x080030e8   Section        0  main.o(.text.assert_failed)
    [Anonymous Symbol]                       0x080030ea   Section        0  main.o(.text.main)
    i.__scatterload_copy                     0x08003110   Section       14  handlers.o(i.__scatterload_copy)
    i.__scatterload_null                     0x0800311e   Section        2  handlers.o(i.__scatterload_null)
    i.__scatterload_zeroinit                 0x08003120   Section       14  handlers.o(i.__scatterload_zeroinit)
    .L.str                                   0x08003146   Data          56  stm32f0xx_hal_tim.o(.rodata.str1.1)
    [Anonymous Symbol]                       0x08003146   Section        0  stm32f0xx_hal_tim.o(.rodata.str1.1)
    .L.str                                   0x0800317e   Data          59  stm32f0xx_hal_tim_ex.o(.rodata.str1.1)
    [Anonymous Symbol]                       0x0800317e   Section        0  stm32f0xx_hal_tim_ex.o(.rodata.str1.1)
    .L.str                                   0x080031b9   Data          56  stm32f0xx_hal_rcc.o(.rodata.str1.1)
    [Anonymous Symbol]                       0x080031b9   Section        0  stm32f0xx_hal_rcc.o(.rodata.str1.1)
    .L.str                                   0x080031f1   Data          59  stm32f0xx_hal_rcc_ex.o(.rodata.str1.1)
    [Anonymous Symbol]                       0x080031f1   Section        0  stm32f0xx_hal_rcc_ex.o(.rodata.str1.1)
    .L.str                                   0x0800322c   Data          57  stm32f0xx_hal_gpio.o(.rodata.str1.1)
    [Anonymous Symbol]                       0x0800322c   Section        0  stm32f0xx_hal_gpio.o(.rodata.str1.1)
    .L.str                                   0x08003265   Data          56  stm32f0xx_hal_dma.o(.rodata.str1.1)
    [Anonymous Symbol]                       0x08003265   Section        0  stm32f0xx_hal_dma.o(.rodata.str1.1)
    .L.str                                   0x0800329d   Data          59  stm32f0xx_hal_cortex.o(.rodata.str1.1)
    [Anonymous Symbol]                       0x0800329d   Section        0  stm32f0xx_hal_cortex.o(.rodata.str1.1)
    .L.str                                   0x080032d8   Data          57  stm32f0xx_hal_uart.o(.rodata.str1.1)
    [Anonymous Symbol]                       0x080032d8   Section        0  stm32f0xx_hal_uart.o(.rodata.str1.1)
    STACK                                    0x20000280   Section     1024  startup_stm32f091xc.o(STACK)

    Global Symbols

    Symbol Name                              Value     Ov Type        Size  Object(Section)

    BuildAttributes$$THM_ISAv3M$S$PE$A:L22$X:L11$S22$IEEE1$IW$~IW$USESV6$~STKCKD$USESV7$~SHL$OTIME$EBA8$MICROLIB$REQ8$PRES8$EABIv2 0x00000000   Number         0  anon$$obj.o ABSOLUTE
    __cpp_initialize__aeabi_                  - Undefined Weak Reference
    __cxa_finalize                            - Undefined Weak Reference
    __decompress                              - Undefined Weak Reference
    _clock_init                               - Undefined Weak Reference
    _microlib_exit                            - Undefined Weak Reference
    __Vectors_Size                           0x000000bc   Number         0  startup_stm32f091xc.o ABSOLUTE
    __Vectors                                0x08000000   Data           4  startup_stm32f091xc.o(RESET)
    __Vectors_End                            0x080000bc   Data           0  startup_stm32f091xc.o(RESET)
    __main                                   0x080000bd   Thumb Code     0  entry.o(.ARM.Collect$$$$00000000)
    _main_stk                                0x080000bd   Thumb Code     0  entry2.o(.ARM.Collect$$$$00000001)
    _main_scatterload                        0x080000c1   Thumb Code     0  entry5.o(.ARM.Collect$$$$00000004)
    __main_after_scatterload                 0x080000c5   Thumb Code     0  entry5.o(.ARM.Collect$$$$00000004)
    _main_clock                              0x080000c5   Thumb Code     0  entry7b.o(.ARM.Collect$$$$00000008)
    _main_cpp_init                           0x080000c5   Thumb Code     0  entry8b.o(.ARM.Collect$$$$0000000A)
    _main_init                               0x080000c5   Thumb Code     0  entry9a.o(.ARM.Collect$$$$0000000B)
    __rt_final_cpp                           0x080000cd   Thumb Code     0  entry10a.o(.ARM.Collect$$$$0000000D)
    __rt_final_exit                          0x080000cd   Thumb Code     0  entry11a.o(.ARM.Collect$$$$0000000F)
    Reset_Handler                            0x080000d1   Thumb Code     8  startup_stm32f091xc.o(.text)
    ADC1_COMP_IRQHandler                     0x080000e3   Thumb Code     0  startup_stm32f091xc.o(.text)
    CEC_CAN_IRQHandler                       0x080000e3   Thumb Code     0  startup_stm32f091xc.o(.text)
    DMA1_Ch4_7_DMA2_Ch3_5_IRQHandler         0x080000e3   Thumb Code     0  startup_stm32f091xc.o(.text)
    EXTI0_1_IRQHandler                       0x080000e3   Thumb Code     0  startup_stm32f091xc.o(.text)
    EXTI2_3_IRQHandler                       0x080000e3   Thumb Code     0  startup_stm32f091xc.o(.text)
    EXTI4_15_IRQHandler                      0x080000e3   Thumb Code     0  startup_stm32f091xc.o(.text)
    FLASH_IRQHandler                         0x080000e3   Thumb Code     0  startup_stm32f091xc.o(.text)
    I2C1_IRQHandler                          0x080000e3   Thumb Code     0  startup_stm32f091xc.o(.text)
    I2C2_IRQHandler                          0x080000e3   Thumb Code     0  startup_stm32f091xc.o(.text)
    PVD_VDDIO2_IRQHandler                    0x080000e3   Thumb Code     0  startup_stm32f091xc.o(.text)
    RCC_CRS_IRQHandler                       0x080000e3   Thumb Code     0  startup_stm32f091xc.o(.text)
    RTC_IRQHandler                           0x080000e3   Thumb Code     0  startup_stm32f091xc.o(.text)
    SPI1_IRQHandler                          0x080000e3   Thumb Code     0  startup_stm32f091xc.o(.text)
    SPI2_IRQHandler                          0x080000e3   Thumb Code     0  startup_stm32f091xc.o(.text)
    TIM14_IRQHandler                         0x080000e3   Thumb Code     0  startup_stm32f091xc.o(.text)
    TIM15_IRQHandler                         0x080000e3   Thumb Code     0  startup_stm32f091xc.o(.text)
    TIM16_IRQHandler                         0x080000e3   Thumb Code     0  startup_stm32f091xc.o(.text)
    TIM17_IRQHandler                         0x080000e3   Thumb Code     0  startup_stm32f091xc.o(.text)
    TIM1_CC_IRQHandler                       0x080000e3   Thumb Code     0  startup_stm32f091xc.o(.text)
    TIM2_IRQHandler                          0x080000e3   Thumb Code     0  startup_stm32f091xc.o(.text)
    TIM3_IRQHandler                          0x080000e3   Thumb Code     0  startup_stm32f091xc.o(.text)
    TIM6_DAC_IRQHandler                      0x080000e3   Thumb Code     0  startup_stm32f091xc.o(.text)
    TIM7_IRQHandler                          0x080000e3   Thumb Code     0  startup_stm32f091xc.o(.text)
    TSC_IRQHandler                           0x080000e3   Thumb Code     0  startup_stm32f091xc.o(.text)
    USART1_IRQHandler                        0x080000e3   Thumb Code     0  startup_stm32f091xc.o(.text)
    USART2_IRQHandler                        0x080000e3   Thumb Code     0  startup_stm32f091xc.o(.text)
    USART3_8_IRQHandler                      0x080000e3   Thumb Code     0  startup_stm32f091xc.o(.text)
    WWDG_IRQHandler                          0x080000e3   Thumb Code     0  startup_stm32f091xc.o(.text)
    __aeabi_memset                           0x080000ed   Thumb Code    14  memseta.o(.text)
    __aeabi_memset4                          0x080000ed   Thumb Code     0  memseta.o(.text)
    __aeabi_memset8                          0x080000ed   Thumb Code     0  memseta.o(.text)
    __aeabi_memclr                           0x080000fb   Thumb Code     4  memseta.o(.text)
    __aeabi_memclr4                          0x080000fb   Thumb Code     0  memseta.o(.text)
    __aeabi_memclr8                          0x080000fb   Thumb Code     0  memseta.o(.text)
    _memset$wrapper                          0x080000ff   Thumb Code    18  memseta.o(.text)
    __aeabi_uidiv                            0x08000111   Thumb Code     0  uidiv_div0.o(.text)
    __aeabi_uidivmod                         0x08000111   Thumb Code    62  uidiv_div0.o(.text)
    __scatterload                            0x08000151   Thumb Code    28  init.o(.text)
    __scatterload_rt2                        0x08000151   Thumb Code     0  init.o(.text)
    DMA1_Ch1_IRQHandler                      0x08000175   Thumb Code    16  stm32f0xx_it.o(.text.DMA1_Ch1_IRQHandler)
    DMA1_Ch2_3_DMA2_Ch1_2_IRQHandler         0x08000185   Thumb Code    16  stm32f0xx_it.o(.text.DMA1_Ch2_3_DMA2_Ch1_2_IRQHandler)
    Error_Handler                            0x080001d1   Thumb Code     8  main.o(.text.Error_Handler)
    HAL_DMA_IRQHandler                       0x080001d9   Thumb Code   164  stm32f0xx_hal_dma.o(.text.HAL_DMA_IRQHandler)
    HAL_DMA_Init                             0x0800027d   Thumb Code   416  stm32f0xx_hal_dma.o(.text.HAL_DMA_Init)
    HAL_GPIO_Init                            0x0800041d   Thumb Code   608  stm32f0xx_hal_gpio.o(.text.HAL_GPIO_Init)
    HAL_GetTick                              0x0800067d   Thumb Code     8  stm32f0xx_hal.o(.text.HAL_GetTick)
    HAL_IncTick                              0x08000685   Thumb Code    20  stm32f0xx_hal.o(.text.HAL_IncTick)
    HAL_Init                                 0x08000699   Thumb Code    32  stm32f0xx_hal.o(.text.HAL_Init)
    HAL_InitTick                             0x080006b9   Thumb Code    72  stm32f0xx_hal.o(.text.HAL_InitTick)
    HAL_MspInit                              0x08000701   Thumb Code    44  stm32f0xx_hal_msp.o(.text.HAL_MspInit)
    HAL_NVIC_EnableIRQ                       0x0800072d   Thumb Code    24  stm32f0xx_hal_cortex.o(.text.HAL_NVIC_EnableIRQ)
    HAL_NVIC_SetPriority                     0x08000745   Thumb Code    32  stm32f0xx_hal_cortex.o(.text.HAL_NVIC_SetPriority)
    HAL_RCCEx_PeriphCLKConfig                0x08000765   Thumb Code   448  stm32f0xx_hal_rcc_ex.o(.text.HAL_RCCEx_PeriphCLKConfig)
    HAL_RCC_ClockConfig                      0x08000925   Thumb Code   412  stm32f0xx_hal_rcc.o(.text.HAL_RCC_ClockConfig)
    HAL_RCC_GetHCLKFreq                      0x08000ac1   Thumb Code    12  stm32f0xx_hal_rcc.o(.text.HAL_RCC_GetHCLKFreq)
    HAL_RCC_GetPCLK1Freq                     0x08000acd   Thumb Code    28  stm32f0xx_hal_rcc.o(.text.HAL_RCC_GetPCLK1Freq)
    HAL_RCC_GetSysClockFreq                  0x08000ae9   Thumb Code   120  stm32f0xx_hal_rcc.o(.text.HAL_RCC_GetSysClockFreq)
    HAL_RCC_OscConfig                        0x08000b61   Thumb Code  1404  stm32f0xx_hal_rcc.o(.text.HAL_RCC_OscConfig)
    HAL_SYSTICK_Config                       0x080010dd   Thumb Code     8  stm32f0xx_hal_cortex.o(.text.HAL_SYSTICK_Config)
    HAL_TIMEx_BreakCallback                  0x080010e5   Thumb Code     2  stm32f0xx_hal_tim_ex.o(.text.HAL_TIMEx_BreakCallback)
    HAL_TIMEx_CommutCallback                 0x080010e7   Thumb Code     2  stm32f0xx_hal_tim_ex.o(.text.HAL_TIMEx_CommutCallback)
    HAL_TIMEx_ConfigBreakDeadTime            0x080010e9   Thumb Code   260  stm32f0xx_hal_tim_ex.o(.text.HAL_TIMEx_ConfigBreakDeadTime)
    HAL_TIMEx_MasterConfigSynchronization    0x080011ed   Thumb Code   212  stm32f0xx_hal_tim_ex.o(.text.HAL_TIMEx_MasterConfigSynchronization)
    HAL_TIM_Base_Init                        0x080012c1   Thumb Code   284  stm32f0xx_hal_tim.o(.text.HAL_TIM_Base_Init)
    HAL_TIM_Base_MspInit                     0x080013dd   Thumb Code   176  tim.o(.text.HAL_TIM_Base_MspInit)
    HAL_TIM_ConfigClockSource                0x0800148d   Thumb Code   948  stm32f0xx_hal_tim.o(.text.HAL_TIM_ConfigClockSource)
    HAL_TIM_IC_CaptureCallback               0x08001841   Thumb Code     2  stm32f0xx_hal_tim.o(.text.HAL_TIM_IC_CaptureCallback)
    HAL_TIM_IRQHandler                       0x08001843   Thumb Code   328  stm32f0xx_hal_tim.o(.text.HAL_TIM_IRQHandler)
    HAL_TIM_MspPostInit                      0x0800198d   Thumb Code   152  tim.o(.text.HAL_TIM_MspPostInit)
    HAL_TIM_OC_DelayElapsedCallback          0x08001a25   Thumb Code     2  stm32f0xx_hal_tim.o(.text.HAL_TIM_OC_DelayElapsedCallback)
    HAL_TIM_PWM_ConfigChannel                0x08001a29   Thumb Code   484  stm32f0xx_hal_tim.o(.text.HAL_TIM_PWM_ConfigChannel)
    HAL_TIM_PWM_Init                         0x08001c0d   Thumb Code   280  stm32f0xx_hal_tim.o(.text.HAL_TIM_PWM_Init)
    HAL_TIM_PWM_MspInit                      0x08001d25   Thumb Code     2  stm32f0xx_hal_tim.o(.text.HAL_TIM_PWM_MspInit)
    HAL_TIM_PWM_PulseFinishedCallback        0x08001d27   Thumb Code     2  stm32f0xx_hal_tim.o(.text.HAL_TIM_PWM_PulseFinishedCallback)
    HAL_TIM_PeriodElapsedCallback            0x08001d29   Thumb Code     2  stm32f0xx_hal_tim.o(.text.HAL_TIM_PeriodElapsedCallback)
    HAL_TIM_SlaveConfigSynchro               0x08001d2d   Thumb Code   188  stm32f0xx_hal_tim.o(.text.HAL_TIM_SlaveConfigSynchro)
    HAL_TIM_TriggerCallback                  0x08001de9   Thumb Code     2  stm32f0xx_hal_tim.o(.text.HAL_TIM_TriggerCallback)
    HAL_UART_Init                            0x08001ded   Thumb Code   268  stm32f0xx_hal_uart.o(.text.HAL_UART_Init)
    HAL_UART_MspInit                         0x08001ef9   Thumb Code   316  usart.o(.text.HAL_UART_MspInit)
    HardFault_Handler                        0x08002035   Thumb Code     2  stm32f0xx_it.o(.text.HardFault_Handler)
    MX_DMA_Init                              0x08002039   Thumb Code    64  dma.o(.text.MX_DMA_Init)
    MX_GPIO_Init                             0x08002079   Thumb Code    80  gpio.o(.text.MX_GPIO_Init)
    MX_TIM1_Init                             0x080020c9   Thumb Code   224  tim.o(.text.MX_TIM1_Init)
    MX_TIM2_Init                             0x080021a9   Thumb Code   200  tim.o(.text.MX_TIM2_Init)
    MX_TIM3_Init                             0x08002271   Thumb Code   204  tim.o(.text.MX_TIM3_Init)
    MX_USART2_UART_Init                      0x0800233d   Thumb Code    56  usart.o(.text.MX_USART2_UART_Init)
    MX_USART3_UART_Init                      0x08002375   Thumb Code    56  usart.o(.text.MX_USART3_UART_Init)
    NMI_Handler                              0x080023ad   Thumb Code     2  stm32f0xx_it.o(.text.NMI_Handler)
    PendSV_Handler                           0x080023af   Thumb Code     2  stm32f0xx_it.o(.text.PendSV_Handler)
    SVC_Handler                              0x080023b1   Thumb Code     2  stm32f0xx_it.o(.text.SVC_Handler)
    SysTick_Handler                          0x080023dd   Thumb Code     8  stm32f0xx_it.o(.text.SysTick_Handler)
    SystemClock_Config                       0x080023e5   Thumb Code   124  main.o(.text.SystemClock_Config)
    SystemInit                               0x08002461   Thumb Code     2  system_stm32f0xx.o(.text.SystemInit)
    TIM1_BRK_UP_TRG_COM_IRQHandler           0x08002465   Thumb Code    16  stm32f0xx_it.o(.text.TIM1_BRK_UP_TRG_COM_IRQHandler)
    TIM_Base_SetConfig                       0x08002475   Thumb Code   184  stm32f0xx_hal_tim.o(.text.TIM_Base_SetConfig)
    TIM_ETR_SetConfig                        0x0800252d   Thumb Code    22  stm32f0xx_hal_tim.o(.text.TIM_ETR_SetConfig)
    TIM_OC2_SetConfig                        0x08002631   Thumb Code   216  stm32f0xx_hal_tim.o(.text.TIM_OC2_SetConfig)
    UART_AdvFeatureConfig                    0x08002b4d   Thumb Code   424  stm32f0xx_hal_uart.o(.text.UART_AdvFeatureConfig)
    UART_CheckIdleState                      0x08002cf5   Thumb Code   112  stm32f0xx_hal_uart.o(.text.UART_CheckIdleState)
    UART_SetConfig                           0x08002d65   Thumb Code   632  stm32f0xx_hal_uart.o(.text.UART_SetConfig)
    UART_WaitOnFlagUntilTimeout              0x08002fdd   Thumb Code   180  stm32f0xx_hal_uart.o(.text.UART_WaitOnFlagUntilTimeout)
    assert_failed                            0x080030e9   Thumb Code     2  main.o(.text.assert_failed)
    main                                     0x080030eb   Thumb Code    38  main.o(.text.main)
    __scatterload_copy                       0x08003111   Thumb Code    14  handlers.o(i.__scatterload_copy)
    __scatterload_null                       0x0800311f   Thumb Code     2  handlers.o(i.__scatterload_null)
    __scatterload_zeroinit                   0x08003121   Thumb Code    14  handlers.o(i.__scatterload_zeroinit)
    AHBPrescTable                            0x0800312e   Data          16  system_stm32f0xx.o(.rodata.AHBPrescTable)
    APBPrescTable                            0x0800313e   Data           8  system_stm32f0xx.o(.rodata.APBPrescTable)
    Region$$Table$$Base                      0x08003314   Number         0  anon$$obj.o(Region$$Table)
    Region$$Table$$Limit                     0x08003334   Number         0  anon$$obj.o(Region$$Table)
    SystemCoreClock                          0x20000000   Data           4  system_stm32f0xx.o(.data.SystemCoreClock)
    uwTickFreq                               0x20000004   Data           1  stm32f0xx_hal.o(.data.uwTickFreq)
    uwTickPrio                               0x20000008   Data           4  stm32f0xx_hal.o(.data.uwTickPrio)
    hdma_usart3_rx                           0x20000010   Data          68  usart.o(.bss.hdma_usart3_rx)
    hdma_usart3_tx                           0x20000054   Data          68  usart.o(.bss.hdma_usart3_tx)
    htim1                                    0x20000098   Data          72  tim.o(.bss.htim1)
    htim2                                    0x200000e0   Data          72  tim.o(.bss.htim2)
    htim3                                    0x20000128   Data          72  tim.o(.bss.htim3)
    huart2                                   0x20000170   Data         132  usart.o(.bss.huart2)
    huart3                                   0x200001f4   Data         132  usart.o(.bss.huart3)
    uwTick                                   0x20000278   Data           4  stm32f0xx_hal.o(.bss.uwTick)
    __initial_sp                             0x20000680   Data           0  startup_stm32f091xc.o(STACK)



==============================================================================

Memory Map of the image

  Image Entry point : 0x080000bd

  Load Region LR_IROM1 (Base: 0x08000000, Size: 0x00003348, Max: 0x00040000, ABSOLUTE)

    Execution Region ER_IROM1 (Exec base: 0x08000000, Load base: 0x08000000, Size: 0x00003334, Max: 0x00040000, ABSOLUTE)

    Exec Addr    Load Addr    Size         Type   Attr      Idx    E Section Name        Object

    0x08000000   0x08000000   0x000000bc   Data   RO            3    RESET               startup_stm32f091xc.o
    0x080000bc   0x080000bc   0x00000000   Code   RO         1233  * .ARM.Collect$$$$00000000  mc_p.l(entry.o)
    0x080000bc   0x080000bc   0x00000004   Code   RO         1246    .ARM.Collect$$$$00000001  mc_p.l(entry2.o)
    0x080000c0   0x080000c0   0x00000004   Code   RO         1249    .ARM.Collect$$$$00000004  mc_p.l(entry5.o)
    0x080000c4   0x080000c4   0x00000000   Code   RO         1251    .ARM.Collect$$$$00000008  mc_p.l(entry7b.o)
    0x080000c4   0x080000c4   0x00000000   Code   RO         1253    .ARM.Collect$$$$0000000A  mc_p.l(entry8b.o)
    0x080000c4   0x080000c4   0x00000008   Code   RO         1254    .ARM.Collect$$$$0000000B  mc_p.l(entry9a.o)
    0x080000cc   0x080000cc   0x00000000   Code   RO         1256    .ARM.Collect$$$$0000000D  mc_p.l(entry10a.o)
    0x080000cc   0x080000cc   0x00000000   Code   RO         1258    .ARM.Collect$$$$0000000F  mc_p.l(entry11a.o)
    0x080000cc   0x080000cc   0x00000004   Code   RO         1247    .ARM.Collect$$$$00002712  mc_p.l(entry2.o)
    0x080000d0   0x080000d0   0x0000001c   Code   RO            4    .text               startup_stm32f091xc.o
    0x080000ec   0x080000ec   0x00000024   Code   RO         1244    .text               mc_p.l(memseta.o)
    0x08000110   0x08000110   0x0000003e   Code   RO         1264    .text               mc_p.l(uidiv_div0.o)
    0x0800014e   0x0800014e   0x00000002   PAD
    0x08000150   0x08000150   0x00000024   Code   RO         1270    .text               mc_p.l(init.o)
    0x08000174   0x08000174   0x00000010   Code   RO           96    .text.DMA1_Ch1_IRQHandler  stm32f0xx_it.o
    0x08000184   0x08000184   0x00000010   Code   RO           98    .text.DMA1_Ch2_3_DMA2_Ch1_2_IRQHandler  stm32f0xx_it.o
    0x08000194   0x08000194   0x0000003c   Code   RO          797    .text.DMA_CalcBaseAndBitshift  stm32f0xx_hal_dma.o
    0x080001d0   0x080001d0   0x00000008   Code   RO           15    .text.Error_Handler  main.o
    0x080001d8   0x080001d8   0x000000a4   Code   RO          813    .text.HAL_DMA_IRQHandler  stm32f0xx_hal_dma.o
    0x0800027c   0x0800027c   0x000001a0   Code   RO          795    .text.HAL_DMA_Init  stm32f0xx_hal_dma.o
    0x0800041c   0x0800041c   0x00000260   Code   RO          770    .text.HAL_GPIO_Init  stm32f0xx_hal_gpio.o
    0x0800067c   0x0800067c   0x00000008   Code   RO          537    .text.HAL_GetTick   stm32f0xx_hal.o
    0x08000684   0x08000684   0x00000014   Code   RO          535    .text.HAL_IncTick   stm32f0xx_hal.o
    0x08000698   0x08000698   0x00000020   Code   RO          525    .text.HAL_Init      stm32f0xx_hal.o
    0x080006b8   0x080006b8   0x00000048   Code   RO          527    .text.HAL_InitTick  stm32f0xx_hal.o
    0x08000700   0x08000700   0x0000002c   Code   RO          109    .text.HAL_MspInit   stm32f0xx_hal_msp.o
    0x0800072c   0x0800072c   0x00000018   Code   RO          836    .text.HAL_NVIC_EnableIRQ  stm32f0xx_hal_cortex.o
    0x08000744   0x08000744   0x00000020   Code   RO          832    .text.HAL_NVIC_SetPriority  stm32f0xx_hal_cortex.o
    0x08000764   0x08000764   0x000001c0   Code   RO          492    .text.HAL_RCCEx_PeriphCLKConfig  stm32f0xx_hal_rcc_ex.o
    0x08000924   0x08000924   0x0000019c   Code   RO          461    .text.HAL_RCC_ClockConfig  stm32f0xx_hal_rcc.o
    0x08000ac0   0x08000ac0   0x0000000c   Code   RO          471    .text.HAL_RCC_GetHCLKFreq  stm32f0xx_hal_rcc.o
    0x08000acc   0x08000acc   0x0000001c   Code   RO          473    .text.HAL_RCC_GetPCLK1Freq  stm32f0xx_hal_rcc.o
    0x08000ae8   0x08000ae8   0x00000078   Code   RO          463    .text.HAL_RCC_GetSysClockFreq  stm32f0xx_hal_rcc.o
    0x08000b60   0x08000b60   0x0000057c   Code   RO          459    .text.HAL_RCC_OscConfig  stm32f0xx_hal_rcc.o
    0x080010dc   0x080010dc   0x00000008   Code   RO          848    .text.HAL_SYSTICK_Config  stm32f0xx_hal_cortex.o
    0x080010e4   0x080010e4   0x00000002   Code   RO          442    .text.HAL_TIMEx_BreakCallback  stm32f0xx_hal_tim_ex.o
    0x080010e6   0x080010e6   0x00000002   Code   RO          438    .text.HAL_TIMEx_CommutCallback  stm32f0xx_hal_tim_ex.o
    0x080010e8   0x080010e8   0x00000104   Code   RO          434    .text.HAL_TIMEx_ConfigBreakDeadTime  stm32f0xx_hal_tim_ex.o
    0x080011ec   0x080011ec   0x000000d4   Code   RO          432    .text.HAL_TIMEx_MasterConfigSynchronization  stm32f0xx_hal_tim_ex.o
    0x080012c0   0x080012c0   0x0000011c   Code   RO          117    .text.HAL_TIM_Base_Init  stm32f0xx_hal_tim.o
    0x080013dc   0x080013dc   0x000000b0   Code   RO           51    .text.HAL_TIM_Base_MspInit  tim.o
    0x0800148c   0x0800148c   0x000003b4   Code   RO          309    .text.HAL_TIM_ConfigClockSource  stm32f0xx_hal_tim.o
    0x08001840   0x08001840   0x00000002   Code   RO          253    .text.HAL_TIM_IC_CaptureCallback  stm32f0xx_hal_tim.o
    0x08001842   0x08001842   0x00000148   Code   RO          251    .text.HAL_TIM_IRQHandler  stm32f0xx_hal_tim.o
    0x0800198a   0x0800198a   0x00000002   PAD
    0x0800198c   0x0800198c   0x00000098   Code   RO           45    .text.HAL_TIM_MspPostInit  tim.o
    0x08001a24   0x08001a24   0x00000002   Code   RO          255    .text.HAL_TIM_OC_DelayElapsedCallback  stm32f0xx_hal_tim.o
    0x08001a26   0x08001a26   0x00000002   PAD
    0x08001a28   0x08001a28   0x000001e4   Code   RO          283    .text.HAL_TIM_PWM_ConfigChannel  stm32f0xx_hal_tim.o
    0x08001c0c   0x08001c0c   0x00000118   Code   RO          171    .text.HAL_TIM_PWM_Init  stm32f0xx_hal_tim.o
    0x08001d24   0x08001d24   0x00000002   Code   RO          173    .text.HAL_TIM_PWM_MspInit  stm32f0xx_hal_tim.o
    0x08001d26   0x08001d26   0x00000002   Code   RO          257    .text.HAL_TIM_PWM_PulseFinishedCallback  stm32f0xx_hal_tim.o
    0x08001d28   0x08001d28   0x00000002   Code   RO          259    .text.HAL_TIM_PeriodElapsedCallback  stm32f0xx_hal_tim.o
    0x08001d2a   0x08001d2a   0x00000002   PAD
    0x08001d2c   0x08001d2c   0x000000bc   Code   RO          319    .text.HAL_TIM_SlaveConfigSynchro  stm32f0xx_hal_tim.o
    0x08001de8   0x08001de8   0x00000002   Code   RO          261    .text.HAL_TIM_TriggerCallback  stm32f0xx_hal_tim.o
    0x08001dea   0x08001dea   0x00000002   PAD
    0x08001dec   0x08001dec   0x0000010c   Code   RO         1049    .text.HAL_UART_Init  stm32f0xx_hal_uart.o
    0x08001ef8   0x08001ef8   0x0000013c   Code   RO           70    .text.HAL_UART_MspInit  usart.o
    0x08002034   0x08002034   0x00000002   Code   RO           88    .text.HardFault_Handler  stm32f0xx_it.o
    0x08002036   0x08002036   0x00000002   PAD
    0x08002038   0x08002038   0x00000040   Code   RO           35    .text.MX_DMA_Init   dma.o
    0x08002078   0x08002078   0x00000050   Code   RO           27    .text.MX_GPIO_Init  gpio.o
    0x080020c8   0x080020c8   0x000000e0   Code   RO           43    .text.MX_TIM1_Init  tim.o
    0x080021a8   0x080021a8   0x000000c8   Code   RO           47    .text.MX_TIM2_Init  tim.o
    0x08002270   0x08002270   0x000000cc   Code   RO           49    .text.MX_TIM3_Init  tim.o
    0x0800233c   0x0800233c   0x00000038   Code   RO           66    .text.MX_USART2_UART_Init  usart.o
    0x08002374   0x08002374   0x00000038   Code   RO           68    .text.MX_USART3_UART_Init  usart.o
    0x080023ac   0x080023ac   0x00000002   Code   RO           86    .text.NMI_Handler   stm32f0xx_it.o
    0x080023ae   0x080023ae   0x00000002   Code   RO           92    .text.PendSV_Handler  stm32f0xx_it.o
    0x080023b0   0x080023b0   0x00000002   Code   RO           90    .text.SVC_Handler   stm32f0xx_it.o
    0x080023b2   0x080023b2   0x00000002   PAD
    0x080023b4   0x080023b4   0x00000028   Code   RO          850    .text.SysTick_Config  stm32f0xx_hal_cortex.o
    0x080023dc   0x080023dc   0x00000008   Code   RO           94    .text.SysTick_Handler  stm32f0xx_it.o
    0x080023e4   0x080023e4   0x0000007c   Code   RO           13    .text.SystemClock_Config  main.o
    0x08002460   0x08002460   0x00000002   Code   RO         1219    .text.SystemInit    system_stm32f0xx.o
    0x08002462   0x08002462   0x00000002   PAD
    0x08002464   0x08002464   0x00000010   Code   RO          100    .text.TIM1_BRK_UP_TRG_COM_IRQHandler  stm32f0xx_it.o
    0x08002474   0x08002474   0x000000b8   Code   RO          121    .text.TIM_Base_SetConfig  stm32f0xx_hal_tim.o
    0x0800252c   0x0800252c   0x00000016   Code   RO          307    .text.TIM_ETR_SetConfig  stm32f0xx_hal_tim.o
    0x08002542   0x08002542   0x00000010   Code   RO          313    .text.TIM_ITRx_SetConfig  stm32f0xx_hal_tim.o
    0x08002552   0x08002552   0x00000002   PAD
    0x08002554   0x08002554   0x000000dc   Code   RO          265    .text.TIM_OC1_SetConfig  stm32f0xx_hal_tim.o
    0x08002630   0x08002630   0x000000d8   Code   RO          267    .text.TIM_OC2_SetConfig  stm32f0xx_hal_tim.o
    0x08002708   0x08002708   0x000000ec   Code   RO          269    .text.TIM_OC3_SetConfig  stm32f0xx_hal_tim.o
    0x080027f4   0x080027f4   0x00000094   Code   RO          271    .text.TIM_OC4_SetConfig  stm32f0xx_hal_tim.o
    0x08002888   0x08002888   0x0000027c   Code   RO          321    .text.TIM_SlaveTimer_SetConfig  stm32f0xx_hal_tim.o
    0x08002b04   0x08002b04   0x00000022   Code   RO          311    .text.TIM_TI1_ConfigInputStage  stm32f0xx_hal_tim.o
    0x08002b26   0x08002b26   0x00000026   Code   RO          315    .text.TIM_TI2_ConfigInputStage  stm32f0xx_hal_tim.o
    0x08002b4c   0x08002b4c   0x000001a8   Code   RO         1055    .text.UART_AdvFeatureConfig  stm32f0xx_hal_uart.o
    0x08002cf4   0x08002cf4   0x00000070   Code   RO         1057    .text.UART_CheckIdleState  stm32f0xx_hal_uart.o
    0x08002d64   0x08002d64   0x00000278   Code   RO         1053    .text.UART_SetConfig  stm32f0xx_hal_uart.o
    0x08002fdc   0x08002fdc   0x000000b4   Code   RO         1071    .text.UART_WaitOnFlagUntilTimeout  stm32f0xx_hal_uart.o
    0x08003090   0x08003090   0x00000018   Code   RO          838    .text.__NVIC_EnableIRQ  stm32f0xx_hal_cortex.o
    0x080030a8   0x080030a8   0x00000040   Code   RO          834    .text.__NVIC_SetPriority  stm32f0xx_hal_cortex.o
    0x080030e8   0x080030e8   0x00000002   Code   RO           17    .text.assert_failed  main.o
    0x080030ea   0x080030ea   0x00000026   Code   RO           11    .text.main          main.o
    0x08003110   0x08003110   0x0000000e   Code   RO         1274    i.__scatterload_copy  mc_p.l(handlers.o)
    0x0800311e   0x0800311e   0x00000002   Code   RO         1275    i.__scatterload_null  mc_p.l(handlers.o)
    0x08003120   0x08003120   0x0000000e   Code   RO         1276    i.__scatterload_zeroinit  mc_p.l(handlers.o)
    0x0800312e   0x0800312e   0x00000010   Data   RO         1224    .rodata.AHBPrescTable  system_stm32f0xx.o
    0x0800313e   0x0800313e   0x00000008   Data   RO         1225    .rodata.APBPrescTable  system_stm32f0xx.o
    0x08003146   0x08003146   0x00000038   Data   RO          355    .rodata.str1.1      stm32f0xx_hal_tim.o
    0x0800317e   0x0800317e   0x0000003b   Data   RO          448    .rodata.str1.1      stm32f0xx_hal_tim_ex.o
    0x080031b9   0x080031b9   0x00000038   Data   RO          483    .rodata.str1.1      stm32f0xx_hal_rcc.o
    0x080031f1   0x080031f1   0x0000003b   Data   RO          516    .rodata.str1.1      stm32f0xx_hal_rcc_ex.o
    0x0800322c   0x0800322c   0x00000039   Data   RO          786    .rodata.str1.1      stm32f0xx_hal_gpio.o
    0x08003265   0x08003265   0x00000038   Data   RO          823    .rodata.str1.1      stm32f0xx_hal_dma.o
    0x0800329d   0x0800329d   0x0000003b   Data   RO          874    .rodata.str1.1      stm32f0xx_hal_cortex.o
    0x080032d8   0x080032d8   0x00000039   Data   RO         1181    .rodata.str1.1      stm32f0xx_hal_uart.o
    0x08003311   0x08003311   0x00000003   PAD
    0x08003314   0x08003314   0x00000020   Data   RO         1273    Region$$Table       anon$$obj.o


    Execution Region RW_IRAM1 (Exec base: 0x20000000, Load base: 0x08003338, Size: 0x00000680, Max: 0x00008000, ABSOLUTE)

    Exec Addr    Load Addr    Size         Type   Attr      Idx    E Section Name        Object

    0x20000000   0x08003338   0x00000004   Data   RW         1223    .data.SystemCoreClock  system_stm32f0xx.o
    0x20000004   0x0800333c   0x00000001   Data   RW          572    .data.uwTickFreq    stm32f0xx_hal.o
    0x20000005   0x0800333d   0x00000003   PAD
    0x20000008   0x08003340   0x00000004   Data   RW          571    .data.uwTickPrio    stm32f0xx_hal.o
    0x2000000c   0x08003344   0x00000004   PAD
    0x20000010        -       0x00000044   Zero   RW           76    .bss.hdma_usart3_rx  usart.o
    0x20000054        -       0x00000044   Zero   RW           77    .bss.hdma_usart3_tx  usart.o
    0x20000098        -       0x00000048   Zero   RW           55    .bss.htim1          tim.o
    0x200000e0        -       0x00000048   Zero   RW           56    .bss.htim2          tim.o
    0x20000128        -       0x00000048   Zero   RW           57    .bss.htim3          tim.o
    0x20000170        -       0x00000084   Zero   RW           74    .bss.huart2         usart.o
    0x200001f4        -       0x00000084   Zero   RW           75    .bss.huart3         usart.o
    0x20000278        -       0x00000004   Zero   RW          573    .bss.uwTick         stm32f0xx_hal.o
    0x2000027c   0x08003344   0x00000004   PAD
    0x20000280        -       0x00000400   Zero   RW            1    STACK               startup_stm32f091xc.o


==============================================================================

Image component sizes


      Code (inc. data)   RO Data    RW Data    ZI Data      Debug   Object Name

        64          0          0          0          0       1719   dma.o
        80          4          0          0          0       1037   gpio.o
       172          4          0          0          0       2163   main.o
        28          8        188          0       1024        616   startup_stm32f091xc.o
       132         20          0          5          4       5452   stm32f0xx_hal.o
       192         20         59          0          0       5993   stm32f0xx_hal_cortex.o
       640         84         56          0          0       8018   stm32f0xx_hal_dma.o
       608         56         57          0          0       5344   stm32f0xx_hal_gpio.o
        44          4          0          0          0       1015   stm32f0xx_hal_msp.o
      1976        100         56          0          0       7922   stm32f0xx_hal_rcc.o
       448         20         59          0          0       6131   stm32f0xx_hal_rcc_ex.o
      4274        300         56          0          0      51088   stm32f0xx_hal_tim.o
       476         20         59          0          0      19087   stm32f0xx_hal_tim_ex.o
      1616        160         57          0          0      24935   stm32f0xx_hal_uart.o
        64         12          0          0          0       1032   stm32f0xx_it.o
         2          0         24          4          0       1689   system_stm32f0xx.o
       956         48          0          0        216       7912   tim.o
       428         44          0          0        400       5193   usart.o

    ----------------------------------------------------------------------
     12216        904        706         12       1652     156346   Object Totals
         0          0         32          0          0          0   (incl. Generated)
        16          0          3          3          8          0   (incl. Padding)

    ----------------------------------------------------------------------

      Code (inc. data)   RO Data    RW Data    ZI Data      Debug   Library Member Name

         0          0          0          0          0          0   entry.o
         0          0          0          0          0          0   entry10a.o
         0          0          0          0          0          0   entry11a.o
         8          4          0          0          0          0   entry2.o
         4          0          0          0          0          0   entry5.o
         0          0          0          0          0          0   entry7b.o
         0          0          0          0          0          0   entry8b.o
         8          4          0          0          0          0   entry9a.o
        30          0          0          0          0          0   handlers.o
        36          8          0          0          0         68   init.o
        36          0          0          0          0        100   memseta.o
        62          0          0          0          0         72   uidiv_div0.o

    ----------------------------------------------------------------------
       186         16          0          0          0        240   Library Totals
         2          0          0          0          0          0   (incl. Padding)

    ----------------------------------------------------------------------

      Code (inc. data)   RO Data    RW Data    ZI Data      Debug   Library Name

       184         16          0          0          0        240   mc_p.l

    ----------------------------------------------------------------------
       186         16          0          0          0        240   Library Totals

    ----------------------------------------------------------------------

==============================================================================


      Code (inc. data)   RO Data    RW Data    ZI Data      Debug   

     12402        920        706         12       1652     156482   Grand Totals
     12402        920        706         12       1652     156482   ELF Image Totals
     12402        920        706         12          0          0   ROM Totals

==============================================================================

    Total RO  Size (Code + RO Data)                13108 (  12.80kB)
    Total RW  Size (RW Data + ZI Data)              1664 (   1.63kB)
    Total ROM Size (Code + RO Data + RW Data)      13120 (  12.81kB)

==============================================================================

