Component: ARM Compiler 6.15 Tool: armlink [5dd79300]

==============================================================================

Section Cross References

    startup_stm32f091xc.o(RESET) refers to startup_stm32f091xc.o(STACK) for __initial_sp
    startup_stm32f091xc.o(RESET) refers to startup_stm32f091xc.o(.text) for Reset_Handler
    startup_stm32f091xc.o(RESET) refers to stm32f0xx_it.o(.text.NMI_Handler) for NMI_Handler
    startup_stm32f091xc.o(RESET) refers to stm32f0xx_it.o(.text.HardFault_Handler) for HardFault_Handler
    startup_stm32f091xc.o(RESET) refers to stm32f0xx_it.o(.text.SVC_Handler) for SVC_Handler
    startup_stm32f091xc.o(RESET) refers to stm32f0xx_it.o(.text.PendSV_Handler) for PendSV_Handler
    startup_stm32f091xc.o(RESET) refers to stm32f0xx_it.o(.text.SysTick_Handler) for SysTick_Handler
    startup_stm32f091xc.o(RESET) refers to stm32f0xx_it.o(.text.DMA1_Ch1_IRQHandler) for DMA1_Ch1_IRQHandler
    startup_stm32f091xc.o(RESET) refers to stm32f0xx_it.o(.text.DMA1_Ch2_3_DMA2_Ch1_2_IRQHandler) for DMA1_Ch2_3_DMA2_Ch1_2_IRQHandler
    startup_stm32f091xc.o(RESET) refers to stm32f0xx_it.o(.text.TIM1_BRK_UP_TRG_COM_IRQHandler) for TIM1_BRK_UP_TRG_COM_IRQHandler
    startup_stm32f091xc.o(.text) refers to system_stm32f0xx.o(.text.SystemInit) for SystemInit
    startup_stm32f091xc.o(.text) refers to entry.o(.ARM.Collect$$$$00000000) for __main
    main.o(.text.main) refers to stm32f0xx_hal.o(.text.HAL_Init) for HAL_Init
    main.o(.text.main) refers to main.o(.text.SystemClock_Config) for SystemClock_Config
    main.o(.text.main) refers to gpio.o(.text.MX_GPIO_Init) for MX_GPIO_Init
    main.o(.text.main) refers to dma.o(.text.MX_DMA_Init) for MX_DMA_Init
    main.o(.text.main) refers to usart.o(.text.MX_USART2_UART_Init) for MX_USART2_UART_Init
    main.o(.text.main) refers to usart.o(.text.MX_USART3_UART_Init) for MX_USART3_UART_Init
    main.o(.text.main) refers to tim.o(.text.MX_TIM1_Init) for MX_TIM1_Init
    main.o(.text.main) refers to tim.o(.text.MX_TIM2_Init) for MX_TIM2_Init
    main.o(.text.main) refers to tim.o(.text.MX_TIM3_Init) for MX_TIM3_Init
    main.o(.text.main) refers to i2c.o(.text.MX_I2C1_Init) for MX_I2C1_Init
    main.o(.ARM.exidx.text.main) refers to main.o(.text.main) for [Anonymous Symbol]
    main.o(.text.SystemClock_Config) refers to memseta.o(.text) for __aeabi_memclr4
    main.o(.text.SystemClock_Config) refers to stm32f0xx_hal_rcc.o(.text.HAL_RCC_OscConfig) for HAL_RCC_OscConfig
    main.o(.text.SystemClock_Config) refers to stm32f0xx_hal_rcc.o(.text.HAL_RCC_ClockConfig) for HAL_RCC_ClockConfig
    main.o(.text.SystemClock_Config) refers to stm32f0xx_hal_rcc_ex.o(.text.HAL_RCCEx_PeriphCLKConfig) for HAL_RCCEx_PeriphCLKConfig
    main.o(.text.SystemClock_Config) refers to main.o(.text.Error_Handler) for Error_Handler
    main.o(.ARM.exidx.text.SystemClock_Config) refers to main.o(.text.SystemClock_Config) for [Anonymous Symbol]
    main.o(.ARM.exidx.text.Error_Handler) refers to main.o(.text.Error_Handler) for [Anonymous Symbol]
    main.o(.ARM.exidx.text.assert_failed) refers to main.o(.text.assert_failed) for [Anonymous Symbol]
    gpio.o(.text.MX_GPIO_Init) refers to stm32f0xx_hal_gpio.o(.text.HAL_GPIO_WritePin) for HAL_GPIO_WritePin
    gpio.o(.text.MX_GPIO_Init) refers to stm32f0xx_hal_gpio.o(.text.HAL_GPIO_Init) for HAL_GPIO_Init
    gpio.o(.ARM.exidx.text.MX_GPIO_Init) refers to gpio.o(.text.MX_GPIO_Init) for [Anonymous Symbol]
    dma.o(.text.MX_DMA_Init) refers to stm32f0xx_hal_cortex.o(.text.HAL_NVIC_SetPriority) for HAL_NVIC_SetPriority
    dma.o(.text.MX_DMA_Init) refers to stm32f0xx_hal_cortex.o(.text.HAL_NVIC_EnableIRQ) for HAL_NVIC_EnableIRQ
    dma.o(.ARM.exidx.text.MX_DMA_Init) refers to dma.o(.text.MX_DMA_Init) for [Anonymous Symbol]
    i2c.o(.text.MX_I2C1_Init) refers to stm32f0xx_hal_i2c.o(.text.HAL_I2C_Init) for HAL_I2C_Init
    i2c.o(.text.MX_I2C1_Init) refers to main.o(.text.Error_Handler) for Error_Handler
    i2c.o(.text.MX_I2C1_Init) refers to stm32f0xx_hal_i2c_ex.o(.text.HAL_I2CEx_ConfigAnalogFilter) for HAL_I2CEx_ConfigAnalogFilter
    i2c.o(.text.MX_I2C1_Init) refers to stm32f0xx_hal_i2c_ex.o(.text.HAL_I2CEx_ConfigDigitalFilter) for HAL_I2CEx_ConfigDigitalFilter
    i2c.o(.text.MX_I2C1_Init) refers to i2c.o(.bss.hi2c1) for hi2c1
    i2c.o(.ARM.exidx.text.MX_I2C1_Init) refers to i2c.o(.text.MX_I2C1_Init) for [Anonymous Symbol]
    i2c.o(.text.HAL_I2C_MspInit) refers to stm32f0xx_hal_gpio.o(.text.HAL_GPIO_Init) for HAL_GPIO_Init
    i2c.o(.ARM.exidx.text.HAL_I2C_MspInit) refers to i2c.o(.text.HAL_I2C_MspInit) for [Anonymous Symbol]
    i2c.o(.text.HAL_I2C_MspDeInit) refers to stm32f0xx_hal_gpio.o(.text.HAL_GPIO_DeInit) for HAL_GPIO_DeInit
    i2c.o(.ARM.exidx.text.HAL_I2C_MspDeInit) refers to i2c.o(.text.HAL_I2C_MspDeInit) for [Anonymous Symbol]
    tim.o(.text.MX_TIM1_Init) refers to stm32f0xx_hal_tim.o(.text.HAL_TIM_Base_Init) for HAL_TIM_Base_Init
[...]
    Removing stm32f0xx_hal_uart.o(.ARM.exidx.text.HAL_LIN_Init), (8 bytes).
    Removing stm32f0xx_hal_uart.o(.text.HAL_MultiProcessor_Init), (168 bytes).
    Removing stm32f0xx_hal_uart.o(.ARM.exidx.text.HAL_MultiProcessor_Init), (8 bytes).
    Removing stm32f0xx_hal_uart.o(.text.HAL_UART_DeInit), (184 bytes).
    Removing stm32f0xx_hal_uart.o(.ARM.exidx.text.HAL_UART_DeInit), (8 bytes).
    Removing stm32f0xx_hal_uart.o(.text.HAL_UART_MspDeInit), (2 bytes).
    Removing stm32f0xx_hal_uart.o(.ARM.exidx.text.HAL_UART_MspDeInit), (8 bytes).
    Removing stm32f0xx_hal_uart.o(.text.HAL_UART_Transmit), (252 bytes).
    Removing stm32f0xx_hal_uart.o(.ARM.exidx.text.HAL_UART_Transmit), (8 bytes).
    Removing stm32f0xx_hal_uart.o(.ARM.exidx.text.UART_WaitOnFlagUntilTimeout), (8 bytes).
    Removing stm32f0xx_hal_uart.o(.text.HAL_UART_Receive), (308 bytes).
    Removing stm32f0xx_hal_uart.o(.ARM.exidx.text.HAL_UART_Receive), (8 bytes).
    Removing stm32f0xx_hal_uart.o(.text.HAL_UART_Transmit_IT), (132 bytes).
    Removing stm32f0xx_hal_uart.o(.ARM.exidx.text.HAL_UART_Transmit_IT), (8 bytes).
    Removing stm32f0xx_hal_uart.o(.text.UART_TxISR_16BIT), (68 bytes).
    Removing stm32f0xx_hal_uart.o(.ARM.exidx.text.UART_TxISR_16BIT), (8 bytes).
    Removing stm32f0xx_hal_uart.o(.text.UART_TxISR_8BIT), (60 bytes).
    Removing stm32f0xx_hal_uart.o(.ARM.exidx.text.UART_TxISR_8BIT), (8 bytes).
    Removing stm32f0xx_hal_uart.o(.text.HAL_UART_Receive_IT), (92 bytes).
    Removing stm32f0xx_hal_uart.o(.ARM.exidx.text.HAL_UART_Receive_IT), (8 bytes).
    Removing stm32f0xx_hal_uart.o(.text.UART_Start_Receive_IT), (140 bytes).
    Removing stm32f0xx_hal_uart.o(.ARM.exidx.text.UART_Start_Receive_IT), (8 bytes).
    Removing stm32f0xx_hal_uart.o(.text.HAL_UART_Transmit_DMA), (168 bytes).
    Removing stm32f0xx_hal_uart.o(.ARM.exidx.text.HAL_UART_Transmit_DMA), (8 bytes).
    Removing stm32f0xx_hal_uart.o(.text.UART_DMATransmitCplt), (44 bytes).
    Removing stm32f0xx_hal_uart.o(.ARM.exidx.text.UART_DMATransmitCplt), (8 bytes).
    Removing stm32f0xx_hal_uart.o(.text.UART_DMATxHalfCplt), (10 bytes).
    Removing stm32f0xx_hal_uart.o(.ARM.exidx.text.UART_DMATxHalfCplt), (8 bytes).
    Removing stm32f0xx_hal_uart.o(.text.UART_DMAError), (84 bytes).
    Removing stm32f0xx_hal_uart.o(.ARM.exidx.text.UART_DMAError), (8 bytes).
    Removing stm32f0xx_hal_uart.o(.text.HAL_UART_Receive_DMA), (94 bytes).
    Removing stm32f0xx_hal_uart.o(.ARM.exidx.text.HAL_UART_Receive_DMA), (8 bytes).
    Removing stm32f0xx_hal_uart.o(.text.UART_Start_Receive_DMA), (120 bytes).
    Removing stm32f0xx_hal_uart.o(.ARM.exidx.text.UART_Start_Receive_DMA), (8 bytes).
    Removing stm32f0xx_hal_uart.o(.text.HAL_UART_DMAPause), (84 bytes).
    Removing stm32f0xx_hal_uart.o(.ARM.exidx.text.HAL_UART_DMAPause), (8 bytes).
    Removing stm32f0xx_hal_uart.o(.text.HAL_UART_DMAResume), (78 bytes).
    Removing stm32f0xx_hal_uart.o(.ARM.exidx.text.HAL_UART_DMAResume), (8 bytes).
    Removing stm32f0xx_hal_uart.o(.text.HAL_UART_DMAStop), (134 bytes).
    Removing stm32f0xx_hal_uart.o(.ARM.exidx.text.HAL_UART_DMAStop), (8 bytes).
    Removing stm32f0xx_hal_uart.o(.text.UART_EndTxTransfer), (16 bytes).
    Removing stm32f0xx_hal_uart.o(.ARM.exidx.text.UART_EndTxTransfer), (8 bytes).
    Removing stm32f0xx_hal_uart.o(.text.UART_EndRxTransfer), (46 bytes).
    Removing stm32f0xx_hal_uart.o(.ARM.exidx.text.UART_EndRxTransfer), (8 bytes).
    Removing stm32f0xx_hal_uart.o(.text.HAL_UART_Abort), (172 bytes).
    Removing stm32f0xx_hal_uart.o(.ARM.exidx.text.HAL_UART_Abort), (8 bytes).
    Removing stm32f0xx_hal_uart.o(.text.HAL_UART_AbortTransmit), (80 bytes).
    Removing stm32f0xx_hal_uart.o(.ARM.exidx.text.HAL_UART_AbortTransmit), (8 bytes).
    Removing stm32f0xx_hal_uart.o(.text.HAL_UART_AbortReceive), (120 bytes).
    Removing stm32f0xx_hal_uart.o(.ARM.exidx.text.HAL_UART_AbortReceive), (8 bytes).
    Removing stm32f0xx_hal_uart.o(.text.HAL_UART_Abort_IT), (224 bytes).
    Removing stm32f0xx_hal_uart.o(.ARM.exidx.text.HAL_UART_Abort_IT), (8 bytes).
    Removing stm32f0xx_hal_uart.o(.text.UART_DMATxAbortCallback), (58 bytes).
    Removing stm32f0xx_hal_uart.o(.ARM.exidx.text.UART_DMATxAbortCallback), (8 bytes).
    Removing stm32f0xx_hal_uart.o(.text.UART_DMARxAbortCallback), (66 bytes).
    Removing stm32f0xx_hal_uart.o(.ARM.exidx.text.UART_DMARxAbortCallback), (8 bytes).
    Removing stm32f0xx_hal_uart.o(.text.HAL_UART_AbortCpltCallback), (2 bytes).
    Removing stm32f0xx_hal_uart.o(.ARM.exidx.text.HAL_UART_AbortCpltCallback), (8 bytes).
    Removing stm32f0xx_hal_uart.o(.text.HAL_UART_AbortTransmit_IT), (104 bytes).
    Removing stm32f0xx_hal_uart.o(.ARM.exidx.text.HAL_UART_AbortTransmit_IT), (8 bytes).
    Removing stm32f0xx_hal_uart.o(.text.UART_DMATxOnlyAbortCallback), (20 bytes).
    Removing stm32f0xx_hal_uart.o(.ARM.exidx.text.UART_DMATxOnlyAbortCallback), (8 bytes).
    Removing stm32f0xx_hal_uart.o(.text.HAL_UART_AbortTransmitCpltCallback), (2 bytes).
    Removing stm32f0xx_hal_uart.o(.ARM.exidx.text.HAL_UART_AbortTransmitCpltCallback), (8 bytes).
    Removing stm32f0xx_hal_uart.o(.text.HAL_UART_AbortReceive_IT), (148 bytes).
    Removing stm32f0xx_hal_uart.o(.ARM.exidx.text.HAL_UART_AbortReceive_IT), (8 bytes).
    Removing stm32f0xx_hal_uart.o(.text.UART_DMARxOnlyAbortCallback), (36 bytes).
    Removing stm32f0xx_hal_uart.o(.ARM.exidx.text.UART_DMARxOnlyAbortCallback), (8 bytes).
    Removing stm32f0xx_hal_uart.o(.text.HAL_UART_AbortReceiveCpltCallback), (2 bytes).
    Removing stm32f0xx_hal_uart.o(.ARM.exidx.text.HAL_UART_AbortReceiveCpltCallback), (8 bytes).
    Removing stm32f0xx_hal_uart.o(.text.HAL_UART_IRQHandler), (572 bytes).
    Removing stm32f0xx_hal_uart.o(.ARM.exidx.text.HAL_UART_IRQHandler), (8 bytes).
    Removing stm32f0xx_hal_uart.o(.text.UART_DMAAbortOnError), (22 bytes).
    Removing stm32f0xx_hal_uart.o(.ARM.exidx.text.UART_DMAAbortOnError), (8 bytes).
    Removing stm32f0xx_hal_uart.o(.text.HAL_UART_ErrorCallback), (2 bytes).
    Removing stm32f0xx_hal_uart.o(.ARM.exidx.text.HAL_UART_ErrorCallback), (8 bytes).
    Removing stm32f0xx_hal_uart.o(.text.HAL_UARTEx_RxEventCallback), (2 bytes).
    Removing stm32f0xx_hal_uart.o(.ARM.exidx.text.HAL_UARTEx_RxEventCallback), (8 bytes).
    Removing stm32f0xx_hal_uart.o(.text.UART_EndTransmit_IT), (26 bytes).
    Removing stm32f0xx_hal_uart.o(.ARM.exidx.text.UART_EndTransmit_IT), (8 bytes).
    Removing stm32f0xx_hal_uart.o(.text.HAL_UART_TxCpltCallback), (2 bytes).
    Removing stm32f0xx_hal_uart.o(.ARM.exidx.text.HAL_UART_TxCpltCallback), (8 bytes).
    Removing stm32f0xx_hal_uart.o(.text.HAL_UART_TxHalfCpltCallback), (2 bytes).
    Removing stm32f0xx_hal_uart.o(.ARM.exidx.text.HAL_UART_TxHalfCpltCallback), (8 bytes).
    Removing stm32f0xx_hal_uart.o(.text.HAL_UART_RxCpltCallback), (2 bytes).
    Removing stm32f0xx_hal_uart.o(.ARM.exidx.text.HAL_UART_RxCpltCallback), (8 bytes).
    Removing stm32f0xx_hal_uart.o(.text.HAL_UART_RxHalfCpltCallback), (2 bytes).
    Removing stm32f0xx_hal_uart.o(.ARM.exidx.text.HAL_UART_RxHalfCpltCallback), (8 bytes).
    Removing stm32f0xx_hal_uart.o(.text.HAL_UART_ReceiverTimeout_Config), (44 bytes).
    Removing stm32f0xx_hal_uart.o(.ARM.exidx.text.HAL_UART_ReceiverTimeout_Config), (8 bytes).
    Removing stm32f0xx_hal_uart.o(.text.HAL_UART_EnableReceiverTimeout), (50 bytes).
    Removing stm32f0xx_hal_uart.o(.ARM.exidx.text.HAL_UART_EnableReceiverTimeout), (8 bytes).
    Removing stm32f0xx_hal_uart.o(.text.HAL_UART_DisableReceiverTimeout), (50 bytes).
    Removing stm32f0xx_hal_uart.o(.ARM.exidx.text.HAL_UART_DisableReceiverTimeout), (8 bytes).
    Removing stm32f0xx_hal_uart.o(.text.HAL_MultiProcessor_EnableMuteMode), (46 bytes).
    Removing stm32f0xx_hal_uart.o(.ARM.exidx.text.HAL_MultiProcessor_EnableMuteMode), (8 bytes).
    Removing stm32f0xx_hal_uart.o(.text.HAL_MultiProcessor_DisableMuteMode), (46 bytes).
    Removing stm32f0xx_hal_uart.o(.ARM.exidx.text.HAL_MultiProcessor_DisableMuteMode), (8 bytes).
    Removing stm32f0xx_hal_uart.o(.text.HAL_MultiProcessor_EnterMuteMode), (12 bytes).
    Removing stm32f0xx_hal_uart.o(.ARM.exidx.text.HAL_MultiProcessor_EnterMuteMode), (8 bytes).
    Removing stm32f0xx_hal_uart.o(.text.HAL_HalfDuplex_EnableTransmitter), (52 bytes).
    Removing stm32f0xx_hal_uart.o(.ARM.exidx.text.HAL_HalfDuplex_EnableTransmitter), (8 bytes).
    Removing stm32f0xx_hal_uart.o(.text.HAL_HalfDuplex_EnableReceiver), (52 bytes).
    Removing stm32f0xx_hal_uart.o(.ARM.exidx.text.HAL_HalfDuplex_EnableReceiver), (8 bytes).
    Removing stm32f0xx_hal_uart.o(.text.HAL_LIN_SendBreak), (92 bytes).
    Removing stm32f0xx_hal_uart.o(.ARM.exidx.text.HAL_LIN_SendBreak), (8 bytes).
    Removing stm32f0xx_hal_uart.o(.text.HAL_UART_GetState), (8 bytes).
    Removing stm32f0xx_hal_uart.o(.ARM.exidx.text.HAL_UART_GetState), (8 bytes).
    Removing stm32f0xx_hal_uart.o(.text.HAL_UART_GetError), (6 bytes).
    Removing stm32f0xx_hal_uart.o(.ARM.exidx.text.HAL_UART_GetError), (8 bytes).
    Removing stm32f0xx_hal_uart.o(.text.UART_RxISR_16BIT), (118 bytes).
    Removing stm32f0xx_hal_uart.o(.ARM.exidx.text.UART_RxISR_16BIT), (8 bytes).
    Removing stm32f0xx_hal_uart.o(.text.UART_RxISR_8BIT), (122 bytes).
    Removing stm32f0xx_hal_uart.o(.ARM.exidx.text.UART_RxISR_8BIT), (8 bytes).
    Removing stm32f0xx_hal_uart.o(.text.UART_DMAReceiveCplt), (84 bytes).
    Removing stm32f0xx_hal_uart.o(.ARM.exidx.text.UART_DMAReceiveCplt), (8 bytes).
    Removing stm32f0xx_hal_uart.o(.text.UART_DMARxHalfCplt), (28 bytes).
    Removing stm32f0xx_hal_uart.o(.ARM.exidx.text.UART_DMARxHalfCplt), (8 bytes).
    Removing stm32f0xx_hal_uart_ex.o(.text), (0 bytes).
    Removing stm32f0xx_hal_uart_ex.o(.text.HAL_RS485Ex_Init), (304 bytes).
    Removing stm32f0xx_hal_uart_ex.o(.ARM.exidx.text.HAL_RS485Ex_Init), (8 bytes).
    Removing stm32f0xx_hal_uart_ex.o(.text.HAL_UARTEx_WakeupCallback), (2 bytes).
    Removing stm32f0xx_hal_uart_ex.o(.ARM.exidx.text.HAL_UARTEx_WakeupCallback), (8 bytes).
    Removing stm32f0xx_hal_uart_ex.o(.text.HAL_MultiProcessorEx_AddressLength_Set), (72 bytes).
    Removing stm32f0xx_hal_uart_ex.o(.ARM.exidx.text.HAL_MultiProcessorEx_AddressLength_Set), (8 bytes).
    Removing stm32f0xx_hal_uart_ex.o(.text.HAL_UARTEx_StopModeWakeUpSourceConfig), (204 bytes).
    Removing stm32f0xx_hal_uart_ex.o(.ARM.exidx.text.HAL_UARTEx_StopModeWakeUpSourceConfig), (8 bytes).
    Removing stm32f0xx_hal_uart_ex.o(.text.UARTEx_Wakeup_AddressConfig), (64 bytes).
    Removing stm32f0xx_hal_uart_ex.o(.ARM.exidx.text.UARTEx_Wakeup_AddressConfig), (8 bytes).
    Removing stm32f0xx_hal_uart_ex.o(.text.HAL_UARTEx_EnableStopMode), (34 bytes).
    Removing stm32f0xx_hal_uart_ex.o(.ARM.exidx.text.HAL_UARTEx_EnableStopMode), (8 bytes).
    Removing stm32f0xx_hal_uart_ex.o(.text.HAL_UARTEx_DisableStopMode), (34 bytes).
    Removing stm32f0xx_hal_uart_ex.o(.ARM.exidx.text.HAL_UARTEx_DisableStopMode), (8 bytes).
    Removing stm32f0xx_hal_uart_ex.o(.text.HAL_UARTEx_ReceiveToIdle), (368 bytes).
    Removing stm32f0xx_hal_uart_ex.o(.ARM.exidx.text.HAL_UARTEx_ReceiveToIdle), (8 bytes).
    Removing stm32f0xx_hal_uart_ex.o(.text.HAL_UARTEx_ReceiveToIdle_IT), (110 bytes).
    Removing stm32f0xx_hal_uart_ex.o(.ARM.exidx.text.HAL_UARTEx_ReceiveToIdle_IT), (8 bytes).
    Removing stm32f0xx_hal_uart_ex.o(.text.HAL_UARTEx_ReceiveToIdle_DMA), (110 bytes).
    Removing stm32f0xx_hal_uart_ex.o(.ARM.exidx.text.HAL_UARTEx_ReceiveToIdle_DMA), (8 bytes).
    Removing stm32f0xx_hal_uart_ex.o(.rodata.str1.1), (60 bytes).
    Removing system_stm32f0xx.o(.text), (0 bytes).
    Removing system_stm32f0xx.o(.ARM.exidx.text.SystemInit), (8 bytes).
    Removing system_stm32f0xx.o(.text.SystemCoreClockUpdate), (112 bytes).
    Removing system_stm32f0xx.o(.ARM.exidx.text.SystemCoreClockUpdate), (8 bytes).

960 unused section(s) (total 58113 bytes) removed from the image.

==============================================================================

Image Symbol Table

    Local Symbols

    Symbol Name                              Value     Ov Type        Size  Object(Section)

    ../clib/division.s                       0x00000000   Number         0  aeabi_sdivfast.o ABSOLUTE
    ../clib/division.s                       0x00000000   Number         0  aeabi_sdivfast_div0.o ABSOLUTE
    ../clib/microlib/division.c              0x00000000   Number         0  uidiv.o ABSOLUTE
    ../clib/microlib/division.c              0x00000000   Number         0  uidiv_div0.o ABSOLUTE
    ../clib/microlib/division.c              0x00000000   Number         0  idiv_div0.o ABSOLUTE
    ../clib/microlib/division.c              0x00000000   Number         0  idiv0.o ABSOLUTE
    ../clib/microlib/init/entry.s            0x00000000   Number         0  entry.o ABSOLUTE
    ../clib/microlib/init/entry.s            0x00000000   Number         0  entry2.o ABSOLUTE
    ../clib/microlib/init/entry.s            0x00000000   Number         0  entry5.o ABSOLUTE
    ../clib/microlib/init/entry.s            0x00000000   Number         0  entry7a.o ABSOLUTE
    ../clib/microlib/init/entry.s            0x00000000   Number         0  entry7b.o ABSOLUTE
    ../clib/microlib/init/entry.s            0x00000000   Number         0  entry8a.o ABSOLUTE
    ../clib/microlib/init/entry.s            0x00000000   Number         0  entry8b.o ABSOLUTE
    ../clib/microlib/init/entry.s            0x00000000   Number         0  entry9a.o ABSOLUTE
    ../clib/microlib/init/entry.s            0x00000000   Number         0  entry9b.o ABSOLUTE
    ../clib/microlib/init/entry.s            0x00000000   Number         0  entry10a.o ABSOLUTE
    ../clib/microlib/init/entry.s            0x00000000   Number         0  entry10b.o ABSOLUTE
    ../clib/microlib/init/entry.s            0x00000000   Number         0  entry11a.o ABSOLUTE
    ../clib/microlib/init/entry.s            0x00000000   Number         0  entry11b.o ABSOLUTE
    ../clib/microlib/longlong.c              0x00000000   Number         0  llushr.o ABSOLUTE
    ../clib/microlib/string/memset.c         0x00000000   Number         0  memseta.o ABSOLUTE
    dc.s                                     0x00000000   Number         0  dc.o ABSOLUTE
    dma.c                                    0x00000000   Number         0  dma.o ABSOLUTE
    gpio.c                                   0x00000000   Number         0  gpio.o ABSOLUTE
    handlers.s                               0x00000000   Number         0  handlers.o ABSOLUTE
    i2c.c                                    0x00000000   Number         0  i2c.o ABSOLUTE
    init.s                                   0x00000000   Number         0  init.o ABSOLUTE
    main.c                                   0x00000000   Number         0  main.o ABSOLUTE
    startup_stm32f091xc.s                    0x00000000   Number         0  startup_stm32f091xc.o ABSOLUTE
    stm32f0xx_hal.c                          0x00000000   Number         0  stm32f0xx_hal.o ABSOLUTE
    stm32f0xx_hal_cortex.c                   0x00000000   Number         0  stm32f0xx_hal_cortex.o ABSOLUTE
    stm32f0xx_hal_dma.c                      0x00000000   Number         0  stm32f0xx_hal_dma.o ABSOLUTE
    stm32f0xx_hal_exti.c                     0x00000000   Number         0  stm32f0xx_hal_exti.o ABSOLUTE
    stm32f0xx_hal_flash.c                    0x00000000   Number         0  stm32f0xx_hal_flash.o ABSOLUTE
    stm32f0xx_hal_flash_ex.c                 0x00000000   Number         0  stm32f0xx_hal_flash_ex.o ABSOLUTE
    stm32f0xx_hal_gpio.c                     0x00000000   Number         0  stm32f0xx_hal_gpio.o ABSOLUTE
    stm32f0xx_hal_i2c.c                      0x00000000   Number         0  stm32f0xx_hal_i2c.o ABSOLUTE
    stm32f0xx_hal_i2c_ex.c                   0x00000000   Number         0  stm32f0xx_hal_i2c_ex.o ABSOLUTE
    stm32f0xx_hal_msp.c                      0x00000000   Number         0  stm32f0xx_hal_msp.o ABSOLUTE
    stm32f0xx_hal_pwr.c                      0x00000000   Number         0  stm32f0xx_hal_pwr.o ABSOLUTE
    stm32f0xx_hal_pwr_ex.c                   0x00000000   Number         0  stm32f0xx_hal_pwr_ex.o ABSOLUTE
    stm32f0xx_hal_rcc.c                      0x00000000   Number         0  stm32f0xx_hal_rcc.o ABSOLUTE
    stm32f0xx_hal_rcc_ex.c                   0x00000000   Number         0  stm32f0xx_hal_rcc_ex.o ABSOLUTE
    stm32f0xx_hal_tim.c                      0x00000000   Number         0  stm32f0xx_hal_tim.o ABSOLUTE
    stm32f0xx_hal_tim_ex.c                   0x00000000   Number         0  stm32f0xx_hal_tim_ex.o ABSOLUTE
    stm32f0xx_hal_uart.c                     0x00000000   Number         0  stm32f0xx_hal_uart.o ABSOLUTE
    stm32f0xx_hal_uart_ex.c                  0x00000000   Number         0  stm32f0xx_hal_uart_ex.o ABSOLUTE
    stm32f0xx_it.c                           0x00000000   Number         0  stm32f0xx_it.o ABSOLUTE
    system_stm32f0xx.c                       0x00000000   Number         0  system_stm32f0xx.o ABSOLUTE
    tim.c                                    0x00000000   Number         0  tim.o ABSOLUTE
    usart.c                                  0x00000000   Number         0  usart.o ABSOLUTE
    RESET                                    0x08000000   Section      188  startup_stm32f091xc.o(RESET)
    .ARM.Collect$$$$00000000                 0x080000bc   Section        0  entry.o(.ARM.Collect$$$$00000000)
    .ARM.Collect$$$$00000001                 0x080000bc   Section        4  entry2.o(.ARM.Collect$$$$00000001)
    .ARM.Collect$$$$00000004                 0x080000c0   Section        4  entry5.o(.ARM.Collect$$$$00000004)
    .ARM.Collect$$$$00000008                 0x080000c4   Section        0  entry7b.o(.ARM.Collect$$$$00000008)
    .ARM.Collect$$$$0000000A                 0x080000c4   Section        0  entry8b.o(.ARM.Collect$$$$0000000A)
    .ARM.Collect$$$$0000000B                 0x080000c4   Section        8  entry9a.o(.ARM.Collect$$$$0000000B)
    __lit__00000000                          0x080000cc   Data           4  entry2.o(.ARM.Collect$$$$00002712)
    .ARM.Collect$$$$0000000D                 0x080000cc   Section        0  entry10a.o(.ARM.Collect$$$$0000000D)
    .ARM.Collect$$$$0000000F                 0x080000cc   Section        0  entry11a.o(.ARM.Collect$$$$0000000F)
    .ARM.Collect$$$$00002712                 0x080000cc   Section        4  entry2.o(.ARM.Collect$$$$00002712)
    .text                                    0x080000d0   Section       28  startup_stm32f091xc.o(.text)
    .text                                    0x080000ec   Section        0  memseta.o(.text)
    .text                                    0x08000110   Section        0  uidiv_div0.o(.text)
    .text                                    0x08000150   Section       36  init.o(.text)
    [Anonymous Symbol]                       0x08000174   Section        0  stm32f0xx_it.o(.text.DMA1_Ch1_IRQHandler)
    __arm_cp.5_0                             0x08000180   Number         4  stm32f0xx_it.o(.text.DMA1_Ch1_IRQHandler)
    [Anonymous Symbol]                       0x08000184   Section        0  stm32f0xx_it.o(.text.DMA1_Ch2_3_DMA2_Ch1_2_IRQHandler)
    __arm_cp.6_0                             0x08000190   Number         4  stm32f0xx_it.o(.text.DMA1_Ch2_3_DMA2_Ch1_2_IRQHandler)
    DMA_CalcBaseAndBitshift                  0x08000195   Thumb Code    60  stm32f0xx_hal_dma.o(.text.DMA_CalcBaseAndBitshift)
    [Anonymous Symbol]                       0x08000194   Section        0  stm32f0xx_hal_dma.o(.text.DMA_CalcBaseAndBitshift)
    __arm_cp.1_0                             0x080001c0   Number         4  stm32f0xx_hal_dma.o(.text.DMA_CalcBaseAndBitshift)
    __arm_cp.1_1                             0x080001c4   Number         4  stm32f0xx_hal_dma.o(.text.DMA_CalcBaseAndBitshift)
    __arm_cp.1_2                             0x080001c8   Number         4  stm32f0xx_hal_dma.o(.text.DMA_CalcBaseAndBitshift)
    __arm_cp.1_3                             0x080001cc   Number         4  stm32f0xx_hal_dma.o(.text.DMA_CalcBaseAndBitshift)
    [Anonymous Symbol]                       0x080001d0   Section        0  main.o(.text.Error_Handler)
    [Anonymous Symbol]                       0x080001d8   Section        0  stm32f0xx_hal_dma.o(.text.HAL_DMA_IRQHandler)
    [Anonymous Symbol]                       0x0800027c   Section        0  stm32f0xx_hal_dma.o(.text.HAL_DMA_Init)
    __arm_cp.0_0                             0x080003d8   Number         4  stm32f0xx_hal_dma.o(.text.HAL_DMA_Init)
    __arm_cp.0_1                             0x080003dc   Number         4  stm32f0xx_hal_dma.o(.text.HAL_DMA_Init)
    __arm_cp.0_2                             0x080003e0   Number         4  stm32f0xx_hal_dma.o(.text.HAL_DMA_Init)
    __arm_cp.0_3                             0x080003e4   Number         4  stm32f0xx_hal_dma.o(.text.HAL_DMA_Init)
    __arm_cp.0_4                             0x080003e8   Number         4  stm32f0xx_hal_dma.o(.text.HAL_DMA_Init)
    __arm_cp.0_5                             0x080003ec   Number         4  stm32f0xx_hal_dma.o(.text.HAL_DMA_Init)
    __arm_cp.0_6                             0x080003f0   Number         4  stm32f0xx_hal_dma.o(.text.HAL_DMA_Init)
    __arm_cp.0_7                             0x080003f4   Number         4  stm32f0xx_hal_dma.o(.text.HAL_DMA_Init)
    __arm_cp.0_8                             0x080003f8   Number         4  stm32f0xx_hal_dma.o(.text.HAL_DMA_Init)
    __arm_cp.0_9                             0x080003fc   Number         4  stm32f0xx_hal_dma.o(.text.HAL_DMA_Init)
    __arm_cp.0_10                            0x08000400   Number         4  stm32f0xx_hal_dma.o(.text.HAL_DMA_Init)
    __arm_cp.0_11                            0x08000404   Number         4  stm32f0xx_hal_dma.o(.text.HAL_DMA_Init)
    __arm_cp.0_12                            0x08000408   Number         4  stm32f0xx_hal_dma.o(.text.HAL_DMA_Init)
    __arm_cp.0_13                            0x0800040c   Number         4  stm32f0xx_hal_dma.o(.text.HAL_DMA_Init)
    __arm_cp.0_14                            0x08000410   Number         4  stm32f0xx_hal_dma.o(.text.HAL_DMA_Init)
    __arm_cp.0_15                            0x08000414   Number         4  stm32f0xx_hal_dma.o(.text.HAL_DMA_Init)
    __arm_cp.0_16                            0x08000418   Number         4  stm32f0xx_hal_dma.o(.text.HAL_DMA_Init)
    [Anonymous Symbol]                       0x0800041c   Section        0  stm32f0xx_hal_gpio.o(.text.HAL_GPIO_Init)
    __arm_cp.0_1                             0x08000644   Number         4  stm32f0xx_hal_gpio.o(.text.HAL_GPIO_Init)
    __arm_cp.0_2                             0x08000648   Number         4  stm32f0xx_hal_gpio.o(.text.HAL_GPIO_Init)
    __arm_cp.0_3                             0x0800064c   Number         4  stm32f0xx_hal_gpio.o(.text.HAL_GPIO_Init)
    __arm_cp.0_4                             0x08000650   Number         4  stm32f0xx_hal_gpio.o(.text.HAL_GPIO_Init)
    __arm_cp.0_5                             0x08000654   Number         4  stm32f0xx_hal_gpio.o(.text.HAL_GPIO_Init)
    __arm_cp.0_6                             0x08000658   Number         4  stm32f0xx_hal_gpio.o(.text.HAL_GPIO_Init)
    __arm_cp.0_7                             0x0800065c   Number         4  stm32f0xx_hal_gpio.o(.text.HAL_GPIO_Init)
    __arm_cp.0_8                             0x08000660   Number         4  stm32f0xx_hal_gpio.o(.text.HAL_GPIO_Init)
    __arm_cp.0_9                             0x08000664   Number         4  stm32f0xx_hal_gpio.o(.text.HAL_GPIO_Init)
    __arm_cp.0_10                            0x08000668   Number         4  stm32f0xx_hal_gpio.o(.text.HAL_GPIO_Init)
    __arm_cp.0_11                            0x0800066c   Number         4  stm32f0xx_hal_gpio.o(.text.HAL_GPIO_Init)
    __arm_cp.0_12                            0x08000670   Number         4  stm32f0xx_hal_gpio.o(.text.HAL_GPIO_Init)
    __arm_cp.0_13                            0x08000674   Number         4  stm32f0xx_hal_gpio.o(.text.HAL_GPIO_Init)
    __arm_cp.0_14                            0x08000678   Number         4  stm32f0xx_hal_gpio.o(.text.HAL_GPIO_Init)
    [Anonymous Symbol]                       0x0800067c   Section        0  stm32f0xx_hal_gpio.o(.text.HAL_GPIO_WritePin)
    __arm_cp.3_0                             0x080006b8   Number         4  stm32f0xx_hal_gpio.o(.text.HAL_GPIO_WritePin)
    [Anonymous Symbol]                       0x080006bc   Section        0  stm32f0xx_hal.o(.text.HAL_GetTick)
    [Anonymous Symbol]                       0x080006c4   Section        0  stm32f0xx_hal_i2c_ex.o(.text.HAL_I2CEx_ConfigAnalogFilter)
    __arm_cp.0_3                             0x08000730   Number         4  stm32f0xx_hal_i2c_ex.o(.text.HAL_I2CEx_ConfigAnalogFilter)
    [Anonymous Symbol]                       0x08000734   Section        0  stm32f0xx_hal_i2c_ex.o(.text.HAL_I2CEx_ConfigDigitalFilter)
    __arm_cp.1_2                             0x0800079c   Number         4  stm32f0xx_hal_i2c_ex.o(.text.HAL_I2CEx_ConfigDigitalFilter)
    [Anonymous Symbol]                       0x080007a0   Section        0  stm32f0xx_hal_i2c.o(.text.HAL_I2C_Init)
    __arm_cp.0_1                             0x080008d4   Number         4  stm32f0xx_hal_i2c.o(.text.HAL_I2C_Init)
    __arm_cp.0_2                             0x080008d8   Number         4  stm32f0xx_hal_i2c.o(.text.HAL_I2C_Init)
    __arm_cp.0_3                             0x080008dc   Number         4  stm32f0xx_hal_i2c.o(.text.HAL_I2C_Init)
    __arm_cp.0_4                             0x080008e0   Number         4  stm32f0xx_hal_i2c.o(.text.HAL_I2C_Init)
    [Anonymous Symbol]                       0x080008e4   Section        0  i2c.o(.text.HAL_I2C_MspInit)
    __arm_cp.1_0                             0x08000940   Number         4  i2c.o(.text.HAL_I2C_MspInit)
    __arm_cp.1_1                             0x08000944   Number         4  i2c.o(.text.HAL_I2C_MspInit)
    __arm_cp.1_2                             0x08000948   Number         4  i2c.o(.text.HAL_I2C_MspInit)
    [Anonymous Symbol]                       0x0800094c   Section        0  stm32f0xx_hal.o(.text.HAL_IncTick)
    __arm_cp.5_1                             0x0800095c   Number         4  stm32f0xx_hal.o(.text.HAL_IncTick)
    [Anonymous Symbol]                       0x08000960   Section        0  stm32f0xx_hal.o(.text.HAL_Init)
    __arm_cp.0_0                             0x0800097c   Number         4  stm32f0xx_hal.o(.text.HAL_Init)
    [Anonymous Symbol]                       0x08000980   Section        0  stm32f0xx_hal.o(.text.HAL_InitTick)
    __arm_cp.1_0                             0x080009bc   Number         4  stm32f0xx_hal.o(.text.HAL_InitTick)
    __arm_cp.1_1                             0x080009c0   Number         4  stm32f0xx_hal.o(.text.HAL_InitTick)
    __arm_cp.1_2                             0x080009c4   Number         4  stm32f0xx_hal.o(.text.HAL_InitTick)
    [Anonymous Symbol]                       0x080009c8   Section        0  stm32f0xx_hal_msp.o(.text.HAL_MspInit)
    __arm_cp.0_0                             0x080009f0   Number         4  stm32f0xx_hal_msp.o(.text.HAL_MspInit)
    [Anonymous Symbol]                       0x080009f4   Section        0  stm32f0xx_hal_cortex.o(.text.HAL_NVIC_EnableIRQ)
    [Anonymous Symbol]                       0x08000a0c   Section        0  stm32f0xx_hal_cortex.o(.text.HAL_NVIC_SetPriority)
    __arm_cp.0_0                             0x08000a28   Number         4  stm32f0xx_hal_cortex.o(.text.HAL_NVIC_SetPriority)
    [Anonymous Symbol]                       0x08000a2c   Section        0  stm32f0xx_hal_rcc_ex.o(.text.HAL_RCCEx_PeriphCLKConfig)
    __arm_cp.0_0                             0x08000bd8   Number         4  stm32f0xx_hal_rcc_ex.o(.text.HAL_RCCEx_PeriphCLKConfig)
    __arm_cp.0_1                             0x08000bdc   Number         4  stm32f0xx_hal_rcc_ex.o(.text.HAL_RCCEx_PeriphCLKConfig)
    __arm_cp.0_2                             0x08000be0   Number         4  stm32f0xx_hal_rcc_ex.o(.text.HAL_RCCEx_PeriphCLKConfig)
    __arm_cp.0_3                             0x08000be4   Number         4  stm32f0xx_hal_rcc_ex.o(.text.HAL_RCCEx_PeriphCLKConfig)
    __arm_cp.0_4                             0x08000be8   Number         4  stm32f0xx_hal_rcc_ex.o(.text.HAL_RCCEx_PeriphCLKConfig)
    [Anonymous Symbol]                       0x08000bec   Section        0  stm32f0xx_hal_rcc.o(.text.HAL_RCC_ClockConfig)
    __arm_cp.2_0                             0x08000d74   Number         4  stm32f0xx_hal_rcc.o(.text.HAL_RCC_ClockConfig)
    __arm_cp.2_1                             0x08000d78   Number         4  stm32f0xx_hal_rcc.o(.text.HAL_RCC_ClockConfig)
    __arm_cp.2_2                             0x08000d7c   Number         4  stm32f0xx_hal_rcc.o(.text.HAL_RCC_ClockConfig)
    __arm_cp.2_4                             0x08000d80   Number         4  stm32f0xx_hal_rcc.o(.text.HAL_RCC_ClockConfig)
    __arm_cp.2_5                             0x08000d84   Number         4  stm32f0xx_hal_rcc.o(.text.HAL_RCC_ClockConfig)
    [Anonymous Symbol]                       0x08000d88   Section        0  stm32f0xx_hal_rcc.o(.text.HAL_RCC_GetHCLKFreq)
    __arm_cp.7_0                             0x08000d90   Number         4  stm32f0xx_hal_rcc.o(.text.HAL_RCC_GetHCLKFreq)
    [Anonymous Symbol]                       0x08000d94   Section        0  stm32f0xx_hal_rcc.o(.text.HAL_RCC_GetPCLK1Freq)
    __arm_cp.8_1                             0x08000dac   Number         4  stm32f0xx_hal_rcc.o(.text.HAL_RCC_GetPCLK1Freq)
    [Anonymous Symbol]                       0x08000db0   Section        0  stm32f0xx_hal_rcc.o(.text.HAL_RCC_GetSysClockFreq)
    __arm_cp.3_0                             0x08000dfc   Number         4  stm32f0xx_hal_rcc.o(.text.HAL_RCC_GetSysClockFreq)
    __arm_cp.3_1                             0x08000e00   Number         4  stm32f0xx_hal_rcc.o(.text.HAL_RCC_GetSysClockFreq)
    __arm_cp.3_2                             0x08000e04   Number         4  stm32f0xx_hal_rcc.o(.text.HAL_RCC_GetSysClockFreq)
    [Anonymous Symbol]                       0x08000e28   Section        0  stm32f0xx_hal_rcc.o(.text.HAL_RCC_OscConfig)
    __arm_cp.1_7                             0x08001248   Number         4  stm32f0xx_hal_rcc.o(.text.HAL_RCC_OscConfig)
    __arm_cp.1_8                             0x0800124c   Number         4  stm32f0xx_hal_rcc.o(.text.HAL_RCC_OscConfig)
    __arm_cp.1_0                             0x08001394   Number         4  stm32f0xx_hal_rcc.o(.text.HAL_RCC_OscConfig)
    __arm_cp.1_3                             0x08001398   Number         4  stm32f0xx_hal_rcc.o(.text.HAL_RCC_OscConfig)
    __arm_cp.1_4                             0x0800139c   Number         4  stm32f0xx_hal_rcc.o(.text.HAL_RCC_OscConfig)
    __arm_cp.1_5                             0x080013a0   Number         4  stm32f0xx_hal_rcc.o(.text.HAL_RCC_OscConfig)
    [Anonymous Symbol]                       0x080013a4   Section        0  stm32f0xx_hal_cortex.o(.text.HAL_SYSTICK_Config)
    [Anonymous Symbol]                       0x080013ac   Section        0  stm32f0xx_hal_tim_ex.o(.text.HAL_TIMEx_BreakCallback)
    [Anonymous Symbol]                       0x080013ae   Section        0  stm32f0xx_hal_tim_ex.o(.text.HAL_TIMEx_CommutCallback)
    [Anonymous Symbol]                       0x080013b0   Section        0  stm32f0xx_hal_tim_ex.o(.text.HAL_TIMEx_ConfigBreakDeadTime)
    __arm_cp.35_0                            0x080014ac   Number         4  stm32f0xx_hal_tim_ex.o(.text.HAL_TIMEx_ConfigBreakDeadTime)
    __arm_cp.35_1                            0x080014b0   Number         4  stm32f0xx_hal_tim_ex.o(.text.HAL_TIMEx_ConfigBreakDeadTime)
    [Anonymous Symbol]                       0x080014b4   Section        0  stm32f0xx_hal_tim_ex.o(.text.HAL_TIMEx_MasterConfigSynchronization)
    __arm_cp.34_0                            0x0800157c   Number         4  stm32f0xx_hal_tim_ex.o(.text.HAL_TIMEx_MasterConfigSynchronization)
    __arm_cp.34_6                            0x08001580   Number         4  stm32f0xx_hal_tim_ex.o(.text.HAL_TIMEx_MasterConfigSynchronization)
    __arm_cp.34_7                            0x08001584   Number         4  stm32f0xx_hal_tim_ex.o(.text.HAL_TIMEx_MasterConfigSynchronization)
    [Anonymous Symbol]                       0x08001588   Section        0  stm32f0xx_hal_tim.o(.text.HAL_TIM_Base_Init)
    __arm_cp.0_0                             0x0800167c   Number         4  stm32f0xx_hal_tim.o(.text.HAL_TIM_Base_Init)
    __arm_cp.0_1                             0x08001680   Number         4  stm32f0xx_hal_tim.o(.text.HAL_TIM_Base_Init)
    __arm_cp.0_2                             0x08001684   Number         4  stm32f0xx_hal_tim.o(.text.HAL_TIM_Base_Init)
    __arm_cp.0_3                             0x08001688   Number         4  stm32f0xx_hal_tim.o(.text.HAL_TIM_Base_Init)
    __arm_cp.0_4                             0x0800168c   Number         4  stm32f0xx_hal_tim.o(.text.HAL_TIM_Base_Init)
    __arm_cp.0_5                             0x08001690   Number         4  stm32f0xx_hal_tim.o(.text.HAL_TIM_Base_Init)
    __arm_cp.0_7                             0x08001694   Number         4  stm32f0xx_hal_tim.o(.text.HAL_TIM_Base_Init)
    __arm_cp.0_8                             0x08001698   Number         4  stm32f0xx_hal_tim.o(.text.HAL_TIM_Base_Init)
    __arm_cp.0_9                             0x0800169c   Number         4  stm32f0xx_hal_tim.o(.text.HAL_TIM_Base_Init)
    __arm_cp.0_11                            0x080016a0   Number         4  stm32f0xx_hal_tim.o(.text.HAL_TIM_Base_Init)
    [Anonymous Symbol]                       0x080016a4   Section        0  tim.o(.text.HAL_TIM_Base_MspInit)
    __arm_cp.4_0                             0x08001748   Number         4  tim.o(.text.HAL_TIM_Base_MspInit)
    __arm_cp.4_1                             0x0800174c   Number         4  tim.o(.text.HAL_TIM_Base_MspInit)
    __arm_cp.4_2                             0x08001750   Number         4  tim.o(.text.HAL_TIM_Base_MspInit)
    [Anonymous Symbol]                       0x08001754   Section        0  stm32f0xx_hal_tim.o(.text.HAL_TIM_ConfigClockSource)
    __arm_cp.96_0                            0x08001ac8   Number         4  stm32f0xx_hal_tim.o(.text.HAL_TIM_ConfigClockSource)
    __arm_cp.96_1                            0x08001acc   Number         4  stm32f0xx_hal_tim.o(.text.HAL_TIM_ConfigClockSource)
    __arm_cp.96_2                            0x08001ad0   Number         4  stm32f0xx_hal_tim.o(.text.HAL_TIM_ConfigClockSource)
    __arm_cp.96_3                            0x08001ad4   Number         4  stm32f0xx_hal_tim.o(.text.HAL_TIM_ConfigClockSource)
    __arm_cp.96_4                            0x08001ad8   Number         4  stm32f0xx_hal_tim.o(.text.HAL_TIM_ConfigClockSource)
    __arm_cp.96_5                            0x08001adc   Number         4  stm32f0xx_hal_tim.o(.text.HAL_TIM_ConfigClockSource)
    __arm_cp.96_6                            0x08001ae0   Number         4  stm32f0xx_hal_tim.o(.text.HAL_TIM_ConfigClockSource)
    __arm_cp.96_7                            0x08001ae4   Number         4  stm32f0xx_hal_tim.o(.text.HAL_TIM_ConfigClockSource)
    __arm_cp.96_8                            0x08001ae8   Number         4  stm32f0xx_hal_tim.o(.text.HAL_TIM_ConfigClockSource)
    __arm_cp.96_9                            0x08001aec   Number         4  stm32f0xx_hal_tim.o(.text.HAL_TIM_ConfigClockSource)
    __arm_cp.96_10                           0x08001af0   Number         4  stm32f0xx_hal_tim.o(.text.HAL_TIM_ConfigClockSource)
    __arm_cp.96_11                           0x08001af4   Number         4  stm32f0xx_hal_tim.o(.text.HAL_TIM_ConfigClockSource)
    __arm_cp.96_12                           0x08001af8   Number         4  stm32f0xx_hal_tim.o(.text.HAL_TIM_ConfigClockSource)
    __arm_cp.96_13                           0x08001afc   Number         4  stm32f0xx_hal_tim.o(.text.HAL_TIM_ConfigClockSource)
    __arm_cp.96_14                           0x08001b00   Number         4  stm32f0xx_hal_tim.o(.text.HAL_TIM_ConfigClockSource)
    __arm_cp.96_15                           0x08001b04   Number         4  stm32f0xx_hal_tim.o(.text.HAL_TIM_ConfigClockSource)
    [Anonymous Symbol]                       0x08001b08   Section        0  stm32f0xx_hal_tim.o(.text.HAL_TIM_IC_CaptureCallback)
    [Anonymous Symbol]                       0x08001b0a   Section        0  stm32f0xx_hal_tim.o(.text.HAL_TIM_IRQHandler)
    [Anonymous Symbol]                       0x08001c54   Section        0  tim.o(.text.HAL_TIM_MspPostInit)
    __arm_cp.1_0                             0x08001cdc   Number         4  tim.o(.text.HAL_TIM_MspPostInit)
    __arm_cp.1_1                             0x08001ce0   Number         4  tim.o(.text.HAL_TIM_MspPostInit)
    __arm_cp.1_2                             0x08001ce4   Number         4  tim.o(.text.HAL_TIM_MspPostInit)
    __arm_cp.1_3                             0x08001ce8   Number         4  tim.o(.text.HAL_TIM_MspPostInit)
    [Anonymous Symbol]                       0x08001cec   Section        0  stm32f0xx_hal_tim.o(.text.HAL_TIM_OC_DelayElapsedCallback)
    [Anonymous Symbol]                       0x08001cf0   Section        0  stm32f0xx_hal_tim.o(.text.HAL_TIM_PWM_ConfigChannel)
    __arm_cp.83_0                            0x08001ec8   Number         4  stm32f0xx_hal_tim.o(.text.HAL_TIM_PWM_ConfigChannel)
    __arm_cp.83_1                            0x08001ecc   Number         4  stm32f0xx_hal_tim.o(.text.HAL_TIM_PWM_ConfigChannel)
    __arm_cp.83_7                            0x08001ed0   Number         4  stm32f0xx_hal_tim.o(.text.HAL_TIM_PWM_ConfigChannel)
    [Anonymous Symbol]                       0x08001ed4   Section        0  stm32f0xx_hal_tim.o(.text.HAL_TIM_PWM_Init)
    __arm_cp.27_0                            0x08001fc0   Number         4  stm32f0xx_hal_tim.o(.text.HAL_TIM_PWM_Init)
    __arm_cp.27_1                            0x08001fc4   Number         4  stm32f0xx_hal_tim.o(.text.HAL_TIM_PWM_Init)
    __arm_cp.27_3                            0x08001fc8   Number         4  stm32f0xx_hal_tim.o(.text.HAL_TIM_PWM_Init)
    __arm_cp.27_4                            0x08001fcc   Number         4  stm32f0xx_hal_tim.o(.text.HAL_TIM_PWM_Init)
    __arm_cp.27_5                            0x08001fd0   Number         4  stm32f0xx_hal_tim.o(.text.HAL_TIM_PWM_Init)
    __arm_cp.27_6                            0x08001fd4   Number         4  stm32f0xx_hal_tim.o(.text.HAL_TIM_PWM_Init)
    __arm_cp.27_7                            0x08001fd8   Number         4  stm32f0xx_hal_tim.o(.text.HAL_TIM_PWM_Init)
    __arm_cp.27_8                            0x08001fdc   Number         4  stm32f0xx_hal_tim.o(.text.HAL_TIM_PWM_Init)
    __arm_cp.27_9                            0x08001fe0   Number         4  stm32f0xx_hal_tim.o(.text.HAL_TIM_PWM_Init)
    __arm_cp.27_10                           0x08001fe4   Number         4  stm32f0xx_hal_tim.o(.text.HAL_TIM_PWM_Init)
    __arm_cp.27_12                           0x08001fe8   Number         4  stm32f0xx_hal_tim.o(.text.HAL_TIM_PWM_Init)
    [Anonymous Symbol]                       0x08001fec   Section        0  stm32f0xx_hal_tim.o(.text.HAL_TIM_PWM_MspInit)
    [Anonymous Symbol]                       0x08001fee   Section        0  stm32f0xx_hal_tim.o(.text.HAL_TIM_PWM_PulseFinishedCallback)
    [Anonymous Symbol]                       0x08001ff0   Section        0  stm32f0xx_hal_tim.o(.text.HAL_TIM_PeriodElapsedCallback)
    [Anonymous Symbol]                       0x08001ff4   Section        0  stm32f0xx_hal_tim.o(.text.HAL_TIM_SlaveConfigSynchro)
    __arm_cp.101_0                           0x08002098   Number         4  stm32f0xx_hal_tim.o(.text.HAL_TIM_SlaveConfigSynchro)
    __arm_cp.101_1                           0x0800209c   Number         4  stm32f0xx_hal_tim.o(.text.HAL_TIM_SlaveConfigSynchro)
    __arm_cp.101_2                           0x080020a0   Number         4  stm32f0xx_hal_tim.o(.text.HAL_TIM_SlaveConfigSynchro)
    __arm_cp.101_3                           0x080020a4   Number         4  stm32f0xx_hal_tim.o(.text.HAL_TIM_SlaveConfigSynchro)
    __arm_cp.101_4                           0x080020a8   Number         4  stm32f0xx_hal_tim.o(.text.HAL_TIM_SlaveConfigSynchro)
    __arm_cp.101_5                           0x080020ac   Number         4  stm32f0xx_hal_tim.o(.text.HAL_TIM_SlaveConfigSynchro)
    [Anonymous Symbol]                       0x080020b0   Section        0  stm32f0xx_hal_tim.o(.text.HAL_TIM_TriggerCallback)
    [Anonymous Symbol]                       0x080020b4   Section        0  stm32f0xx_hal_uart.o(.text.HAL_UART_Init)
    __arm_cp.0_0                             0x08002198   Number         4  stm32f0xx_hal_uart.o(.text.HAL_UART_Init)
    __arm_cp.0_1                             0x0800219c   Number         4  stm32f0xx_hal_uart.o(.text.HAL_UART_Init)
    __arm_cp.0_2                             0x080021a0   Number         4  stm32f0xx_hal_uart.o(.text.HAL_UART_Init)
    __arm_cp.0_5                             0x080021a4   Number         4  stm32f0xx_hal_uart.o(.text.HAL_UART_Init)
    __arm_cp.0_6                             0x080021a8   Number         4  stm32f0xx_hal_uart.o(.text.HAL_UART_Init)
    __arm_cp.0_7                             0x080021ac   Number         4  stm32f0xx_hal_uart.o(.text.HAL_UART_Init)
    __arm_cp.0_8                             0x080021b0   Number         4  stm32f0xx_hal_uart.o(.text.HAL_UART_Init)
    __arm_cp.0_9                             0x080021b4   Number         4  stm32f0xx_hal_uart.o(.text.HAL_UART_Init)
    __arm_cp.0_10                            0x080021b8   Number         4  stm32f0xx_hal_uart.o(.text.HAL_UART_Init)
    __arm_cp.0_11                            0x080021bc   Number         4  stm32f0xx_hal_uart.o(.text.HAL_UART_Init)
    [Anonymous Symbol]                       0x080021c0   Section        0  usart.o(.text.HAL_UART_MspInit)
    __arm_cp.2_0                             0x080022e0   Number         4  usart.o(.text.HAL_UART_MspInit)
    __arm_cp.2_1                             0x080022e4   Number         4  usart.o(.text.HAL_UART_MspInit)
    __arm_cp.2_3                             0x080022e8   Number         4  usart.o(.text.HAL_UART_MspInit)
    __arm_cp.2_4                             0x080022ec   Number         4  usart.o(.text.HAL_UART_MspInit)
    __arm_cp.2_5                             0x080022f0   Number         4  usart.o(.text.HAL_UART_MspInit)
    __arm_cp.2_6                             0x080022f4   Number         4  usart.o(.text.HAL_UART_MspInit)
    __arm_cp.2_7                             0x080022f8   Number         4  usart.o(.text.HAL_UART_MspInit)
    [Anonymous Symbol]                       0x080022fc   Section        0  stm32f0xx_it.o(.text.HardFault_Handler)
    [Anonymous Symbol]                       0x08002300   Section        0  dma.o(.text.MX_DMA_Init)
    [Anonymous Symbol]                       0x08002340   Section        0  gpio.o(.text.MX_GPIO_Init)
    __arm_cp.0_0                             0x080023d8   Number         4  gpio.o(.text.MX_GPIO_Init)
    __arm_cp.0_1                             0x080023dc   Number         4  gpio.o(.text.MX_GPIO_Init)
    [Anonymous Symbol]                       0x080023e0   Section        0  i2c.o(.text.MX_I2C1_Init)
    __arm_cp.0_0                             0x0800242c   Number         4  i2c.o(.text.MX_I2C1_Init)
    __arm_cp.0_1                             0x08002430   Number         4  i2c.o(.text.MX_I2C1_Init)
    __arm_cp.0_2                             0x08002434   Number         4  i2c.o(.text.MX_I2C1_Init)
    [Anonymous Symbol]                       0x08002438   Section        0  tim.o(.text.MX_TIM1_Init)
    __arm_cp.0_2                             0x08002514   Number         4  tim.o(.text.MX_TIM1_Init)
    [Anonymous Symbol]                       0x08002518   Section        0  tim.o(.text.MX_TIM2_Init)
    __arm_cp.2_0                             0x080025dc   Number         4  tim.o(.text.MX_TIM2_Init)
    [Anonymous Symbol]                       0x080025e0   Section        0  tim.o(.text.MX_TIM3_Init)
    __arm_cp.3_0                             0x080026a0   Number         4  tim.o(.text.MX_TIM3_Init)
    __arm_cp.3_1                             0x080026a4   Number         4  tim.o(.text.MX_TIM3_Init)
    __arm_cp.3_3                             0x080026a8   Number         4  tim.o(.text.MX_TIM3_Init)
    [Anonymous Symbol]                       0x080026ac   Section        0  usart.o(.text.MX_USART2_UART_Init)
    __arm_cp.0_0                             0x080026dc   Number         4  usart.o(.text.MX_USART2_UART_Init)
    __arm_cp.0_1                             0x080026e0   Number         4  usart.o(.text.MX_USART2_UART_Init)
    [Anonymous Symbol]                       0x080026e4   Section        0  usart.o(.text.MX_USART3_UART_Init)
    __arm_cp.1_0                             0x08002714   Number         4  usart.o(.text.MX_USART3_UART_Init)
    __arm_cp.1_1                             0x08002718   Number         4  usart.o(.text.MX_USART3_UART_Init)
    [Anonymous Symbol]                       0x0800271c   Section        0  stm32f0xx_it.o(.text.NMI_Handler)
    [Anonymous Symbol]                       0x0800271e   Section        0  stm32f0xx_it.o(.text.PendSV_Handler)
    [Anonymous Symbol]                       0x08002720   Section        0  stm32f0xx_it.o(.text.SVC_Handler)
    SysTick_Config                           0x08002725   Thumb Code    40  stm32f0xx_hal_cortex.o(.text.SysTick_Config)
    [Anonymous Symbol]                       0x08002724   Section        0  stm32f0xx_hal_cortex.o(.text.SysTick_Config)
    __arm_cp.9_0                             0x08002748   Number         4  stm32f0xx_hal_cortex.o(.text.SysTick_Config)
    [Anonymous Symbol]                       0x0800274c   Section        0  stm32f0xx_it.o(.text.SysTick_Handler)
    [Anonymous Symbol]                       0x08002754   Section        0  main.o(.text.SystemClock_Config)
    __arm_cp.1_0                             0x080027d4   Number         4  main.o(.text.SystemClock_Config)
    [Anonymous Symbol]                       0x080027d8   Section        0  system_stm32f0xx.o(.text.SystemInit)
    [Anonymous Symbol]                       0x080027dc   Section        0  stm32f0xx_it.o(.text.TIM1_BRK_UP_TRG_COM_IRQHandler)
    __arm_cp.7_0                             0x080027e8   Number         4  stm32f0xx_it.o(.text.TIM1_BRK_UP_TRG_COM_IRQHandler)
    [Anonymous Symbol]                       0x080027ec   Section        0  stm32f0xx_hal_tim.o(.text.TIM_Base_SetConfig)
    __arm_cp.2_1                             0x08002888   Number         4  stm32f0xx_hal_tim.o(.text.TIM_Base_SetConfig)
    __arm_cp.2_2                             0x0800288c   Number         4  stm32f0xx_hal_tim.o(.text.TIM_Base_SetConfig)
    __arm_cp.2_3                             0x08002890   Number         4  stm32f0xx_hal_tim.o(.text.TIM_Base_SetConfig)
    __arm_cp.2_4                             0x08002894   Number         4  stm32f0xx_hal_tim.o(.text.TIM_Base_SetConfig)
    __arm_cp.2_5                             0x08002898   Number         4  stm32f0xx_hal_tim.o(.text.TIM_Base_SetConfig)
    __arm_cp.2_6                             0x0800289c   Number         4  stm32f0xx_hal_tim.o(.text.TIM_Base_SetConfig)
    __arm_cp.2_7                             0x080028a0   Number         4  stm32f0xx_hal_tim.o(.text.TIM_Base_SetConfig)
    [Anonymous Symbol]                       0x080028a4   Section        0  stm32f0xx_hal_tim.o(.text.TIM_ETR_SetConfig)
    TIM_ITRx_SetConfig                       0x080028bb   Thumb Code    16  stm32f0xx_hal_tim.o(.text.TIM_ITRx_SetConfig)
    [Anonymous Symbol]                       0x080028ba   Section        0  stm32f0xx_hal_tim.o(.text.TIM_ITRx_SetConfig)
    TIM_OC1_SetConfig                        0x080028cd   Thumb Code   220  stm32f0xx_hal_tim.o(.text.TIM_OC1_SetConfig)
    [Anonymous Symbol]                       0x080028cc   Section        0  stm32f0xx_hal_tim.o(.text.TIM_OC1_SetConfig)
    __arm_cp.74_2                            0x080029a4   Number         4  stm32f0xx_hal_tim.o(.text.TIM_OC1_SetConfig)
    [Anonymous Symbol]                       0x080029a8   Section        0  stm32f0xx_hal_tim.o(.text.TIM_OC2_SetConfig)
    __arm_cp.75_2                            0x08002a7c   Number         4  stm32f0xx_hal_tim.o(.text.TIM_OC2_SetConfig)
    TIM_OC3_SetConfig                        0x08002a81   Thumb Code   236  stm32f0xx_hal_tim.o(.text.TIM_OC3_SetConfig)
    [Anonymous Symbol]                       0x08002a80   Section        0  stm32f0xx_hal_tim.o(.text.TIM_OC3_SetConfig)
    __arm_cp.76_0                            0x08002b60   Number         4  stm32f0xx_hal_tim.o(.text.TIM_OC3_SetConfig)
    __arm_cp.76_2                            0x08002b64   Number         4  stm32f0xx_hal_tim.o(.text.TIM_OC3_SetConfig)
    __arm_cp.76_3                            0x08002b68   Number         4  stm32f0xx_hal_tim.o(.text.TIM_OC3_SetConfig)
    TIM_OC4_SetConfig                        0x08002b6d   Thumb Code   148  stm32f0xx_hal_tim.o(.text.TIM_OC4_SetConfig)
    [Anonymous Symbol]                       0x08002b6c   Section        0  stm32f0xx_hal_tim.o(.text.TIM_OC4_SetConfig)
    __arm_cp.77_0                            0x08002bf4   Number         4  stm32f0xx_hal_tim.o(.text.TIM_OC4_SetConfig)
    __arm_cp.77_1                            0x08002bf8   Number         4  stm32f0xx_hal_tim.o(.text.TIM_OC4_SetConfig)
    __arm_cp.77_2                            0x08002bfc   Number         4  stm32f0xx_hal_tim.o(.text.TIM_OC4_SetConfig)
    TIM_SlaveTimer_SetConfig                 0x08002c01   Thumb Code   636  stm32f0xx_hal_tim.o(.text.TIM_SlaveTimer_SetConfig)
    [Anonymous Symbol]                       0x08002c00   Section        0  stm32f0xx_hal_tim.o(.text.TIM_SlaveTimer_SetConfig)
    __arm_cp.102_0                           0x08002e50   Number         4  stm32f0xx_hal_tim.o(.text.TIM_SlaveTimer_SetConfig)
    __arm_cp.102_1                           0x08002e54   Number         4  stm32f0xx_hal_tim.o(.text.TIM_SlaveTimer_SetConfig)
    __arm_cp.102_2                           0x08002e58   Number         4  stm32f0xx_hal_tim.o(.text.TIM_SlaveTimer_SetConfig)
    __arm_cp.102_3                           0x08002e5c   Number         4  stm32f0xx_hal_tim.o(.text.TIM_SlaveTimer_SetConfig)
    __arm_cp.102_4                           0x08002e60   Number         4  stm32f0xx_hal_tim.o(.text.TIM_SlaveTimer_SetConfig)
    __arm_cp.102_5                           0x08002e64   Number         4  stm32f0xx_hal_tim.o(.text.TIM_SlaveTimer_SetConfig)
    __arm_cp.102_6                           0x08002e68   Number         4  stm32f0xx_hal_tim.o(.text.TIM_SlaveTimer_SetConfig)
    __arm_cp.102_7                           0x08002e6c   Number         4  stm32f0xx_hal_tim.o(.text.TIM_SlaveTimer_SetConfig)
    __arm_cp.102_8                           0x08002e70   Number         4  stm32f0xx_hal_tim.o(.text.TIM_SlaveTimer_SetConfig)
    __arm_cp.102_9                           0x08002e74   Number         4  stm32f0xx_hal_tim.o(.text.TIM_SlaveTimer_SetConfig)
    __arm_cp.102_10                          0x08002e78   Number         4  stm32f0xx_hal_tim.o(.text.TIM_SlaveTimer_SetConfig)
    TIM_TI1_ConfigInputStage                 0x08002e7d   Thumb Code    34  stm32f0xx_hal_tim.o(.text.TIM_TI1_ConfigInputStage)
    [Anonymous Symbol]                       0x08002e7c   Section        0  stm32f0xx_hal_tim.o(.text.TIM_TI1_ConfigInputStage)
    TIM_TI2_ConfigInputStage                 0x08002e9f   Thumb Code    38  stm32f0xx_hal_tim.o(.text.TIM_TI2_ConfigInputStage)
    [Anonymous Symbol]                       0x08002e9e   Section        0  stm32f0xx_hal_tim.o(.text.TIM_TI2_ConfigInputStage)
    [Anonymous Symbol]                       0x08002ec4   Section        0  stm32f0xx_hal_uart.o(.text.UART_AdvFeatureConfig)
    __arm_cp.3_0                             0x08003064   Number         4  stm32f0xx_hal_uart.o(.text.UART_AdvFeatureConfig)
    __arm_cp.3_1                             0x08003068   Number         4  stm32f0xx_hal_uart.o(.text.UART_AdvFeatureConfig)
    [Anonymous Symbol]                       0x0800306c   Section        0  stm32f0xx_hal_uart.o(.text.UART_CheckIdleState)
    __arm_cp.4_0                             0x080030d8   Number         4  stm32f0xx_hal_uart.o(.text.UART_CheckIdleState)
    [Anonymous Symbol]                       0x080030dc   Section        0  stm32f0xx_hal_uart.o(.text.UART_SetConfig)
    __arm_cp.2_0                             0x080032fc   Number         4  stm32f0xx_hal_uart.o(.text.UART_SetConfig)
    __arm_cp.2_1                             0x08003300   Number         4  stm32f0xx_hal_uart.o(.text.UART_SetConfig)
    __arm_cp.2_2                             0x08003304   Number         4  stm32f0xx_hal_uart.o(.text.UART_SetConfig)
    __arm_cp.2_3                             0x08003308   Number         4  stm32f0xx_hal_uart.o(.text.UART_SetConfig)
    __arm_cp.2_4                             0x0800330c   Number         4  stm32f0xx_hal_uart.o(.text.UART_SetConfig)
    __arm_cp.2_5                             0x08003310   Number         4  stm32f0xx_hal_uart.o(.text.UART_SetConfig)
    __arm_cp.2_6                             0x08003314   Number         4  stm32f0xx_hal_uart.o(.text.UART_SetConfig)
    __arm_cp.2_7                             0x08003318   Number         4  stm32f0xx_hal_uart.o(.text.UART_SetConfig)
    __arm_cp.2_8                             0x0800331c   Number         4  stm32f0xx_hal_uart.o(.text.UART_SetConfig)
    __arm_cp.2_9                             0x08003320   Number         4  stm32f0xx_hal_uart.o(.text.UART_SetConfig)
    __arm_cp.2_10                            0x08003324   Number         4  stm32f0xx_hal_uart.o(.text.UART_SetConfig)
    __arm_cp.2_11                            0x08003328   Number         4  stm32f0xx_hal_uart.o(.text.UART_SetConfig)
    __arm_cp.2_12                            0x0800332c   Number         4  stm32f0xx_hal_uart.o(.text.UART_SetConfig)
    __arm_cp.2_13                            0x08003330   Number         4  stm32f0xx_hal_uart.o(.text.UART_SetConfig)
    __arm_cp.2_14                            0x08003334   Number         4  stm32f0xx_hal_uart.o(.text.UART_SetConfig)
    __arm_cp.2_15                            0x08003338   Number         4  stm32f0xx_hal_uart.o(.text.UART_SetConfig)
    __arm_cp.2_17                            0x0800334c   Number         4  stm32f0xx_hal_uart.o(.text.UART_SetConfig)
    __arm_cp.2_18                            0x08003350   Number         4  stm32f0xx_hal_uart.o(.text.UART_SetConfig)
    [Anonymous Symbol]                       0x08003354   Section        0  stm32f0xx_hal_uart.o(.text.UART_WaitOnFlagUntilTimeout)
    __NVIC_EnableIRQ                         0x08003409   Thumb Code    24  stm32f0xx_hal_cortex.o(.text.__NVIC_EnableIRQ)
    [Anonymous Symbol]                       0x08003408   Section        0  stm32f0xx_hal_cortex.o(.text.__NVIC_EnableIRQ)
    __arm_cp.3_0                             0x0800341c   Number         4  stm32f0xx_hal_cortex.o(.text.__NVIC_EnableIRQ)
    __NVIC_SetPriority                       0x08003421   Thumb Code    64  stm32f0xx_hal_cortex.o(.text.__NVIC_SetPriority)
    [Anonymous Symbol]                       0x08003420   Section        0  stm32f0xx_hal_cortex.o(.text.__NVIC_SetPriority)
    __arm_cp.1_0                             0x08003458   Number         4  stm32f0xx_hal_cortex.o(.text.__NVIC_SetPriority)
    __arm_cp.1_1                             0x0800345c   Number         4  stm32f0xx_hal_cortex.o(.text.__NVIC_SetPriority)
    [Anonymous Symbol]                       0x08003460   Section        0  main.o(.text.assert_failed)
    [Anonymous Symbol]                       0x08003462   Section        0  main.o(.text.main)
    i.__scatterload_copy                     0x0800348c   Section       14  handlers.o(i.__scatterload_copy)
    i.__scatterload_null                     0x0800349a   Section        2  handlers.o(i.__scatterload_null)
    i.__scatterload_zeroinit                 0x0800349c   Section       14  handlers.o(i.__scatterload_zeroinit)
    .L.str                                   0x080034c2   Data          56  stm32f0xx_hal_i2c.o(.rodata.str1.1)
    [Anonymous Symbol]                       0x080034c2   Section        0  stm32f0xx_hal_i2c.o(.rodata.str1.1)
    .L.str                                   0x080034fa   Data          59  stm32f0xx_hal_i2c_ex.o(.rodata.str1.1)
    [Anonymous Symbol]                       0x080034fa   Section        0  stm32f0xx_hal_i2c_ex.o(.rodata.str1.1)
    .L.str                                   0x08003535   Data          56  stm32f0xx_hal_rcc.o(.rodata.str1.1)
    [Anonymous Symbol]                       0x08003535   Section        0  stm32f0xx_hal_rcc.o(.rodata.str1.1)
    .L.str                                   0x0800356d   Data          59  stm32f0xx_hal_rcc_ex.o(.rodata.str1.1)
    [Anonymous Symbol]                       0x0800356d   Section        0  stm32f0xx_hal_rcc_ex.o(.rodata.str1.1)
    .L.str                                   0x080035a8   Data          57  stm32f0xx_hal_gpio.o(.rodata.str1.1)
    [Anonymous Symbol]                       0x080035a8   Section        0  stm32f0xx_hal_gpio.o(.rodata.str1.1)
    .L.str                                   0x080035e1   Data          56  stm32f0xx_hal_dma.o(.rodata.str1.1)
    [Anonymous Symbol]                       0x080035e1   Section        0  stm32f0xx_hal_dma.o(.rodata.str1.1)
    .L.str                                   0x08003619   Data          59  stm32f0xx_hal_cortex.o(.rodata.str1.1)
    [Anonymous Symbol]                       0x08003619   Section        0  stm32f0xx_hal_cortex.o(.rodata.str1.1)
    .L.str                                   0x08003654   Data          56  stm32f0xx_hal_tim.o(.rodata.str1.1)
    [Anonymous Symbol]                       0x08003654   Section        0  stm32f0xx_hal_tim.o(.rodata.str1.1)
    .L.str                                   0x0800368c   Data          59  stm32f0xx_hal_tim_ex.o(.rodata.str1.1)
    [Anonymous Symbol]                       0x0800368c   Section        0  stm32f0xx_hal_tim_ex.o(.rodata.str1.1)
    .L.str                                   0x080036c7   Data          57  stm32f0xx_hal_uart.o(.rodata.str1.1)
    [Anonymous Symbol]                       0x080036c7   Section        0  stm32f0xx_hal_uart.o(.rodata.str1.1)
    STACK                                    0x200002c8   Section     1024  startup_stm32f091xc.o(STACK)

    Global Symbols

    Symbol Name                              Value     Ov Type        Size  Object(Section)

    BuildAttributes$$THM_ISAv3M$S$PE$A:L22$X:L11$S22$IEEE1$IW$~IW$USESV6$~STKCKD$USESV7$~SHL$OTIME$EBA8$MICROLIB$REQ8$PRES8$EABIv2 0x00000000   Number         0  anon$$obj.o ABSOLUTE
    __cpp_initialize__aeabi_                  - Undefined Weak Reference
    __cxa_finalize                            - Undefined Weak Reference
    __decompress                              - Undefined Weak Reference
    _clock_init                               - Undefined Weak Reference
    _microlib_exit                            - Undefined Weak Reference
    __Vectors_Size                           0x000000bc   Number         0  startup_stm32f091xc.o ABSOLUTE
    __Vectors                                0x08000000   Data           4  startup_stm32f091xc.o(RESET)
    __Vectors_End                            0x080000bc   Data           0  startup_stm32f091xc.o(RESET)
    __main                                   0x080000bd   Thumb Code     0  entry.o(.ARM.Collect$$$$00000000)
    _main_stk                                0x080000bd   Thumb Code     0  entry2.o(.ARM.Collect$$$$00000001)
    _main_scatterload                        0x080000c1   Thumb Code     0  entry5.o(.ARM.Collect$$$$00000004)
    __main_after_scatterload                 0x080000c5   Thumb Code     0  entry5.o(.ARM.Collect$$$$00000004)
    _main_clock                              0x080000c5   Thumb Code     0  entry7b.o(.ARM.Collect$$$$00000008)
    _main_cpp_init                           0x080000c5   Thumb Code     0  entry8b.o(.ARM.Collect$$$$0000000A)
    _main_init                               0x080000c5   Thumb Code     0  entry9a.o(.ARM.Collect$$$$0000000B)
    __rt_final_cpp                           0x080000cd   Thumb Code     0  entry10a.o(.ARM.Collect$$$$0000000D)
    __rt_final_exit                          0x080000cd   Thumb Code     0  entry11a.o(.ARM.Collect$$$$0000000F)
    Reset_Handler                            0x080000d1   Thumb Code     8  startup_stm32f091xc.o(.text)
    ADC1_COMP_IRQHandler                     0x080000e3   Thumb Code     0  startup_stm32f091xc.o(.text)
    CEC_CAN_IRQHandler                       0x080000e3   Thumb Code     0  startup_stm32f091xc.o(.text)
    DMA1_Ch4_7_DMA2_Ch3_5_IRQHandler         0x080000e3   Thumb Code     0  startup_stm32f091xc.o(.text)
    EXTI0_1_IRQHandler                       0x080000e3   Thumb Code     0  startup_stm32f091xc.o(.text)
    EXTI2_3_IRQHandler                       0x080000e3   Thumb Code     0  startup_stm32f091xc.o(.text)
    EXTI4_15_IRQHandler                      0x080000e3   Thumb Code     0  startup_stm32f091xc.o(.text)
    FLASH_IRQHandler                         0x080000e3   Thumb Code     0  startup_stm32f091xc.o(.text)
    I2C1_IRQHandler                          0x080000e3   Thumb Code     0  startup_stm32f091xc.o(.text)
    I2C2_IRQHandler                          0x080000e3   Thumb Code     0  startup_stm32f091xc.o(.text)
    PVD_VDDIO2_IRQHandler                    0x080000e3   Thumb Code     0  startup_stm32f091xc.o(.text)
    RCC_CRS_IRQHandler                       0x080000e3   Thumb Code     0  startup_stm32f091xc.o(.text)
    RTC_IRQHandler                           0x080000e3   Thumb Code     0  startup_stm32f091xc.o(.text)
    SPI1_IRQHandler                          0x080000e3   Thumb Code     0  startup_stm32f091xc.o(.text)
    SPI2_IRQHandler                          0x080000e3   Thumb Code     0  startup_stm32f091xc.o(.text)
    TIM14_IRQHandler                         0x080000e3   Thumb Code     0  startup_stm32f091xc.o(.text)
    TIM15_IRQHandler                         0x080000e3   Thumb Code     0  startup_stm32f091xc.o(.text)
    TIM16_IRQHandler                         0x080000e3   Thumb Code     0  startup_stm32f091xc.o(.text)
    TIM17_IRQHandler                         0x080000e3   Thumb Code     0  startup_stm32f091xc.o(.text)
    TIM1_CC_IRQHandler                       0x080000e3   Thumb Code     0  startup_stm32f091xc.o(.text)
    TIM2_IRQHandler                          0x080000e3   Thumb Code     0  startup_stm32f091xc.o(.text)
    TIM3_IRQHandler                          0x080000e3   Thumb Code     0  startup_stm32f091xc.o(.text)
    TIM6_DAC_IRQHandler                      0x080000e3   Thumb Code     0  startup_stm32f091xc.o(.text)
    TIM7_IRQHandler                          0x080000e3   Thumb Code     0  startup_stm32f091xc.o(.text)
    TSC_IRQHandler                           0x080000e3   Thumb Code     0  startup_stm32f091xc.o(.text)
    USART1_IRQHandler                        0x080000e3   Thumb Code     0  startup_stm32f091xc.o(.text)
    USART2_IRQHandler                        0x080000e3   Thumb Code     0  startup_stm32f091xc.o(.text)
    USART3_8_IRQHandler                      0x080000e3   Thumb Code     0  startup_stm32f091xc.o(.text)
    WWDG_IRQHandler                          0x080000e3   Thumb Code     0  startup_stm32f091xc.o(.text)
    __aeabi_memset                           0x080000ed   Thumb Code    14  memseta.o(.text)
    __aeabi_memset4                          0x080000ed   Thumb Code     0  memseta.o(.text)
    __aeabi_memset8                          0x080000ed   Thumb Code     0  memseta.o(.text)
    __aeabi_memclr                           0x080000fb   Thumb Code     4  memseta.o(.text)
    __aeabi_memclr4                          0x080000fb   Thumb Code     0  memseta.o(.text)
    __aeabi_memclr8                          0x080000fb   Thumb Code     0  memseta.o(.text)
    _memset$wrapper                          0x080000ff   Thumb Code    18  memseta.o(.text)
    __aeabi_uidiv                            0x08000111   Thumb Code     0  uidiv_div0.o(.text)
    __aeabi_uidivmod                         0x08000111   Thumb Code    62  uidiv_div0.o(.text)
    __scatterload                            0x08000151   Thumb Code    28  init.o(.text)
    __scatterload_rt2                        0x08000151   Thumb Code     0  init.o(.text)
    DMA1_Ch1_IRQHandler                      0x08000175   Thumb Code    16  stm32f0xx_it.o(.text.DMA1_Ch1_IRQHandler)
    DMA1_Ch2_3_DMA2_Ch1_2_IRQHandler         0x08000185   Thumb Code    16  stm32f0xx_it.o(.text.DMA1_Ch2_3_DMA2_Ch1_2_IRQHandler)
    Error_Handler                            0x080001d1   Thumb Code     8  main.o(.text.Error_Handler)
    HAL_DMA_IRQHandler                       0x080001d9   Thumb Code   164  stm32f0xx_hal_dma.o(.text.HAL_DMA_IRQHandler)
    HAL_DMA_Init                             0x0800027d   Thumb Code   416  stm32f0xx_hal_dma.o(.text.HAL_DMA_Init)
    HAL_GPIO_Init                            0x0800041d   Thumb Code   608  stm32f0xx_hal_gpio.o(.text.HAL_GPIO_Init)
    HAL_GPIO_WritePin                        0x0800067d   Thumb Code    64  stm32f0xx_hal_gpio.o(.text.HAL_GPIO_WritePin)
    HAL_GetTick                              0x080006bd   Thumb Code     8  stm32f0xx_hal.o(.text.HAL_GetTick)
    HAL_I2CEx_ConfigAnalogFilter             0x080006c5   Thumb Code   112  stm32f0xx_hal_i2c_ex.o(.text.HAL_I2CEx_ConfigAnalogFilter)
    HAL_I2CEx_ConfigDigitalFilter            0x08000735   Thumb Code   108  stm32f0xx_hal_i2c_ex.o(.text.HAL_I2CEx_ConfigDigitalFilter)
    HAL_I2C_Init                             0x080007a1   Thumb Code   324  stm32f0xx_hal_i2c.o(.text.HAL_I2C_Init)
    HAL_I2C_MspInit                          0x080008e5   Thumb Code   104  i2c.o(.text.HAL_I2C_MspInit)
    HAL_IncTick                              0x0800094d   Thumb Code    20  stm32f0xx_hal.o(.text.HAL_IncTick)
    HAL_Init                                 0x08000961   Thumb Code    32  stm32f0xx_hal.o(.text.HAL_Init)
    HAL_InitTick                             0x08000981   Thumb Code    72  stm32f0xx_hal.o(.text.HAL_InitTick)
    HAL_MspInit                              0x080009c9   Thumb Code    44  stm32f0xx_hal_msp.o(.text.HAL_MspInit)
    HAL_NVIC_EnableIRQ                       0x080009f5   Thumb Code    24  stm32f0xx_hal_cortex.o(.text.HAL_NVIC_EnableIRQ)
    HAL_NVIC_SetPriority                     0x08000a0d   Thumb Code    32  stm32f0xx_hal_cortex.o(.text.HAL_NVIC_SetPriority)
    HAL_RCCEx_PeriphCLKConfig                0x08000a2d   Thumb Code   448  stm32f0xx_hal_rcc_ex.o(.text.HAL_RCCEx_PeriphCLKConfig)
    HAL_RCC_ClockConfig                      0x08000bed   Thumb Code   412  stm32f0xx_hal_rcc.o(.text.HAL_RCC_ClockConfig)
    HAL_RCC_GetHCLKFreq                      0x08000d89   Thumb Code    12  stm32f0xx_hal_rcc.o(.text.HAL_RCC_GetHCLKFreq)
    HAL_RCC_GetPCLK1Freq                     0x08000d95   Thumb Code    28  stm32f0xx_hal_rcc.o(.text.HAL_RCC_GetPCLK1Freq)
    HAL_RCC_GetSysClockFreq                  0x08000db1   Thumb Code   120  stm32f0xx_hal_rcc.o(.text.HAL_RCC_GetSysClockFreq)
    HAL_RCC_OscConfig                        0x08000e29   Thumb Code  1404  stm32f0xx_hal_rcc.o(.text.HAL_RCC_OscConfig)
    HAL_SYSTICK_Config                       0x080013a5   Thumb Code     8  stm32f0xx_hal_cortex.o(.text.HAL_SYSTICK_Config)
    HAL_TIMEx_BreakCallback                  0x080013ad   Thumb Code     2  stm32f0xx_hal_tim_ex.o(.text.HAL_TIMEx_BreakCallback)
    HAL_TIMEx_CommutCallback                 0x080013af   Thumb Code     2  stm32f0xx_hal_tim_ex.o(.text.HAL_TIMEx_CommutCallback)
    HAL_TIMEx_ConfigBreakDeadTime            0x080013b1   Thumb Code   260  stm32f0xx_hal_tim_ex.o(.text.HAL_TIMEx_ConfigBreakDeadTime)
    HAL_TIMEx_MasterConfigSynchronization    0x080014b5   Thumb Code   212  stm32f0xx_hal_tim_ex.o(.text.HAL_TIMEx_MasterConfigSynchronization)
    HAL_TIM_Base_Init                        0x08001589   Thumb Code   284  stm32f0xx_hal_tim.o(.text.HAL_TIM_Base_Init)
    HAL_TIM_Base_MspInit                     0x080016a5   Thumb Code   176  tim.o(.text.HAL_TIM_Base_MspInit)
    HAL_TIM_ConfigClockSource                0x08001755   Thumb Code   948  stm32f0xx_hal_tim.o(.text.HAL_TIM_ConfigClockSource)
    HAL_TIM_IC_CaptureCallback               0x08001b09   Thumb Code     2  stm32f0xx_hal_tim.o(.text.HAL_TIM_IC_CaptureCallback)
    HAL_TIM_IRQHandler                       0x08001b0b   Thumb Code   328  stm32f0xx_hal_tim.o(.text.HAL_TIM_IRQHandler)
    HAL_TIM_MspPostInit                      0x08001c55   Thumb Code   152  tim.o(.text.HAL_TIM_MspPostInit)
    HAL_TIM_OC_DelayElapsedCallback          0x08001ced   Thumb Code     2  stm32f0xx_hal_tim.o(.text.HAL_TIM_OC_DelayElapsedCallback)
    HAL_TIM_PWM_ConfigChannel                0x08001cf1   Thumb Code   484  stm32f0xx_hal_tim.o(.text.HAL_TIM_PWM_ConfigChannel)
    HAL_TIM_PWM_Init                         0x08001ed5   Thumb Code   280  stm32f0xx_hal_tim.o(.text.HAL_TIM_PWM_Init)
    HAL_TIM_PWM_MspInit                      0x08001fed   Thumb Code     2  stm32f0xx_hal_tim.o(.text.HAL_TIM_PWM_MspInit)
    HAL_TIM_PWM_PulseFinishedCallback        0x08001fef   Thumb Code     2  stm32f0xx_hal_tim.o(.text.HAL_TIM_PWM_PulseFinishedCallback)
    HAL_TIM_PeriodElapsedCallback            0x08001ff1   Thumb Code     2  stm32f0xx_hal_tim.o(.text.HAL_TIM_PeriodElapsedCallback)
    HAL_TIM_SlaveConfigSynchro               0x08001ff5   Thumb Code   188  stm32f0xx_hal_tim.o(.text.HAL_TIM_SlaveConfigSynchro)
    HAL_TIM_TriggerCallback                  0x080020b1   Thumb Code     2  stm32f0xx_hal_tim.o(.text.HAL_TIM_TriggerCallback)
    HAL_UART_Init                            0x080020b5   Thumb Code   268  stm32f0xx_hal_uart.o(.text.HAL_UART_Init)
    HAL_UART_MspInit                         0x080021c1   Thumb Code   316  usart.o(.text.HAL_UART_MspInit)
    HardFault_Handler                        0x080022fd   Thumb Code     2  stm32f0xx_it.o(.text.HardFault_Handler)
    MX_DMA_Init                              0x08002301   Thumb Code    64  dma.o(.text.MX_DMA_Init)
    MX_GPIO_Init                             0x08002341   Thumb Code   160  gpio.o(.text.MX_GPIO_Init)
    MX_I2C1_Init                             0x080023e1   Thumb Code    88  i2c.o(.text.MX_I2C1_Init)
    MX_TIM1_Init                             0x08002439   Thumb Code   224  tim.o(.text.MX_TIM1_Init)
    MX_TIM2_Init                             0x08002519   Thumb Code   200  tim.o(.text.MX_TIM2_Init)
    MX_TIM3_Init                             0x080025e1   Thumb Code   204  tim.o(.text.MX_TIM3_Init)
    MX_USART2_UART_Init                      0x080026ad   Thumb Code    56  usart.o(.text.MX_USART2_UART_Init)
    MX_USART3_UART_Init                      0x080026e5   Thumb Code    56  usart.o(.text.MX_USART3_UART_Init)
    NMI_Handler                              0x0800271d   Thumb Code     2  stm32f0xx_it.o(.text.NMI_Handler)
    PendSV_Handler                           0x0800271f   Thumb Code     2  stm32f0xx_it.o(.text.PendSV_Handler)
    SVC_Handler                              0x08002721   Thumb Code     2  stm32f0xx_it.o(.text.SVC_Handler)
    SysTick_Handler                          0x0800274d   Thumb Code     8  stm32f0xx_it.o(.text.SysTick_Handler)
    SystemClock_Config                       0x08002755   Thumb Code   132  main.o(.text.SystemClock_Config)
    SystemInit                               0x080027d9   Thumb Code     2  system_stm32f0xx.o(.text.SystemInit)
    TIM1_BRK_UP_TRG_COM_IRQHandler           0x080027dd   Thumb Code    16  stm32f0xx_it.o(.text.TIM1_BRK_UP_TRG_COM_IRQHandler)
    TIM_Base_SetConfig                       0x080027ed   Thumb Code   184  stm32f0xx_hal_tim.o(.text.TIM_Base_SetConfig)
    TIM_ETR_SetConfig                        0x080028a5   Thumb Code    22  stm32f0xx_hal_tim.o(.text.TIM_ETR_SetConfig)
    TIM_OC2_SetConfig                        0x080029a9   Thumb Code   216  stm32f0xx_hal_tim.o(.text.TIM_OC2_SetConfig)
    UART_AdvFeatureConfig                    0x08002ec5   Thumb Code   424  stm32f0xx_hal_uart.o(.text.UART_AdvFeatureConfig)
    UART_CheckIdleState                      0x0800306d   Thumb Code   112  stm32f0xx_hal_uart.o(.text.UART_CheckIdleState)
    UART_SetConfig                           0x080030dd   Thumb Code   632  stm32f0xx_hal_uart.o(.text.UART_SetConfig)
    UART_WaitOnFlagUntilTimeout              0x08003355   Thumb Code   180  stm32f0xx_hal_uart.o(.text.UART_WaitOnFlagUntilTimeout)
    assert_failed                            0x08003461   Thumb Code     2  main.o(.text.assert_failed)
    main                                     0x08003463   Thumb Code    42  main.o(.text.main)
    __scatterload_copy                       0x0800348d   Thumb Code    14  handlers.o(i.__scatterload_copy)
    __scatterload_null                       0x0800349b   Thumb Code     2  handlers.o(i.__scatterload_null)
    __scatterload_zeroinit                   0x0800349d   Thumb Code    14  handlers.o(i.__scatterload_zeroinit)
    AHBPrescTable                            0x080034aa   Data          16  system_stm32f0xx.o(.rodata.AHBPrescTable)
    APBPrescTable                            0x080034ba   Data           8  system_stm32f0xx.o(.rodata.APBPrescTable)
    Region$$Table$$Base                      0x08003700   Number         0  anon$$obj.o(Region$$Table)
    Region$$Table$$Limit                     0x08003720   Number         0  anon$$obj.o(Region$$Table)
    SystemCoreClock                          0x20000000   Data           4  system_stm32f0xx.o(.data.SystemCoreClock)
    uwTickFreq                               0x20000004   Data           1  stm32f0xx_hal.o(.data.uwTickFreq)
    uwTickPrio                               0x20000008   Data           4  stm32f0xx_hal.o(.data.uwTickPrio)
    hdma_usart3_rx                           0x20000010   Data          68  usart.o(.bss.hdma_usart3_rx)
    hdma_usart3_tx                           0x20000054   Data          68  usart.o(.bss.hdma_usart3_tx)
    hi2c1                                    0x20000098   Data          76  i2c.o(.bss.hi2c1)
    htim1                                    0x200000e4   Data          72  tim.o(.bss.htim1)
    htim2                                    0x2000012c   Data          72  tim.o(.bss.htim2)
    htim3                                    0x20000174   Data          72  tim.o(.bss.htim3)
    huart2                                   0x200001bc   Data         132  usart.o(.bss.huart2)
    huart3                                   0x20000240   Data         132  usart.o(.bss.huart3)
    uwTick                                   0x200002c4   Data           4  stm32f0xx_hal.o(.bss.uwTick)
    __initial_sp                             0x200006c8   Data           0  startup_stm32f091xc.o(STACK)



==============================================================================

Memory Map of the image

  Image Entry point : 0x080000bd

  Load Region LR_IROM1 (Base: 0x08000000, Size: 0x00003730, Max: 0x00040000, ABSOLUTE)

    Execution Region ER_IROM1 (Exec base: 0x08000000, Load base: 0x08000000, Size: 0x00003720, Max: 0x00040000, ABSOLUTE)

    Exec Addr    Load Addr    Size         Type   Attr      Idx    E Section Name        Object

    0x08000000   0x08000000   0x000000bc   Data   RO            3    RESET               startup_stm32f091xc.o
    0x080000bc   0x080000bc   0x00000000   Code   RO         1248  * .ARM.Collect$$$$00000000  mc_p.l(entry.o)
    0x080000bc   0x080000bc   0x00000004   Code   RO         1261    .ARM.Collect$$$$00000001  mc_p.l(entry2.o)
    0x080000c0   0x080000c0   0x00000004   Code   RO         1264    .ARM.Collect$$$$00000004  mc_p.l(entry5.o)
    0x080000c4   0x080000c4   0x00000000   Code   RO         1266    .ARM.Collect$$$$00000008  mc_p.l(entry7b.o)
    0x080000c4   0x080000c4   0x00000000   Code   RO         1268    .ARM.Collect$$$$0000000A  mc_p.l(entry8b.o)
    0x080000c4   0x080000c4   0x00000008   Code   RO         1269    .ARM.Collect$$$$0000000B  mc_p.l(entry9a.o)
    0x080000cc   0x080000cc   0x00000000   Code   RO         1271    .ARM.Collect$$$$0000000D  mc_p.l(entry10a.o)
    0x080000cc   0x080000cc   0x00000000   Code   RO         1273    .ARM.Collect$$$$0000000F  mc_p.l(entry11a.o)
    0x080000cc   0x080000cc   0x00000004   Code   RO         1262    .ARM.Collect$$$$00002712  mc_p.l(entry2.o)
    0x080000d0   0x080000d0   0x0000001c   Code   RO            4    .text               startup_stm32f091xc.o
    0x080000ec   0x080000ec   0x00000024   Code   RO         1259    .text               mc_p.l(memseta.o)
    0x08000110   0x08000110   0x0000003e   Code   RO         1279    .text               mc_p.l(uidiv_div0.o)
    0x0800014e   0x0800014e   0x00000002   PAD
    0x08000150   0x08000150   0x00000024   Code   RO         1285    .text               mc_p.l(init.o)
    0x08000174   0x08000174   0x00000010   Code   RO          111    .text.DMA1_Ch1_IRQHandler  stm32f0xx_it.o
    0x08000184   0x08000184   0x00000010   Code   RO          113    .text.DMA1_Ch2_3_DMA2_Ch1_2_IRQHandler  stm32f0xx_it.o
    0x08000194   0x08000194   0x0000003c   Code   RO          472    .text.DMA_CalcBaseAndBitshift  stm32f0xx_hal_dma.o
    0x080001d0   0x080001d0   0x00000008   Code   RO           15    .text.Error_Handler  main.o
    0x080001d8   0x080001d8   0x000000a4   Code   RO          488    .text.HAL_DMA_IRQHandler  stm32f0xx_hal_dma.o
    0x0800027c   0x0800027c   0x000001a0   Code   RO          470    .text.HAL_DMA_Init  stm32f0xx_hal_dma.o
    0x0800041c   0x0800041c   0x00000260   Code   RO          445    .text.HAL_GPIO_Init  stm32f0xx_hal_gpio.o
    0x0800067c   0x0800067c   0x00000040   Code   RO          451    .text.HAL_GPIO_WritePin  stm32f0xx_hal_gpio.o
    0x080006bc   0x080006bc   0x00000008   Code   RO          400    .text.HAL_GetTick   stm32f0xx_hal.o
    0x080006c4   0x080006c4   0x00000070   Code   RO          299    .text.HAL_I2CEx_ConfigAnalogFilter  stm32f0xx_hal_i2c_ex.o
    0x08000734   0x08000734   0x0000006c   Code   RO          301    .text.HAL_I2CEx_ConfigDigitalFilter  stm32f0xx_hal_i2c_ex.o
    0x080007a0   0x080007a0   0x00000144   Code   RO          132    .text.HAL_I2C_Init  stm32f0xx_hal_i2c.o
    0x080008e4   0x080008e4   0x00000068   Code   RO           45    .text.HAL_I2C_MspInit  i2c.o
    0x0800094c   0x0800094c   0x00000014   Code   RO          398    .text.HAL_IncTick   stm32f0xx_hal.o
    0x08000960   0x08000960   0x00000020   Code   RO          388    .text.HAL_Init      stm32f0xx_hal.o
    0x08000980   0x08000980   0x00000048   Code   RO          390    .text.HAL_InitTick  stm32f0xx_hal.o
    0x080009c8   0x080009c8   0x0000002c   Code   RO          124    .text.HAL_MspInit   stm32f0xx_hal_msp.o
    0x080009f4   0x080009f4   0x00000018   Code   RO          511    .text.HAL_NVIC_EnableIRQ  stm32f0xx_hal_cortex.o
    0x08000a0c   0x08000a0c   0x00000020   Code   RO          507    .text.HAL_NVIC_SetPriority  stm32f0xx_hal_cortex.o
    0x08000a2c   0x08000a2c   0x000001c0   Code   RO          355    .text.HAL_RCCEx_PeriphCLKConfig  stm32f0xx_hal_rcc_ex.o
    0x08000bec   0x08000bec   0x0000019c   Code   RO          324    .text.HAL_RCC_ClockConfig  stm32f0xx_hal_rcc.o
    0x08000d88   0x08000d88   0x0000000c   Code   RO          334    .text.HAL_RCC_GetHCLKFreq  stm32f0xx_hal_rcc.o
    0x08000d94   0x08000d94   0x0000001c   Code   RO          336    .text.HAL_RCC_GetPCLK1Freq  stm32f0xx_hal_rcc.o
    0x08000db0   0x08000db0   0x00000078   Code   RO          326    .text.HAL_RCC_GetSysClockFreq  stm32f0xx_hal_rcc.o
    0x08000e28   0x08000e28   0x0000057c   Code   RO          322    .text.HAL_RCC_OscConfig  stm32f0xx_hal_rcc.o
    0x080013a4   0x080013a4   0x00000008   Code   RO          523    .text.HAL_SYSTICK_Config  stm32f0xx_hal_cortex.o
    0x080013ac   0x080013ac   0x00000002   Code   RO         1049    .text.HAL_TIMEx_BreakCallback  stm32f0xx_hal_tim_ex.o
    0x080013ae   0x080013ae   0x00000002   Code   RO         1045    .text.HAL_TIMEx_CommutCallback  stm32f0xx_hal_tim_ex.o
    0x080013b0   0x080013b0   0x00000104   Code   RO         1041    .text.HAL_TIMEx_ConfigBreakDeadTime  stm32f0xx_hal_tim_ex.o
    0x080014b4   0x080014b4   0x000000d4   Code   RO         1039    .text.HAL_TIMEx_MasterConfigSynchronization  stm32f0xx_hal_tim_ex.o
    0x08001588   0x08001588   0x0000011c   Code   RO          724    .text.HAL_TIM_Base_Init  stm32f0xx_hal_tim.o
    0x080016a4   0x080016a4   0x000000b0   Code   RO           66    .text.HAL_TIM_Base_MspInit  tim.o
    0x08001754   0x08001754   0x000003b4   Code   RO          916    .text.HAL_TIM_ConfigClockSource  stm32f0xx_hal_tim.o
    0x08001b08   0x08001b08   0x00000002   Code   RO          860    .text.HAL_TIM_IC_CaptureCallback  stm32f0xx_hal_tim.o
    0x08001b0a   0x08001b0a   0x00000148   Code   RO          858    .text.HAL_TIM_IRQHandler  stm32f0xx_hal_tim.o
    0x08001c52   0x08001c52   0x00000002   PAD
    0x08001c54   0x08001c54   0x00000098   Code   RO           60    .text.HAL_TIM_MspPostInit  tim.o
    0x08001cec   0x08001cec   0x00000002   Code   RO          862    .text.HAL_TIM_OC_DelayElapsedCallback  stm32f0xx_hal_tim.o
    0x08001cee   0x08001cee   0x00000002   PAD
    0x08001cf0   0x08001cf0   0x000001e4   Code   RO          890    .text.HAL_TIM_PWM_ConfigChannel  stm32f0xx_hal_tim.o
    0x08001ed4   0x08001ed4   0x00000118   Code   RO          778    .text.HAL_TIM_PWM_Init  stm32f0xx_hal_tim.o
    0x08001fec   0x08001fec   0x00000002   Code   RO          780    .text.HAL_TIM_PWM_MspInit  stm32f0xx_hal_tim.o
    0x08001fee   0x08001fee   0x00000002   Code   RO          864    .text.HAL_TIM_PWM_PulseFinishedCallback  stm32f0xx_hal_tim.o
    0x08001ff0   0x08001ff0   0x00000002   Code   RO          866    .text.HAL_TIM_PeriodElapsedCallback  stm32f0xx_hal_tim.o
    0x08001ff2   0x08001ff2   0x00000002   PAD
    0x08001ff4   0x08001ff4   0x000000bc   Code   RO          926    .text.HAL_TIM_SlaveConfigSynchro  stm32f0xx_hal_tim.o
    0x080020b0   0x080020b0   0x00000002   Code   RO          868    .text.HAL_TIM_TriggerCallback  stm32f0xx_hal_tim.o
    0x080020b2   0x080020b2   0x00000002   PAD
    0x080020b4   0x080020b4   0x0000010c   Code   RO         1064    .text.HAL_UART_Init  stm32f0xx_hal_uart.o
    0x080021c0   0x080021c0   0x0000013c   Code   RO           85    .text.HAL_UART_MspInit  usart.o
    0x080022fc   0x080022fc   0x00000002   Code   RO          103    .text.HardFault_Handler  stm32f0xx_it.o
    0x080022fe   0x080022fe   0x00000002   PAD
    0x08002300   0x08002300   0x00000040   Code   RO           35    .text.MX_DMA_Init   dma.o
    0x08002340   0x08002340   0x000000a0   Code   RO           27    .text.MX_GPIO_Init  gpio.o
    0x080023e0   0x080023e0   0x00000058   Code   RO           43    .text.MX_I2C1_Init  i2c.o
    0x08002438   0x08002438   0x000000e0   Code   RO           58    .text.MX_TIM1_Init  tim.o
    0x08002518   0x08002518   0x000000c8   Code   RO           62    .text.MX_TIM2_Init  tim.o
    0x080025e0   0x080025e0   0x000000cc   Code   RO           64    .text.MX_TIM3_Init  tim.o
    0x080026ac   0x080026ac   0x00000038   Code   RO           81    .text.MX_USART2_UART_Init  usart.o
    0x080026e4   0x080026e4   0x00000038   Code   RO           83    .text.MX_USART3_UART_Init  usart.o
    0x0800271c   0x0800271c   0x00000002   Code   RO          101    .text.NMI_Handler   stm32f0xx_it.o
    0x0800271e   0x0800271e   0x00000002   Code   RO          107    .text.PendSV_Handler  stm32f0xx_it.o
    0x08002720   0x08002720   0x00000002   Code   RO          105    .text.SVC_Handler   stm32f0xx_it.o
    0x08002722   0x08002722   0x00000002   PAD
    0x08002724   0x08002724   0x00000028   Code   RO          525    .text.SysTick_Config  stm32f0xx_hal_cortex.o
    0x0800274c   0x0800274c   0x00000008   Code   RO          109    .text.SysTick_Handler  stm32f0xx_it.o
    0x08002754   0x08002754   0x00000084   Code   RO           13    .text.SystemClock_Config  main.o
    0x080027d8   0x080027d8   0x00000002   Code   RO         1234    .text.SystemInit    system_stm32f0xx.o
    0x080027da   0x080027da   0x00000002   PAD
    0x080027dc   0x080027dc   0x00000010   Code   RO          115    .text.TIM1_BRK_UP_TRG_COM_IRQHandler  stm32f0xx_it.o
    0x080027ec   0x080027ec   0x000000b8   Code   RO          728    .text.TIM_Base_SetConfig  stm32f0xx_hal_tim.o
    0x080028a4   0x080028a4   0x00000016   Code   RO          914    .text.TIM_ETR_SetConfig  stm32f0xx_hal_tim.o
    0x080028ba   0x080028ba   0x00000010   Code   RO          920    .text.TIM_ITRx_SetConfig  stm32f0xx_hal_tim.o
    0x080028ca   0x080028ca   0x00000002   PAD
    0x080028cc   0x080028cc   0x000000dc   Code   RO          872    .text.TIM_OC1_SetConfig  stm32f0xx_hal_tim.o
    0x080029a8   0x080029a8   0x000000d8   Code   RO          874    .text.TIM_OC2_SetConfig  stm32f0xx_hal_tim.o
    0x08002a80   0x08002a80   0x000000ec   Code   RO          876    .text.TIM_OC3_SetConfig  stm32f0xx_hal_tim.o
    0x08002b6c   0x08002b6c   0x00000094   Code   RO          878    .text.TIM_OC4_SetConfig  stm32f0xx_hal_tim.o
    0x08002c00   0x08002c00   0x0000027c   Code   RO          928    .text.TIM_SlaveTimer_SetConfig  stm32f0xx_hal_tim.o
    0x08002e7c   0x08002e7c   0x00000022   Code   RO          918    .text.TIM_TI1_ConfigInputStage  stm32f0xx_hal_tim.o
    0x08002e9e   0x08002e9e   0x00000026   Code   RO          922    .text.TIM_TI2_ConfigInputStage  stm32f0xx_hal_tim.o
    0x08002ec4   0x08002ec4   0x000001a8   Code   RO         1070    .text.UART_AdvFeatureConfig  stm32f0xx_hal_uart.o
    0x0800306c   0x0800306c   0x00000070   Code   RO         1072    .text.UART_CheckIdleState  stm32f0xx_hal_uart.o
    0x080030dc   0x080030dc   0x00000278   Code   RO         1068    .text.UART_SetConfig  stm32f0xx_hal_uart.o
    0x08003354   0x08003354   0x000000b4   Code   RO         1086    .text.UART_WaitOnFlagUntilTimeout  stm32f0xx_hal_uart.o
    0x08003408   0x08003408   0x00000018   Code   RO          513    .text.__NVIC_EnableIRQ  stm32f0xx_hal_cortex.o
    0x08003420   0x08003420   0x00000040   Code   RO          509    .text.__NVIC_SetPriority  stm32f0xx_hal_cortex.o
    0x08003460   0x08003460   0x00000002   Code   RO           17    .text.assert_failed  main.o
    0x08003462   0x08003462   0x0000002a   Code   RO           11    .text.main          main.o
    0x0800348c   0x0800348c   0x0000000e   Code   RO         1289    i.__scatterload_copy  mc_p.l(handlers.o)
    0x0800349a   0x0800349a   0x00000002   Code   RO         1290    i.__scatterload_null  mc_p.l(handlers.o)
    0x0800349c   0x0800349c   0x0000000e   Code   RO         1291    i.__scatterload_zeroinit  mc_p.l(handlers.o)
    0x080034aa   0x080034aa   0x00000010   Data   RO         1239    .rodata.AHBPrescTable  system_stm32f0xx.o
    0x080034ba   0x080034ba   0x00000008   Data   RO         1240    .rodata.APBPrescTable  system_stm32f0xx.o
    0x080034c2   0x080034c2   0x00000038   Data   RO          290    .rodata.str1.1      stm32f0xx_hal_i2c.o
    0x080034fa   0x080034fa   0x0000003b   Data   RO          311    .rodata.str1.1      stm32f0xx_hal_i2c_ex.o
    0x08003535   0x08003535   0x00000038   Data   RO          346    .rodata.str1.1      stm32f0xx_hal_rcc.o
    0x0800356d   0x0800356d   0x0000003b   Data   RO          379    .rodata.str1.1      stm32f0xx_hal_rcc_ex.o
    0x080035a8   0x080035a8   0x00000039   Data   RO          461    .rodata.str1.1      stm32f0xx_hal_gpio.o
    0x080035e1   0x080035e1   0x00000038   Data   RO          498    .rodata.str1.1      stm32f0xx_hal_dma.o
    0x08003619   0x08003619   0x0000003b   Data   RO          549    .rodata.str1.1      stm32f0xx_hal_cortex.o
    0x08003654   0x08003654   0x00000038   Data   RO          962    .rodata.str1.1      stm32f0xx_hal_tim.o
    0x0800368c   0x0800368c   0x0000003b   Data   RO         1055    .rodata.str1.1      stm32f0xx_hal_tim_ex.o
    0x080036c7   0x080036c7   0x00000039   Data   RO         1196    .rodata.str1.1      stm32f0xx_hal_uart.o
    0x08003700   0x08003700   0x00000020   Data   RO         1288    Region$$Table       anon$$obj.o


    Execution Region RW_IRAM1 (Exec base: 0x20000000, Load base: 0x08003720, Size: 0x000006c8, Max: 0x00008000, ABSOLUTE)

    Exec Addr    Load Addr    Size         Type   Attr      Idx    E Section Name        Object

    0x20000000   0x08003720   0x00000004   Data   RW         1238    .data.SystemCoreClock  system_stm32f0xx.o
    0x20000004   0x08003724   0x00000001   Data   RW          435    .data.uwTickFreq    stm32f0xx_hal.o
    0x20000005   0x08003725   0x00000003   PAD
    0x20000008   0x08003728   0x00000004   Data   RW          434    .data.uwTickPrio    stm32f0xx_hal.o
    0x2000000c   0x0800372c   0x00000004   PAD
    0x20000010        -       0x00000044   Zero   RW           91    .bss.hdma_usart3_rx  usart.o
    0x20000054        -       0x00000044   Zero   RW           92    .bss.hdma_usart3_tx  usart.o
    0x20000098        -       0x0000004c   Zero   RW           49    .bss.hi2c1          i2c.o
    0x200000e4        -       0x00000048   Zero   RW           70    .bss.htim1          tim.o
    0x2000012c        -       0x00000048   Zero   RW           71    .bss.htim2          tim.o
    0x20000174        -       0x00000048   Zero   RW           72    .bss.htim3          tim.o
    0x200001bc        -       0x00000084   Zero   RW           89    .bss.huart2         usart.o
    0x20000240        -       0x00000084   Zero   RW           90    .bss.huart3         usart.o
    0x200002c4        -       0x00000004   Zero   RW          436    .bss.uwTick         stm32f0xx_hal.o
    0x200002c8        -       0x00000400   Zero   RW            1    STACK               startup_stm32f091xc.o


==============================================================================

Image component sizes


      Code (inc. data)   RO Data    RW Data    ZI Data      Debug   Object Name

        64          0          0          0          0       1719   dma.o
       160          8          0          0          0       1740   gpio.o
       192         24          0          0         76       4765   i2c.o
       184          4          0          0          0       2173   main.o
        28          8        188          0       1024        616   startup_stm32f091xc.o
       132         20          0          5          4       5452   stm32f0xx_hal.o
       192         20         59          0          0       5993   stm32f0xx_hal_cortex.o
       640         84         56          0          0       8018   stm32f0xx_hal_dma.o
       672         60         57          0          0       5344   stm32f0xx_hal_gpio.o
       324         16         56          0          0      40839   stm32f0xx_hal_i2c.o
       220          8         59          0          0       5582   stm32f0xx_hal_i2c_ex.o
        44          4          0          0          0       1015   stm32f0xx_hal_msp.o
      1976        100         56          0          0       7922   stm32f0xx_hal_rcc.o
       448         20         59          0          0       6131   stm32f0xx_hal_rcc_ex.o
      4274        300         56          0          0      51088   stm32f0xx_hal_tim.o
       476         20         59          0          0      19087   stm32f0xx_hal_tim_ex.o
      1616        160         57          0          0      24935   stm32f0xx_hal_uart.o
        64         12          0          0          0       1032   stm32f0xx_it.o
         2          0         24          4          0       1689   system_stm32f0xx.o
       956         48          0          0        216       7912   tim.o
       428         44          0          0        400       5193   usart.o

    ----------------------------------------------------------------------
     13108        960        818         12       1724     208245   Object Totals
         0          0         32          0          0          0   (incl. Generated)
        16          0          0          3          4          0   (incl. Padding)

    ----------------------------------------------------------------------

      Code (inc. data)   RO Data    RW Data    ZI Data      Debug   Library Member Name

         0          0          0          0          0          0   entry.o
         0          0          0          0          0          0   entry10a.o
         0          0          0          0          0          0   entry11a.o
         8          4          0          0          0          0   entry2.o
         4          0          0          0          0          0   entry5.o
         0          0          0          0          0          0   entry7b.o
         0          0          0          0          0          0   entry8b.o
         8          4          0          0          0          0   entry9a.o
        30          0          0          0          0          0   handlers.o
        36          8          0          0          0         68   init.o
        36          0          0          0          0        100   memseta.o
        62          0          0          0          0         72   uidiv_div0.o

    ----------------------------------------------------------------------
       186         16          0          0          0        240   Library Totals
         2          0          0          0          0          0   (incl. Padding)

    ----------------------------------------------------------------------

      Code (inc. data)   RO Data    RW Data    ZI Data      Debug   Library Name

       184         16          0          0          0        240   mc_p.l

    ----------------------------------------------------------------------
       186         16          0          0          0        240   Library Totals

    ----------------------------------------------------------------------

==============================================================================


      Code (inc. data)   RO Data    RW Data    ZI Data      Debug   

     13294        976        818         12       1724     208333   Grand Totals
     13294        976        818         12       1724     208333   ELF Image Totals
     13294        976        818         12          0          0   ROM Totals

==============================================================================

    Total RO  Size (Code + RO Data)                14112 (  13.78kB)
    Total RW  Size (RW Data + ZI Data)              1736 (   1.70kB)
    Total ROM Size (Code + RO Data + RW Data)      14124 (  13.79kB)

==============================================================================

